CRITICAL - 2021-04-10 18:19:56 --> syntax error, unexpected ';', expecting ')'
#0 /home/wwwinte/public_html/screening/system/Router/Router.php(170): CodeIgniter\Router\Router->autoRoute('product/screeni...')
#1 /home/wwwinte/public_html/screening/system/CodeIgniter.php(816): CodeIgniter\Router\Router->handle('product/screeni...')
#2 /home/wwwinte/public_html/screening/system/CodeIgniter.php(385): CodeIgniter\CodeIgniter->tryToRouteIt(Object(CodeIgniter\Router\RouteCollection))
#3 /home/wwwinte/public_html/screening/system/CodeIgniter.php(333): CodeIgniter\CodeIgniter->handleRequest(NULL, Object(Config\Cache), false)
#4 /home/wwwinte/public_html/screening/public/index.php(44): CodeIgniter\CodeIgniter->run()
#5 {main}
CRITICAL - 2021-04-10 18:20:17 --> syntax error, unexpected ';', expecting ')'
#0 /home/wwwinte/public_html/screening/system/Router/Router.php(170): CodeIgniter\Router\Router->autoRoute('product/screeni...')
#1 /home/wwwinte/public_html/screening/system/CodeIgniter.php(816): CodeIgniter\Router\Router->handle('product/screeni...')
#2 /home/wwwinte/public_html/screening/system/CodeIgniter.php(385): CodeIgniter\CodeIgniter->tryToRouteIt(Object(CodeIgniter\Router\RouteCollection))
#3 /home/wwwinte/public_html/screening/system/CodeIgniter.php(333): CodeIgniter\CodeIgniter->handleRequest(NULL, Object(Config\Cache), false)
#4 /home/wwwinte/public_html/screening/public/index.php(44): CodeIgniter\CodeIgniter->run()
#5 {main}
CRITICAL - 2021-04-10 18:20:33 --> syntax error, unexpected 'return' (T_RETURN)
#0 /home/wwwinte/public_html/screening/system/Router/Router.php(170): CodeIgniter\Router\Router->autoRoute('product/screeni...')
#1 /home/wwwinte/public_html/screening/system/CodeIgniter.php(816): CodeIgniter\Router\Router->handle('product/screeni...')
#2 /home/wwwinte/public_html/screening/system/CodeIgniter.php(385): CodeIgniter\CodeIgniter->tryToRouteIt(Object(CodeIgniter\Router\RouteCollection))
#3 /home/wwwinte/public_html/screening/system/CodeIgniter.php(333): CodeIgniter\CodeIgniter->handleRequest(NULL, Object(Config\Cache), false)
#4 /home/wwwinte/public_html/screening/public/index.php(44): CodeIgniter\CodeIgniter->run()
#5 {main}
CRITICAL - 2021-04-10 18:26:13 --> Undefined variable: field
#0 /home/wwwinte/public_html/screening/app/Controllers/Product.php(251): CodeIgniter\Debug\Exceptions->errorHandler(8, 'Undefined varia...', '/home/wwwinte/p...', 251, Array)
#1 [internal function]: App\Controllers\Product->App\Controllers\{closure}('', '1013', Object(stdClass), Object(stdClass))
#2 /home/wwwinte/public_html/screening/app/Libraries/InterneticsLibrary.php(293): call_user_func(Object(Closure), '', '1013', Object(stdClass), Object(stdClass))
#3 /home/wwwinte/public_html/screening/app/Libraries/GroceryCrud.php(1832): App\Libraries\InterneticsLibrary->get_edit_input_fields(Object(stdClass))
#4 /home/wwwinte/public_html/screening/app/Libraries/GroceryCrud.php(4532): App\Libraries\grocery_CRUD_Layout->showEditForm(Object(stdClass))
#5 /home/wwwinte/public_html/screening/app/Controllers/Product.php(276): App\Libraries\GroceryCrud->render()
#6 /home/wwwinte/public_html/screening/system/CodeIgniter.php(936): App\Controllers\Product->screening_management('edit', '1013')
#7 /home/wwwinte/public_html/screening/system/CodeIgniter.php(432): CodeIgniter\CodeIgniter->runController(Object(App\Controllers\Product))
#8 /home/wwwinte/public_html/screening/system/CodeIgniter.php(333): CodeIgniter\CodeIgniter->handleRequest(NULL, Object(Config\Cache), false)
#9 /home/wwwinte/public_html/screening/public/index.php(44): CodeIgniter\CodeIgniter->run()
#10 {main}
CRITICAL - 2021-04-10 18:26:55 --> Object of class stdClass could not be converted to string
#0 [internal function]: CodeIgniter\Debug\Exceptions->errorHandler(4096, 'Object of class...', '/home/wwwinte/p...', 251, Array)
#1 /home/wwwinte/public_html/screening/app/Controllers/Product.php(251): str_replace('providing', 'whoopsie', Object(stdClass))
#2 [internal function]: App\Controllers\Product->App\Controllers\{closure}('', '1013', Object(stdClass), Object(stdClass))
#3 /home/wwwinte/public_html/screening/app/Libraries/InterneticsLibrary.php(293): call_user_func(Object(Closure), '', '1013', Object(stdClass), Object(stdClass))
#4 /home/wwwinte/public_html/screening/app/Libraries/GroceryCrud.php(1832): App\Libraries\InterneticsLibrary->get_edit_input_fields(Object(stdClass))
#5 /home/wwwinte/public_html/screening/app/Libraries/GroceryCrud.php(4532): App\Libraries\grocery_CRUD_Layout->showEditForm(Object(stdClass))
#6 /home/wwwinte/public_html/screening/app/Controllers/Product.php(276): App\Libraries\GroceryCrud->render()
#7 /home/wwwinte/public_html/screening/system/CodeIgniter.php(936): App\Controllers\Product->screening_management('edit', '1013')
#8 /home/wwwinte/public_html/screening/system/CodeIgniter.php(432): CodeIgniter\CodeIgniter->runController(Object(App\Controllers\Product))
#9 /home/wwwinte/public_html/screening/system/CodeIgniter.php(333): CodeIgniter\CodeIgniter->handleRequest(NULL, Object(Config\Cache), false)
#10 /home/wwwinte/public_html/screening/public/index.php(44): CodeIgniter\CodeIgniter->run()
#11 {main}
CRITICAL - 2021-04-10 18:52:12 --> Array to string conversion
#0 /home/wwwinte/public_html/screening/app/Controllers/Product.php(251): CodeIgniter\Debug\Exceptions->errorHandler(8, 'Array to string...', '/home/wwwinte/p...', 251, Array)
#1 [internal function]: App\Controllers\Product->App\Controllers\{closure}(Array, '1012', Object(stdClass), Object(stdClass))
#2 /home/wwwinte/public_html/screening/app/Libraries/InterneticsLibrary.php(293): call_user_func(Object(Closure), Array, '1012', Object(stdClass), Object(stdClass))
#3 /home/wwwinte/public_html/screening/app/Libraries/GroceryCrud.php(1832): App\Libraries\InterneticsLibrary->get_edit_input_fields(Object(stdClass))
#4 /home/wwwinte/public_html/screening/app/Libraries/GroceryCrud.php(4532): App\Libraries\grocery_CRUD_Layout->showEditForm(Object(stdClass))
#5 /home/wwwinte/public_html/screening/app/Controllers/Product.php(272): App\Libraries\GroceryCrud->render()
#6 /home/wwwinte/public_html/screening/system/CodeIgniter.php(936): App\Controllers\Product->screening_management('edit', '1012')
#7 /home/wwwinte/public_html/screening/system/CodeIgniter.php(432): CodeIgniter\CodeIgniter->runController(Object(App\Controllers\Product))
#8 /home/wwwinte/public_html/screening/system/CodeIgniter.php(333): CodeIgniter\CodeIgniter->handleRequest(NULL, Object(Config\Cache), false)
#9 /home/wwwinte/public_html/screening/public/index.php(44): CodeIgniter\CodeIgniter->run()
#10 {main}
CRITICAL - 2021-04-10 18:55:49 --> Array to string conversion
#0 /home/wwwinte/public_html/screening/app/Controllers/Product.php(253): CodeIgniter\Debug\Exceptions->errorHandler(8, 'Array to string...', '/home/wwwinte/p...', 253, Array)
#1 [internal function]: App\Controllers\Product->App\Controllers\{closure}(Array, '1012', Object(stdClass), Object(stdClass))
#2 /home/wwwinte/public_html/screening/app/Libraries/InterneticsLibrary.php(293): call_user_func(Object(Closure), Array, '1012', Object(stdClass), Object(stdClass))
#3 /home/wwwinte/public_html/screening/app/Libraries/GroceryCrud.php(1832): App\Libraries\InterneticsLibrary->get_edit_input_fields(Object(stdClass))
#4 /home/wwwinte/public_html/screening/app/Libraries/GroceryCrud.php(4532): App\Libraries\grocery_CRUD_Layout->showEditForm(Object(stdClass))
#5 /home/wwwinte/public_html/screening/app/Controllers/Product.php(274): App\Libraries\GroceryCrud->render()
#6 /home/wwwinte/public_html/screening/system/CodeIgniter.php(936): App\Controllers\Product->screening_management('edit', '1012')
#7 /home/wwwinte/public_html/screening/system/CodeIgniter.php(432): CodeIgniter\CodeIgniter->runController(Object(App\Controllers\Product))
#8 /home/wwwinte/public_html/screening/system/CodeIgniter.php(333): CodeIgniter\CodeIgniter->handleRequest(NULL, Object(Config\Cache), false)
#9 /home/wwwinte/public_html/screening/public/index.php(44): CodeIgniter\CodeIgniter->run()
#10 {main}
CRITICAL - 2021-04-10 18:57:01 --> syntax error, unexpected ';', expecting ')'
#0 /home/wwwinte/public_html/screening/system/Router/Router.php(170): CodeIgniter\Router\Router->autoRoute('product/screeni...')
#1 /home/wwwinte/public_html/screening/system/CodeIgniter.php(816): CodeIgniter\Router\Router->handle('product/screeni...')
#2 /home/wwwinte/public_html/screening/system/CodeIgniter.php(385): CodeIgniter\CodeIgniter->tryToRouteIt(Object(CodeIgniter\Router\RouteCollection))
#3 /home/wwwinte/public_html/screening/system/CodeIgniter.php(333): CodeIgniter\CodeIgniter->handleRequest(NULL, Object(Config\Cache), false)
#4 /home/wwwinte/public_html/screening/public/index.php(44): CodeIgniter\CodeIgniter->run()
#5 {main}
CRITICAL - 2021-04-10 18:57:21 --> Array to string conversion
#0 /home/wwwinte/public_html/screening/app/Controllers/Product.php(253): CodeIgniter\Debug\Exceptions->errorHandler(8, 'Array to string...', '/home/wwwinte/p...', 253, Array)
#1 [internal function]: App\Controllers\Product->App\Controllers\{closure}(Array, '1012', Object(stdClass), Object(stdClass))
#2 /home/wwwinte/public_html/screening/app/Libraries/InterneticsLibrary.php(293): call_user_func(Object(Closure), Array, '1012', Object(stdClass), Object(stdClass))
#3 /home/wwwinte/public_html/screening/app/Libraries/GroceryCrud.php(1832): App\Libraries\InterneticsLibrary->get_edit_input_fields(Object(stdClass))
#4 /home/wwwinte/public_html/screening/app/Libraries/GroceryCrud.php(4532): App\Libraries\grocery_CRUD_Layout->showEditForm(Object(stdClass))
#5 /home/wwwinte/public_html/screening/app/Controllers/Product.php(274): App\Libraries\GroceryCrud->render()
#6 /home/wwwinte/public_html/screening/system/CodeIgniter.php(936): App\Controllers\Product->screening_management('edit', '1012')
#7 /home/wwwinte/public_html/screening/system/CodeIgniter.php(432): CodeIgniter\CodeIgniter->runController(Object(App\Controllers\Product))
#8 /home/wwwinte/public_html/screening/system/CodeIgniter.php(333): CodeIgniter\CodeIgniter->handleRequest(NULL, Object(Config\Cache), false)
#9 /home/wwwinte/public_html/screening/public/index.php(44): CodeIgniter\CodeIgniter->run()
#10 {main}
CRITICAL - 2021-04-10 18:58:04 --> Array to string conversion
#0 /home/wwwinte/public_html/screening/app/Controllers/Product.php(251): CodeIgniter\Debug\Exceptions->errorHandler(8, 'Array to string...', '/home/wwwinte/p...', 251, Array)
#1 [internal function]: App\Controllers\Product->App\Controllers\{closure}(Array, '1012', Object(stdClass), Object(stdClass))
#2 /home/wwwinte/public_html/screening/app/Libraries/InterneticsLibrary.php(293): call_user_func(Object(Closure), Array, '1012', Object(stdClass), Object(stdClass))
#3 /home/wwwinte/public_html/screening/app/Libraries/GroceryCrud.php(1832): App\Libraries\InterneticsLibrary->get_edit_input_fields(Object(stdClass))
#4 /home/wwwinte/public_html/screening/app/Libraries/GroceryCrud.php(4532): App\Libraries\grocery_CRUD_Layout->showEditForm(Object(stdClass))
#5 /home/wwwinte/public_html/screening/app/Controllers/Product.php(272): App\Libraries\GroceryCrud->render()
#6 /home/wwwinte/public_html/screening/system/CodeIgniter.php(936): App\Controllers\Product->screening_management('edit', '1012')
#7 /home/wwwinte/public_html/screening/system/CodeIgniter.php(432): CodeIgniter\CodeIgniter->runController(Object(App\Controllers\Product))
#8 /home/wwwinte/public_html/screening/system/CodeIgniter.php(333): CodeIgniter\CodeIgniter->handleRequest(NULL, Object(Config\Cache), false)
#9 /home/wwwinte/public_html/screening/public/index.php(44): CodeIgniter\CodeIgniter->run()
#10 {main}
CRITICAL - 2021-04-10 18:58:22 --> Array to string conversion
#0 /home/wwwinte/public_html/screening/public/assets/grocery_crud/themes/internetics/views/edit.php(95): CodeIgniter\Debug\Exceptions->errorHandler(8, 'Array to string...', '/home/wwwinte/p...', 95, Array)
#1 /home/wwwinte/public_html/screening/app/Libraries/GroceryCrud.php(2801): include('/home/wwwinte/p...')
#2 /home/wwwinte/public_html/screening/app/Libraries/GroceryCrud.php(1850): App\Libraries\grocery_CRUD_Layout->_theme_view('edit.php', Array)
#3 /home/wwwinte/public_html/screening/app/Libraries/GroceryCrud.php(4532): App\Libraries\grocery_CRUD_Layout->showEditForm(Object(stdClass))
#4 /home/wwwinte/public_html/screening/app/Controllers/Product.php(271): App\Libraries\GroceryCrud->render()
#5 /home/wwwinte/public_html/screening/system/CodeIgniter.php(936): App\Controllers\Product->screening_management('edit', '1012')
#6 /home/wwwinte/public_html/screening/system/CodeIgniter.php(432): CodeIgniter\CodeIgniter->runController(Object(App\Controllers\Product))
#7 /home/wwwinte/public_html/screening/system/CodeIgniter.php(333): CodeIgniter\CodeIgniter->handleRequest(NULL, Object(Config\Cache), false)
#8 /home/wwwinte/public_html/screening/public/index.php(44): CodeIgniter\CodeIgniter->run()
#9 {main}
CRITICAL - 2021-04-10 19:07:41 --> Undefined variable: css_files
#0 /home/wwwinte/public_html/screening/app/Views/product_view.php(7): CodeIgniter\Debug\Exceptions->errorHandler(8, 'Undefined varia...', '/home/wwwinte/p...', 7, Array)
#1 /home/wwwinte/public_html/screening/system/View/View.php(220): include('/home/wwwinte/p...')
#2 /home/wwwinte/public_html/screening/system/View/View.php(222): CodeIgniter\View\View->CodeIgniter\View\{closure}()
#3 /home/wwwinte/public_html/screening/system/Common.php(1217): CodeIgniter\View\View->render('product_view', Array, true)
#4 /home/wwwinte/public_html/screening/app/Controllers/Home.php(9): view('product_view')
#5 /home/wwwinte/public_html/screening/system/CodeIgniter.php(936): App\Controllers\Home->index()
#6 /home/wwwinte/public_html/screening/system/CodeIgniter.php(432): CodeIgniter\CodeIgniter->runController(Object(App\Controllers\Home))
#7 /home/wwwinte/public_html/screening/system/CodeIgniter.php(333): CodeIgniter\CodeIgniter->handleRequest(NULL, Object(Config\Cache), false)
#8 /home/wwwinte/public_html/screening/public/index.php(44): CodeIgniter\CodeIgniter->run()
#9 {main}
CRITICAL - 2021-04-10 19:08:47 --> Undefined variable: css_files
#0 /home/wwwinte/public_html/screening/app/Views/product_view.php(7): CodeIgniter\Debug\Exceptions->errorHandler(8, 'Undefined varia...', '/home/wwwinte/p...', 7, Array)
#1 /home/wwwinte/public_html/screening/system/View/View.php(220): include('/home/wwwinte/p...')
#2 /home/wwwinte/public_html/screening/system/View/View.php(222): CodeIgniter\View\View->CodeIgniter\View\{closure}()
#3 /home/wwwinte/public_html/screening/system/Common.php(1217): CodeIgniter\View\View->render('product_view', Array, true)
#4 /home/wwwinte/public_html/screening/app/Controllers/Home.php(9): view('product_view')
#5 /home/wwwinte/public_html/screening/system/CodeIgniter.php(936): App\Controllers\Home->index()
#6 /home/wwwinte/public_html/screening/system/CodeIgniter.php(432): CodeIgniter\CodeIgniter->runController(Object(App\Controllers\Home))
#7 /home/wwwinte/public_html/screening/system/CodeIgniter.php(333): CodeIgniter\CodeIgniter->handleRequest(NULL, Object(Config\Cache), false)
#8 /home/wwwinte/public_html/screening/public/index.php(44): CodeIgniter\CodeIgniter->run()
#9 {main}
CRITICAL - 2021-04-10 19:26:31 --> Undefined variable: crud
#0 /home/wwwinte/public_html/screening/app/Controllers/Product.php(248): CodeIgniter\Debug\Exceptions->errorHandler(8, 'Undefined varia...', '/home/wwwinte/p...', 248, Array)
#1 [internal function]: App\Controllers\Product->App\Controllers\{closure}('1,2', '1012', Object(stdClass), Object(stdClass))
#2 /home/wwwinte/public_html/screening/app/Libraries/InterneticsLibrary.php(293): call_user_func(Object(Closure), '1,2', '1012', Object(stdClass), Object(stdClass))
#3 /home/wwwinte/public_html/screening/app/Libraries/GroceryCrud.php(1832): App\Libraries\InterneticsLibrary->get_edit_input_fields(Object(stdClass))
#4 /home/wwwinte/public_html/screening/app/Libraries/GroceryCrud.php(4532): App\Libraries\grocery_CRUD_Layout->showEditForm(Object(stdClass))
#5 /home/wwwinte/public_html/screening/app/Controllers/Product.php(268): App\Libraries\GroceryCrud->render()
#6 /home/wwwinte/public_html/screening/system/CodeIgniter.php(936): App\Controllers\Product->screening_management('edit', '1012')
#7 /home/wwwinte/public_html/screening/system/CodeIgniter.php(432): CodeIgniter\CodeIgniter->runController(Object(App\Controllers\Product))
#8 /home/wwwinte/public_html/screening/system/CodeIgniter.php(333): CodeIgniter\CodeIgniter->handleRequest(NULL, Object(Config\Cache), false)
#9 /home/wwwinte/public_html/screening/public/index.php(44): CodeIgniter\CodeIgniter->run()
#10 {main}
CRITICAL - 2021-04-10 19:26:56 --> Undefined variable: output
#0 /home/wwwinte/public_html/screening/app/Controllers/Product.php(250): CodeIgniter\Debug\Exceptions->errorHandler(8, 'Undefined varia...', '/home/wwwinte/p...', 250, Array)
#1 [internal function]: App\Controllers\Product->App\Controllers\{closure}('1,2', '1012', Object(stdClass), Object(stdClass))
#2 /home/wwwinte/public_html/screening/app/Libraries/InterneticsLibrary.php(293): call_user_func(Object(Closure), '1,2', '1012', Object(stdClass), Object(stdClass))
#3 /home/wwwinte/public_html/screening/app/Libraries/GroceryCrud.php(1832): App\Libraries\InterneticsLibrary->get_edit_input_fields(Object(stdClass))
#4 /home/wwwinte/public_html/screening/app/Libraries/GroceryCrud.php(4532): App\Libraries\grocery_CRUD_Layout->showEditForm(Object(stdClass))
#5 /home/wwwinte/public_html/screening/app/Controllers/Product.php(268): App\Libraries\GroceryCrud->render()
#6 /home/wwwinte/public_html/screening/system/CodeIgniter.php(936): App\Controllers\Product->screening_management('edit', '1012')
#7 /home/wwwinte/public_html/screening/system/CodeIgniter.php(432): CodeIgniter\CodeIgniter->runController(Object(App\Controllers\Product))
#8 /home/wwwinte/public_html/screening/system/CodeIgniter.php(333): CodeIgniter\CodeIgniter->handleRequest(NULL, Object(Config\Cache), false)
#9 /home/wwwinte/public_html/screening/public/index.php(44): CodeIgniter\CodeIgniter->run()
#10 {main}
CRITICAL - 2021-04-10 19:27:26 --> Constant expression contains invalid operations
#0 [internal function]: CodeIgniter\Debug\Exceptions->shutdownHandler()
#1 {main}
CRITICAL - 2021-04-10 19:27:44 --> syntax error, unexpected ';'
#0 /home/wwwinte/public_html/screening/system/Router/Router.php(170): CodeIgniter\Router\Router->autoRoute('product/screeni...')
#1 /home/wwwinte/public_html/screening/system/CodeIgniter.php(816): CodeIgniter\Router\Router->handle('product/screeni...')
#2 /home/wwwinte/public_html/screening/system/CodeIgniter.php(385): CodeIgniter\CodeIgniter->tryToRouteIt(Object(CodeIgniter\Router\RouteCollection))
#3 /home/wwwinte/public_html/screening/system/CodeIgniter.php(333): CodeIgniter\CodeIgniter->handleRequest(NULL, Object(Config\Cache), false)
#4 /home/wwwinte/public_html/screening/public/index.php(44): CodeIgniter\CodeIgniter->run()
#5 {main}
CRITICAL - 2021-04-10 19:28:00 --> Constant expression contains invalid operations
#0 [internal function]: CodeIgniter\Debug\Exceptions->shutdownHandler()
#1 {main}
CRITICAL - 2021-04-10 19:28:19 --> syntax error, unexpected '->' (T_OBJECT_OPERATOR), expecting ')'
#0 /home/wwwinte/public_html/screening/system/Router/Router.php(170): CodeIgniter\Router\Router->autoRoute('product/screeni...')
#1 /home/wwwinte/public_html/screening/system/CodeIgniter.php(816): CodeIgniter\Router\Router->handle('product/screeni...')
#2 /home/wwwinte/public_html/screening/system/CodeIgniter.php(385): CodeIgniter\CodeIgniter->tryToRouteIt(Object(CodeIgniter\Router\RouteCollection))
#3 /home/wwwinte/public_html/screening/system/CodeIgniter.php(333): CodeIgniter\CodeIgniter->handleRequest(NULL, Object(Config\Cache), false)
#4 /home/wwwinte/public_html/screening/public/index.php(44): CodeIgniter\CodeIgniter->run()
#5 {main}
CRITICAL - 2021-04-10 19:31:24 --> syntax error, unexpected 'elseif' (T_ELSEIF)
#0 /home/wwwinte/public_html/screening/system/Router/Router.php(170): CodeIgniter\Router\Router->autoRoute('product/custome...')
#1 /home/wwwinte/public_html/screening/system/CodeIgniter.php(816): CodeIgniter\Router\Router->handle('product/custome...')
#2 /home/wwwinte/public_html/screening/system/CodeIgniter.php(385): CodeIgniter\CodeIgniter->tryToRouteIt(Object(CodeIgniter\Router\RouteCollection))
#3 /home/wwwinte/public_html/screening/system/CodeIgniter.php(333): CodeIgniter\CodeIgniter->handleRequest(NULL, Object(Config\Cache), false)
#4 /home/wwwinte/public_html/screening/public/index.php(44): CodeIgniter\CodeIgniter->run()
#5 {main}
CRITICAL - 2021-04-10 19:50:52 --> syntax error, unexpected 'checked' (T_STRING)
#0 /home/wwwinte/public_html/screening/system/Router/Router.php(170): CodeIgniter\Router\Router->autoRoute('product/screeni...')
#1 /home/wwwinte/public_html/screening/system/CodeIgniter.php(816): CodeIgniter\Router\Router->handle('product/screeni...')
#2 /home/wwwinte/public_html/screening/system/CodeIgniter.php(385): CodeIgniter\CodeIgniter->tryToRouteIt(Object(CodeIgniter\Router\RouteCollection))
#3 /home/wwwinte/public_html/screening/system/CodeIgniter.php(333): CodeIgniter\CodeIgniter->handleRequest(NULL, Object(Config\Cache), false)
#4 /home/wwwinte/public_html/screening/public/index.php(44): CodeIgniter\CodeIgniter->run()
#5 {main}
CRITICAL - 2021-04-10 19:51:48 --> syntax error, unexpected 'checked' (T_STRING)
#0 /home/wwwinte/public_html/screening/system/Router/Router.php(170): CodeIgniter\Router\Router->autoRoute('product/screeni...')
#1 /home/wwwinte/public_html/screening/system/CodeIgniter.php(816): CodeIgniter\Router\Router->handle('product/screeni...')
#2 /home/wwwinte/public_html/screening/system/CodeIgniter.php(385): CodeIgniter\CodeIgniter->tryToRouteIt(Object(CodeIgniter\Router\RouteCollection))
#3 /home/wwwinte/public_html/screening/system/CodeIgniter.php(333): CodeIgniter\CodeIgniter->handleRequest(NULL, Object(Config\Cache), false)
#4 /home/wwwinte/public_html/screening/public/index.php(44): CodeIgniter\CodeIgniter->run()
#5 {main}
CRITICAL - 2021-04-10 20:19:07 --> syntax error, unexpected '$post_data' (T_VARIABLE), expecting ']'
#0 /home/wwwinte/public_html/screening/system/Autoloader/Autoloader.php(265): CodeIgniter\Autoloader\Autoloader->includeFile('/home/wwwinte/p...')
#1 /home/wwwinte/public_html/screening/system/Autoloader/Autoloader.php(228): CodeIgniter\Autoloader\Autoloader->loadInNamespace('App\\Libraries\\G...')
#2 [internal function]: CodeIgniter\Autoloader\Autoloader->loadClass('App\\Libraries\\G...')
#3 /home/wwwinte/public_html/screening/app/Libraries/InterneticsLibrary.php(4): spl_autoload_call('App\\Libraries\\G...')
#4 /home/wwwinte/public_html/screening/system/Autoloader/Autoloader.php(294): include_once('/home/wwwinte/p...')
#5 /home/wwwinte/public_html/screening/system/Autoloader/Autoloader.php(265): CodeIgniter\Autoloader\Autoloader->includeFile('/home/wwwinte/p...')
#6 /home/wwwinte/public_html/screening/system/Autoloader/Autoloader.php(228): CodeIgniter\Autoloader\Autoloader->loadInNamespace('App\\Libraries\\I...')
#7 [internal function]: CodeIgniter\Autoloader\Autoloader->loadClass('App\\Libraries\\I...')
#8 /home/wwwinte/public_html/screening/app/Controllers/Product.php(161): spl_autoload_call('App\\Libraries\\I...')
#9 /home/wwwinte/public_html/screening/system/CodeIgniter.php(936): App\Controllers\Product->screening_management('edit', '1012')
#10 /home/wwwinte/public_html/screening/system/CodeIgniter.php(432): CodeIgniter\CodeIgniter->runController(Object(App\Controllers\Product))
#11 /home/wwwinte/public_html/screening/system/CodeIgniter.php(333): CodeIgniter\CodeIgniter->handleRequest(NULL, Object(Config\Cache), false)
#12 /home/wwwinte/public_html/screening/public/index.php(44): CodeIgniter\CodeIgniter->run()
#13 {main}
CRITICAL - 2021-04-10 22:32:44 --> Undefined variable: css_files
#0 /home/wwwinte/public_html/screening/app/Views/product_view.php(7): CodeIgniter\Debug\Exceptions->errorHandler(8, 'Undefined varia...', '/home/wwwinte/p...', 7, Array)
#1 /home/wwwinte/public_html/screening/system/View/View.php(220): include('/home/wwwinte/p...')
#2 /home/wwwinte/public_html/screening/system/View/View.php(222): CodeIgniter\View\View->CodeIgniter\View\{closure}()
#3 /home/wwwinte/public_html/screening/system/Common.php(1217): CodeIgniter\View\View->render('product_view', Array, true)
#4 /home/wwwinte/public_html/screening/app/Controllers/Home.php(9): view('product_view')
#5 /home/wwwinte/public_html/screening/system/CodeIgniter.php(936): App\Controllers\Home->index()
#6 /home/wwwinte/public_html/screening/system/CodeIgniter.php(432): CodeIgniter\CodeIgniter->runController(Object(App\Controllers\Home))
#7 /home/wwwinte/public_html/screening/system/CodeIgniter.php(333): CodeIgniter\CodeIgniter->handleRequest(NULL, Object(Config\Cache), false)
#8 /home/wwwinte/public_html/screening/public/index.php(44): CodeIgniter\CodeIgniter->run()
#9 {main}
CRITICAL - 2021-04-10 22:33:04 --> Creating default object from empty value
#0 /home/wwwinte/public_html/screening/app/Libraries/GroceryCrud.php(1397): CodeIgniter\Debug\Exceptions->errorHandler(2, 'Creating defaul...', '/home/wwwinte/p...', 1397, Array)
#1 /home/wwwinte/public_html/screening/app/Libraries/GroceryCrud.php(1825): App\Libraries\grocery_CRUD_Model_Driver->get_edit_values('print_me%28%29;')
#2 /home/wwwinte/public_html/screening/app/Libraries/GroceryCrud.php(4532): App\Libraries\grocery_CRUD_Layout->showEditForm(Object(stdClass))
#3 /home/wwwinte/public_html/screening/app/Controllers/Product.php(260): App\Libraries\GroceryCrud->render()
#4 /home/wwwinte/public_html/screening/system/CodeIgniter.php(936): App\Controllers\Product->screening_management('edit', 'print_me();')
#5 /home/wwwinte/public_html/screening/system/CodeIgniter.php(432): CodeIgniter\CodeIgniter->runController(Object(App\Controllers\Product))
#6 /home/wwwinte/public_html/screening/system/CodeIgniter.php(333): CodeIgniter\CodeIgniter->handleRequest(NULL, Object(Config\Cache), false)
#7 /home/wwwinte/public_html/screening/public/index.php(44): CodeIgniter\CodeIgniter->run()
#8 {main}
CRITICAL - 2021-04-10 22:35:10 --> Creating default object from empty value
#0 /home/wwwinte/public_html/screening/app/Libraries/GroceryCrud.php(1397): CodeIgniter\Debug\Exceptions->errorHandler(2, 'Creating defaul...', '/home/wwwinte/p...', 1397, Array)
#1 /home/wwwinte/public_html/screening/app/Libraries/GroceryCrud.php(1825): App\Libraries\grocery_CRUD_Model_Driver->get_edit_values('print_me%28%29;')
#2 /home/wwwinte/public_html/screening/app/Libraries/GroceryCrud.php(4532): App\Libraries\grocery_CRUD_Layout->showEditForm(Object(stdClass))
#3 /home/wwwinte/public_html/screening/app/Controllers/Product.php(260): App\Libraries\GroceryCrud->render()
#4 /home/wwwinte/public_html/screening/system/CodeIgniter.php(936): App\Controllers\Product->screening_management('edit', 'print_me();')
#5 /home/wwwinte/public_html/screening/system/CodeIgniter.php(432): CodeIgniter\CodeIgniter->runController(Object(App\Controllers\Product))
#6 /home/wwwinte/public_html/screening/system/CodeIgniter.php(333): CodeIgniter\CodeIgniter->handleRequest(NULL, Object(Config\Cache), false)
#7 /home/wwwinte/public_html/screening/public/index.php(44): CodeIgniter\CodeIgniter->run()
#8 {main}
CRITICAL - 2021-04-10 22:35:10 --> Creating default object from empty value
#0 /home/wwwinte/public_html/screening/app/Libraries/GroceryCrud.php(1397): CodeIgniter\Debug\Exceptions->errorHandler(2, 'Creating defaul...', '/home/wwwinte/p...', 1397, Array)
#1 /home/wwwinte/public_html/screening/app/Libraries/GroceryCrud.php(1825): App\Libraries\grocery_CRUD_Model_Driver->get_edit_values('print_me%28%29;')
#2 /home/wwwinte/public_html/screening/app/Libraries/GroceryCrud.php(4532): App\Libraries\grocery_CRUD_Layout->showEditForm(Object(stdClass))
#3 /home/wwwinte/public_html/screening/app/Controllers/Product.php(260): App\Libraries\GroceryCrud->render()
#4 /home/wwwinte/public_html/screening/system/CodeIgniter.php(936): App\Controllers\Product->screening_management('edit', 'print_me();')
#5 /home/wwwinte/public_html/screening/system/CodeIgniter.php(432): CodeIgniter\CodeIgniter->runController(Object(App\Controllers\Product))
#6 /home/wwwinte/public_html/screening/system/CodeIgniter.php(333): CodeIgniter\CodeIgniter->handleRequest(NULL, Object(Config\Cache), false)
#7 /home/wwwinte/public_html/screening/public/index.php(44): CodeIgniter\CodeIgniter->run()
#8 {main}
CRITICAL - 2021-04-10 22:38:05 --> Creating default object from empty value
#0 /home/wwwinte/public_html/screening/app/Libraries/GroceryCrud.php(1397): CodeIgniter\Debug\Exceptions->errorHandler(2, 'Creating defaul...', '/home/wwwinte/p...', 1397, Array)
#1 /home/wwwinte/public_html/screening/app/Libraries/GroceryCrud.php(1825): App\Libraries\grocery_CRUD_Model_Driver->get_edit_values('print_me%28%29;')
#2 /home/wwwinte/public_html/screening/app/Libraries/GroceryCrud.php(4532): App\Libraries\grocery_CRUD_Layout->showEditForm(Object(stdClass))
#3 /home/wwwinte/public_html/screening/app/Controllers/Product.php(260): App\Libraries\GroceryCrud->render()
#4 /home/wwwinte/public_html/screening/system/CodeIgniter.php(936): App\Controllers\Product->screening_management('edit', 'print_me();')
#5 /home/wwwinte/public_html/screening/system/CodeIgniter.php(432): CodeIgniter\CodeIgniter->runController(Object(App\Controllers\Product))
#6 /home/wwwinte/public_html/screening/system/CodeIgniter.php(333): CodeIgniter\CodeIgniter->handleRequest(NULL, Object(Config\Cache), false)
#7 /home/wwwinte/public_html/screening/public/index.php(44): CodeIgniter\CodeIgniter->run()
#8 {main}
