CRITICAL - 2021-04-22 02:25:21 --> Argument 2 passed to App\Libraries\GroceryCrud::callbackEditField() must be callable, array given, called in /home/interne1/public_html/mymisdiagnosis/app/Controllers/Product.php on line 243
#0 /home/interne1/public_html/mymisdiagnosis/app/Controllers/Product.php(243): App\Libraries\GroceryCrud->callbackEditField('question_image_...', Array)
#1 /home/interne1/public_html/mymisdiagnosis/system/CodeIgniter.php(936): App\Controllers\Product->cards('edit', '5')
#2 /home/interne1/public_html/mymisdiagnosis/system/CodeIgniter.php(432): CodeIgniter\CodeIgniter->runController(Object(App\Controllers\Product))
#3 /home/interne1/public_html/mymisdiagnosis/system/CodeIgniter.php(333): CodeIgniter\CodeIgniter->handleRequest(NULL, Object(Config\Cache), false)
#4 /home/interne1/public_html/mymisdiagnosis/public/index.php(44): CodeIgniter\CodeIgniter->run()
#5 {main}
CRITICAL - 2021-04-22 03:23:42 --> syntax error, unexpected '" . ' width="' (T_CONSTANT_ENCAPSED_STRING)
#0 /home/interne1/public_html/mymisdiagnosis/system/Router/Router.php(170): CodeIgniter\Router\Router->autoRoute('product/cards/e...')
#1 /home/interne1/public_html/mymisdiagnosis/system/CodeIgniter.php(816): CodeIgniter\Router\Router->handle('product/cards/e...')
#2 /home/interne1/public_html/mymisdiagnosis/system/CodeIgniter.php(385): CodeIgniter\CodeIgniter->tryToRouteIt(Object(CodeIgniter\Router\RouteCollection))
#3 /home/interne1/public_html/mymisdiagnosis/system/CodeIgniter.php(333): CodeIgniter\CodeIgniter->handleRequest(NULL, Object(Config\Cache), false)
#4 /home/interne1/public_html/mymisdiagnosis/public/index.php(44): CodeIgniter\CodeIgniter->run()
#5 {main}
CRITICAL - 2021-04-22 03:24:07 --> syntax error, unexpected '" . '"' (T_CONSTANT_ENCAPSED_STRING)
#0 /home/interne1/public_html/mymisdiagnosis/system/Router/Router.php(170): CodeIgniter\Router\Router->autoRoute('product/cards/e...')
#1 /home/interne1/public_html/mymisdiagnosis/system/CodeIgniter.php(816): CodeIgniter\Router\Router->handle('product/cards/e...')
#2 /home/interne1/public_html/mymisdiagnosis/system/CodeIgniter.php(385): CodeIgniter\CodeIgniter->tryToRouteIt(Object(CodeIgniter\Router\RouteCollection))
#3 /home/interne1/public_html/mymisdiagnosis/system/CodeIgniter.php(333): CodeIgniter\CodeIgniter->handleRequest(NULL, Object(Config\Cache), false)
#4 /home/interne1/public_html/mymisdiagnosis/public/index.php(44): CodeIgniter\CodeIgniter->run()
#5 {main}
CRITICAL - 2021-04-22 03:32:43 --> Argument 2 passed to App\Libraries\GroceryCrud::callbackEditField() must be callable, array given, called in /home/interne1/public_html/mymisdiagnosis/app/Controllers/Product.php on line 244
#0 /home/interne1/public_html/mymisdiagnosis/app/Controllers/Product.php(244): App\Libraries\GroceryCrud->callbackEditField('question_image_...', Array)
#1 /home/interne1/public_html/mymisdiagnosis/system/CodeIgniter.php(936): App\Controllers\Product->cards('edit', '5')
#2 /home/interne1/public_html/mymisdiagnosis/system/CodeIgniter.php(432): CodeIgniter\CodeIgniter->runController(Object(App\Controllers\Product))
#3 /home/interne1/public_html/mymisdiagnosis/system/CodeIgniter.php(333): CodeIgniter\CodeIgniter->handleRequest(NULL, Object(Config\Cache), false)
#4 /home/interne1/public_html/mymisdiagnosis/public/index.php(44): CodeIgniter\CodeIgniter->run()
#5 {main}
CRITICAL - 2021-04-22 08:02:04 --> syntax error, unexpected 'id' (T_STRING)
#0 /home/interne1/public_html/mymisdiagnosis/system/Router/Router.php(170): CodeIgniter\Router\Router->autoRoute('product/cards/e...')
#1 /home/interne1/public_html/mymisdiagnosis/system/CodeIgniter.php(816): CodeIgniter\Router\Router->handle('product/cards/e...')
#2 /home/interne1/public_html/mymisdiagnosis/system/CodeIgniter.php(385): CodeIgniter\CodeIgniter->tryToRouteIt(Object(CodeIgniter\Router\RouteCollection))
#3 /home/interne1/public_html/mymisdiagnosis/system/CodeIgniter.php(333): CodeIgniter\CodeIgniter->handleRequest(NULL, Object(Config\Cache), false)
#4 /home/interne1/public_html/mymisdiagnosis/public/index.php(44): CodeIgniter\CodeIgniter->run()
#5 {main}
CRITICAL - 2021-04-22 08:02:52 --> syntax error, unexpected ')'
#0 /home/interne1/public_html/mymisdiagnosis/system/Router/Router.php(170): CodeIgniter\Router\Router->autoRoute('product/cards/e...')
#1 /home/interne1/public_html/mymisdiagnosis/system/CodeIgniter.php(816): CodeIgniter\Router\Router->handle('product/cards/e...')
#2 /home/interne1/public_html/mymisdiagnosis/system/CodeIgniter.php(385): CodeIgniter\CodeIgniter->tryToRouteIt(Object(CodeIgniter\Router\RouteCollection))
#3 /home/interne1/public_html/mymisdiagnosis/system/CodeIgniter.php(333): CodeIgniter\CodeIgniter->handleRequest(NULL, Object(Config\Cache), false)
#4 /home/interne1/public_html/mymisdiagnosis/public/index.php(44): CodeIgniter\CodeIgniter->run()
#5 {main}
CRITICAL - 2021-04-22 16:55:20 --> syntax error, unexpected 'public' (T_PUBLIC)
#0 /home/interne1/public_html/mymisdiagnosis/system/Router/Router.php(170): CodeIgniter\Router\Router->autoRoute('product/cards/e...')
#1 /home/interne1/public_html/mymisdiagnosis/system/CodeIgniter.php(816): CodeIgniter\Router\Router->handle('product/cards/e...')
#2 /home/interne1/public_html/mymisdiagnosis/system/CodeIgniter.php(385): CodeIgniter\CodeIgniter->tryToRouteIt(Object(CodeIgniter\Router\RouteCollection))
#3 /home/interne1/public_html/mymisdiagnosis/system/CodeIgniter.php(333): CodeIgniter\CodeIgniter->handleRequest(NULL, Object(Config\Cache), false)
#4 /home/interne1/public_html/mymisdiagnosis/public/index.php(44): CodeIgniter\CodeIgniter->run()
#5 {main}
CRITICAL - 2021-04-22 23:16:59 --> syntax error, unexpected 'class' (T_CLASS), expecting ')'
#0 /home/interne1/public_html/mymisdiagnosis/system/Router/Router.php(170): CodeIgniter\Router\Router->autoRoute('product/cards/e...')
#1 /home/interne1/public_html/mymisdiagnosis/system/CodeIgniter.php(816): CodeIgniter\Router\Router->handle('product/cards/e...')
#2 /home/interne1/public_html/mymisdiagnosis/system/CodeIgniter.php(385): CodeIgniter\CodeIgniter->tryToRouteIt(Object(CodeIgniter\Router\RouteCollection))
#3 /home/interne1/public_html/mymisdiagnosis/system/CodeIgniter.php(333): CodeIgniter\CodeIgniter->handleRequest(NULL, Object(Config\Cache), false)
#4 /home/interne1/public_html/mymisdiagnosis/public/index.php(44): CodeIgniter\CodeIgniter->run()
#5 {main}
CRITICAL - 2021-04-22 23:17:10 --> syntax error, unexpected ';', expecting ')'
#0 /home/interne1/public_html/mymisdiagnosis/system/Router/Router.php(170): CodeIgniter\Router\Router->autoRoute('product/cards/e...')
#1 /home/interne1/public_html/mymisdiagnosis/system/CodeIgniter.php(816): CodeIgniter\Router\Router->handle('product/cards/e...')
#2 /home/interne1/public_html/mymisdiagnosis/system/CodeIgniter.php(385): CodeIgniter\CodeIgniter->tryToRouteIt(Object(CodeIgniter\Router\RouteCollection))
#3 /home/interne1/public_html/mymisdiagnosis/system/CodeIgniter.php(333): CodeIgniter\CodeIgniter->handleRequest(NULL, Object(Config\Cache), false)
#4 /home/interne1/public_html/mymisdiagnosis/public/index.php(44): CodeIgniter\CodeIgniter->run()
#5 {main}
CRITICAL - 2021-04-22 23:17:23 --> Argument 1 passed to App\Libraries\GroceryCrud::callbackAfterUpdate() must be callable, array given, called in /home/interne1/public_html/mymisdiagnosis/app/Controllers/Product.php on line 246
#0 /home/interne1/public_html/mymisdiagnosis/app/Controllers/Product.php(246): App\Libraries\GroceryCrud->callbackAfterUpdate(Array)
#1 /home/interne1/public_html/mymisdiagnosis/system/CodeIgniter.php(936): App\Controllers\Product->cards('edit', '5')
#2 /home/interne1/public_html/mymisdiagnosis/system/CodeIgniter.php(432): CodeIgniter\CodeIgniter->runController(Object(App\Controllers\Product))
#3 /home/interne1/public_html/mymisdiagnosis/system/CodeIgniter.php(333): CodeIgniter\CodeIgniter->handleRequest(NULL, Object(Config\Cache), false)
#4 /home/interne1/public_html/mymisdiagnosis/public/index.php(44): CodeIgniter\CodeIgniter->run()
#5 {main}
CRITICAL - 2021-04-22 23:18:09 --> Too few arguments to function App\Controllers\Product::image_temp_routines(), 1 passed and exactly 3 expected
#0 [internal function]: App\Controllers\Product->image_temp_routines(Object(stdClass))
#1 /home/interne1/public_html/mymisdiagnosis/app/Libraries/GroceryCrud.php(1130): call_user_func(Array, Object(stdClass))
#2 /home/interne1/public_html/mymisdiagnosis/app/Libraries/GroceryCrud.php(4570): App\Libraries\grocery_CRUD_Model_Driver->db_update(Object(stdClass))
#3 /home/interne1/public_html/mymisdiagnosis/app/Controllers/Product.php(251): App\Libraries\GroceryCrud->render()
#4 /home/interne1/public_html/mymisdiagnosis/system/CodeIgniter.php(936): App\Controllers\Product->cards('update', '5')
#5 /home/interne1/public_html/mymisdiagnosis/system/CodeIgniter.php(432): CodeIgniter\CodeIgniter->runController(Object(App\Controllers\Product))
#6 /home/interne1/public_html/mymisdiagnosis/system/CodeIgniter.php(333): CodeIgniter\CodeIgniter->handleRequest(NULL, Object(Config\Cache), false)
#7 /home/interne1/public_html/mymisdiagnosis/public/index.php(44): CodeIgniter\CodeIgniter->run()
#8 {main}
CRITICAL - 2021-04-22 23:18:12 --> Too few arguments to function App\Controllers\Product::image_temp_routines(), 1 passed and exactly 3 expected
#0 [internal function]: App\Controllers\Product->image_temp_routines(Object(stdClass))
#1 /home/interne1/public_html/mymisdiagnosis/app/Libraries/GroceryCrud.php(1130): call_user_func(Array, Object(stdClass))
#2 /home/interne1/public_html/mymisdiagnosis/app/Libraries/GroceryCrud.php(4570): App\Libraries\grocery_CRUD_Model_Driver->db_update(Object(stdClass))
#3 /home/interne1/public_html/mymisdiagnosis/app/Controllers/Product.php(251): App\Libraries\GroceryCrud->render()
#4 /home/interne1/public_html/mymisdiagnosis/system/CodeIgniter.php(936): App\Controllers\Product->cards('update', '5')
#5 /home/interne1/public_html/mymisdiagnosis/system/CodeIgniter.php(432): CodeIgniter\CodeIgniter->runController(Object(App\Controllers\Product))
#6 /home/interne1/public_html/mymisdiagnosis/system/CodeIgniter.php(333): CodeIgniter\CodeIgniter->handleRequest(NULL, Object(Config\Cache), false)
#7 /home/interne1/public_html/mymisdiagnosis/public/index.php(44): CodeIgniter\CodeIgniter->run()
#8 {main}
CRITICAL - 2021-04-22 23:18:31 --> Too few arguments to function App\Controllers\Product::image_temp_routines(), 1 passed and exactly 3 expected
#0 [internal function]: App\Controllers\Product->image_temp_routines(Object(stdClass))
#1 /home/interne1/public_html/mymisdiagnosis/app/Libraries/GroceryCrud.php(1130): call_user_func(Array, Object(stdClass))
#2 /home/interne1/public_html/mymisdiagnosis/app/Libraries/GroceryCrud.php(4570): App\Libraries\grocery_CRUD_Model_Driver->db_update(Object(stdClass))
#3 /home/interne1/public_html/mymisdiagnosis/app/Controllers/Product.php(251): App\Libraries\GroceryCrud->render()
#4 /home/interne1/public_html/mymisdiagnosis/system/CodeIgniter.php(936): App\Controllers\Product->cards('update', '5')
#5 /home/interne1/public_html/mymisdiagnosis/system/CodeIgniter.php(432): CodeIgniter\CodeIgniter->runController(Object(App\Controllers\Product))
#6 /home/interne1/public_html/mymisdiagnosis/system/CodeIgniter.php(333): CodeIgniter\CodeIgniter->handleRequest(NULL, Object(Config\Cache), false)
#7 /home/interne1/public_html/mymisdiagnosis/public/index.php(44): CodeIgniter\CodeIgniter->run()
#8 {main}
CRITICAL - 2021-04-22 23:19:05 --> syntax error, unexpected '}'
#0 /home/interne1/public_html/mymisdiagnosis/system/Router/Router.php(170): CodeIgniter\Router\Router->autoRoute('product/cards/e...')
#1 /home/interne1/public_html/mymisdiagnosis/system/CodeIgniter.php(816): CodeIgniter\Router\Router->handle('product/cards/e...')
#2 /home/interne1/public_html/mymisdiagnosis/system/CodeIgniter.php(385): CodeIgniter\CodeIgniter->tryToRouteIt(Object(CodeIgniter\Router\RouteCollection))
#3 /home/interne1/public_html/mymisdiagnosis/system/CodeIgniter.php(333): CodeIgniter\CodeIgniter->handleRequest(NULL, Object(Config\Cache), false)
#4 /home/interne1/public_html/mymisdiagnosis/public/index.php(44): CodeIgniter\CodeIgniter->run()
#5 {main}
CRITICAL - 2021-04-22 23:19:29 --> Too few arguments to function App\Controllers\Product::image_temp_routines(), 1 passed and exactly 3 expected
#0 [internal function]: App\Controllers\Product->image_temp_routines(Object(stdClass))
#1 /home/interne1/public_html/mymisdiagnosis/app/Libraries/GroceryCrud.php(1130): call_user_func(Array, Object(stdClass))
#2 /home/interne1/public_html/mymisdiagnosis/app/Libraries/GroceryCrud.php(4570): App\Libraries\grocery_CRUD_Model_Driver->db_update(Object(stdClass))
#3 /home/interne1/public_html/mymisdiagnosis/app/Controllers/Product.php(251): App\Libraries\GroceryCrud->render()
#4 /home/interne1/public_html/mymisdiagnosis/system/CodeIgniter.php(936): App\Controllers\Product->cards('update', '5')
#5 /home/interne1/public_html/mymisdiagnosis/system/CodeIgniter.php(432): CodeIgniter\CodeIgniter->runController(Object(App\Controllers\Product))
#6 /home/interne1/public_html/mymisdiagnosis/system/CodeIgniter.php(333): CodeIgniter\CodeIgniter->handleRequest(NULL, Object(Config\Cache), false)
#7 /home/interne1/public_html/mymisdiagnosis/public/index.php(44): CodeIgniter\CodeIgniter->run()
#8 {main}
CRITICAL - 2021-04-22 23:25:20 --> syntax error, unexpected '';' (T_CONSTANT_ENCAPSED_STRING)
#0 /home/interne1/public_html/mymisdiagnosis/system/Router/Router.php(170): CodeIgniter\Router\Router->autoRoute('product/cards/e...')
#1 /home/interne1/public_html/mymisdiagnosis/system/CodeIgniter.php(816): CodeIgniter\Router\Router->handle('product/cards/e...')
#2 /home/interne1/public_html/mymisdiagnosis/system/CodeIgniter.php(385): CodeIgniter\CodeIgniter->tryToRouteIt(Object(CodeIgniter\Router\RouteCollection))
#3 /home/interne1/public_html/mymisdiagnosis/system/CodeIgniter.php(333): CodeIgniter\CodeIgniter->handleRequest(NULL, Object(Config\Cache), false)
#4 /home/interne1/public_html/mymisdiagnosis/public/index.php(44): CodeIgniter\CodeIgniter->run()
#5 {main}
CRITICAL - 2021-04-22 23:35:13 --> Argument 1 passed to App\Libraries\GroceryCrud::callbackBeforeUpdate() must be callable, object given, called in /home/interne1/public_html/mymisdiagnosis/app/Controllers/Product.php on line 246
#0 /home/interne1/public_html/mymisdiagnosis/app/Controllers/Product.php(246): App\Libraries\GroceryCrud->callbackBeforeUpdate(Object(App\Controllers\Product), 'image_temp_rout...')
#1 /home/interne1/public_html/mymisdiagnosis/system/CodeIgniter.php(936): App\Controllers\Product->cards('edit', '5')
#2 /home/interne1/public_html/mymisdiagnosis/system/CodeIgniter.php(432): CodeIgniter\CodeIgniter->runController(Object(App\Controllers\Product))
#3 /home/interne1/public_html/mymisdiagnosis/system/CodeIgniter.php(333): CodeIgniter\CodeIgniter->handleRequest(NULL, Object(Config\Cache), false)
#4 /home/interne1/public_html/mymisdiagnosis/public/index.php(44): CodeIgniter\CodeIgniter->run()
#5 {main}
CRITICAL - 2021-04-22 23:36:50 --> Argument 1 passed to App\Libraries\GroceryCrud::callbackBeforeUpdate() must be callable, string given, called in /home/interne1/public_html/mymisdiagnosis/app/Controllers/Product.php on line 246
#0 /home/interne1/public_html/mymisdiagnosis/app/Controllers/Product.php(246): App\Libraries\GroceryCrud->callbackBeforeUpdate('image_temp_rout...')
#1 /home/interne1/public_html/mymisdiagnosis/system/CodeIgniter.php(936): App\Controllers\Product->cards('edit', '5')
#2 /home/interne1/public_html/mymisdiagnosis/system/CodeIgniter.php(432): CodeIgniter\CodeIgniter->runController(Object(App\Controllers\Product))
#3 /home/interne1/public_html/mymisdiagnosis/system/CodeIgniter.php(333): CodeIgniter\CodeIgniter->handleRequest(NULL, Object(Config\Cache), false)
#4 /home/interne1/public_html/mymisdiagnosis/public/index.php(44): CodeIgniter\CodeIgniter->run()
#5 {main}
CRITICAL - 2021-04-22 23:37:08 --> Use of undefined constant image_temp_routines - assumed 'image_temp_routines' (this will throw an Error in a future version of PHP)
#0 /home/interne1/public_html/mymisdiagnosis/app/Controllers/Product.php(246): CodeIgniter\Debug\Exceptions->errorHandler(2, 'Use of undefine...', '/home/interne1/...', 246, Array)
#1 /home/interne1/public_html/mymisdiagnosis/system/CodeIgniter.php(936): App\Controllers\Product->cards('edit', '5')
#2 /home/interne1/public_html/mymisdiagnosis/system/CodeIgniter.php(432): CodeIgniter\CodeIgniter->runController(Object(App\Controllers\Product))
#3 /home/interne1/public_html/mymisdiagnosis/system/CodeIgniter.php(333): CodeIgniter\CodeIgniter->handleRequest(NULL, Object(Config\Cache), false)
#4 /home/interne1/public_html/mymisdiagnosis/public/index.php(44): CodeIgniter\CodeIgniter->run()
#5 {main}
CRITICAL - 2021-04-22 23:38:53 --> Too few arguments to function App\Controllers\Product::image_temp_routines(), 1 passed and exactly 2 expected
#0 [internal function]: App\Controllers\Product->image_temp_routines(Object(stdClass))
#1 /home/interne1/public_html/mymisdiagnosis/app/Libraries/GroceryCrud.php(1049): call_user_func(Array, Object(stdClass))
#2 /home/interne1/public_html/mymisdiagnosis/app/Libraries/GroceryCrud.php(4570): App\Libraries\grocery_CRUD_Model_Driver->db_update(Object(stdClass))
#3 /home/interne1/public_html/mymisdiagnosis/app/Controllers/Product.php(251): App\Libraries\GroceryCrud->render()
#4 /home/interne1/public_html/mymisdiagnosis/system/CodeIgniter.php(936): App\Controllers\Product->cards('update', '5')
#5 /home/interne1/public_html/mymisdiagnosis/system/CodeIgniter.php(432): CodeIgniter\CodeIgniter->runController(Object(App\Controllers\Product))
#6 /home/interne1/public_html/mymisdiagnosis/system/CodeIgniter.php(333): CodeIgniter\CodeIgniter->handleRequest(NULL, Object(Config\Cache), false)
#7 /home/interne1/public_html/mymisdiagnosis/public/index.php(44): CodeIgniter\CodeIgniter->run()
#8 {main}
CRITICAL - 2021-04-22 23:39:13 --> Too few arguments to function App\Controllers\Product::image_temp_routines(), 1 passed and exactly 2 expected
#0 [internal function]: App\Controllers\Product->image_temp_routines(Object(stdClass))
#1 /home/interne1/public_html/mymisdiagnosis/app/Libraries/GroceryCrud.php(1049): call_user_func(Array, Object(stdClass))
#2 /home/interne1/public_html/mymisdiagnosis/app/Libraries/GroceryCrud.php(4570): App\Libraries\grocery_CRUD_Model_Driver->db_update(Object(stdClass))
#3 /home/interne1/public_html/mymisdiagnosis/app/Controllers/Product.php(251): App\Libraries\GroceryCrud->render()
#4 /home/interne1/public_html/mymisdiagnosis/system/CodeIgniter.php(936): App\Controllers\Product->cards('update', '5')
#5 /home/interne1/public_html/mymisdiagnosis/system/CodeIgniter.php(432): CodeIgniter\CodeIgniter->runController(Object(App\Controllers\Product))
#6 /home/interne1/public_html/mymisdiagnosis/system/CodeIgniter.php(333): CodeIgniter\CodeIgniter->handleRequest(NULL, Object(Config\Cache), false)
#7 /home/interne1/public_html/mymisdiagnosis/public/index.php(44): CodeIgniter\CodeIgniter->run()
#8 {main}
CRITICAL - 2021-04-22 23:40:19 --> Too few arguments to function App\Controllers\Product::image_temp_routines(), 1 passed and exactly 2 expected
#0 [internal function]: App\Controllers\Product->image_temp_routines(Object(stdClass))
#1 /home/interne1/public_html/mymisdiagnosis/app/Libraries/GroceryCrud.php(1049): call_user_func(Array, Object(stdClass))
#2 /home/interne1/public_html/mymisdiagnosis/app/Libraries/GroceryCrud.php(4570): App\Libraries\grocery_CRUD_Model_Driver->db_update(Object(stdClass))
#3 /home/interne1/public_html/mymisdiagnosis/app/Controllers/Product.php(251): App\Libraries\GroceryCrud->render()
#4 /home/interne1/public_html/mymisdiagnosis/system/CodeIgniter.php(936): App\Controllers\Product->cards('update', '5')
#5 /home/interne1/public_html/mymisdiagnosis/system/CodeIgniter.php(432): CodeIgniter\CodeIgniter->runController(Object(App\Controllers\Product))
#6 /home/interne1/public_html/mymisdiagnosis/system/CodeIgniter.php(333): CodeIgniter\CodeIgniter->handleRequest(NULL, Object(Config\Cache), false)
#7 /home/interne1/public_html/mymisdiagnosis/public/index.php(44): CodeIgniter\CodeIgniter->run()
#8 {main}
CRITICAL - 2021-04-22 23:40:49 --> Too few arguments to function App\Controllers\Product::image_temp_routines(), 1 passed and exactly 3 expected
#0 [internal function]: App\Controllers\Product->image_temp_routines(Object(stdClass))
#1 /home/interne1/public_html/mymisdiagnosis/app/Libraries/GroceryCrud.php(1049): call_user_func(Array, Object(stdClass))
#2 /home/interne1/public_html/mymisdiagnosis/app/Libraries/GroceryCrud.php(4570): App\Libraries\grocery_CRUD_Model_Driver->db_update(Object(stdClass))
#3 /home/interne1/public_html/mymisdiagnosis/app/Controllers/Product.php(251): App\Libraries\GroceryCrud->render()
#4 /home/interne1/public_html/mymisdiagnosis/system/CodeIgniter.php(936): App\Controllers\Product->cards('update', '5')
#5 /home/interne1/public_html/mymisdiagnosis/system/CodeIgniter.php(432): CodeIgniter\CodeIgniter->runController(Object(App\Controllers\Product))
#6 /home/interne1/public_html/mymisdiagnosis/system/CodeIgniter.php(333): CodeIgniter\CodeIgniter->handleRequest(NULL, Object(Config\Cache), false)
#7 /home/interne1/public_html/mymisdiagnosis/public/index.php(44): CodeIgniter\CodeIgniter->run()
#8 {main}
CRITICAL - 2021-04-22 23:41:46 --> Too few arguments to function App\Controllers\Product::image_temp_routines(), 1 passed and exactly 3 expected
#0 [internal function]: App\Controllers\Product->image_temp_routines(Object(stdClass))
#1 /home/interne1/public_html/mymisdiagnosis/app/Libraries/GroceryCrud.php(1049): call_user_func(Array, Object(stdClass))
#2 /home/interne1/public_html/mymisdiagnosis/app/Libraries/GroceryCrud.php(4570): App\Libraries\grocery_CRUD_Model_Driver->db_update(Object(stdClass))
#3 /home/interne1/public_html/mymisdiagnosis/app/Controllers/Product.php(251): App\Libraries\GroceryCrud->render()
#4 /home/interne1/public_html/mymisdiagnosis/system/CodeIgniter.php(936): App\Controllers\Product->cards('update', '5')
#5 /home/interne1/public_html/mymisdiagnosis/system/CodeIgniter.php(432): CodeIgniter\CodeIgniter->runController(Object(App\Controllers\Product))
#6 /home/interne1/public_html/mymisdiagnosis/system/CodeIgniter.php(333): CodeIgniter\CodeIgniter->handleRequest(NULL, Object(Config\Cache), false)
#7 /home/interne1/public_html/mymisdiagnosis/public/index.php(44): CodeIgniter\CodeIgniter->run()
#8 {main}
CRITICAL - 2021-04-22 23:42:24 --> Too few arguments to function App\Controllers\Product::image_temp_routines(), 1 passed and exactly 2 expected
#0 [internal function]: App\Controllers\Product->image_temp_routines(Object(stdClass))
#1 /home/interne1/public_html/mymisdiagnosis/app/Libraries/GroceryCrud.php(1049): call_user_func(Array, Object(stdClass))
#2 /home/interne1/public_html/mymisdiagnosis/app/Libraries/GroceryCrud.php(4570): App\Libraries\grocery_CRUD_Model_Driver->db_update(Object(stdClass))
#3 /home/interne1/public_html/mymisdiagnosis/app/Controllers/Product.php(251): App\Libraries\GroceryCrud->render()
#4 /home/interne1/public_html/mymisdiagnosis/system/CodeIgniter.php(936): App\Controllers\Product->cards('update', '5')
#5 /home/interne1/public_html/mymisdiagnosis/system/CodeIgniter.php(432): CodeIgniter\CodeIgniter->runController(Object(App\Controllers\Product))
#6 /home/interne1/public_html/mymisdiagnosis/system/CodeIgniter.php(333): CodeIgniter\CodeIgniter->handleRequest(NULL, Object(Config\Cache), false)
#7 /home/interne1/public_html/mymisdiagnosis/public/index.php(44): CodeIgniter\CodeIgniter->run()
#8 {main}
CRITICAL - 2021-04-22 23:48:21 --> syntax error, unexpected 'class' (T_CLASS), expecting ',' or ';'
#0 /home/interne1/public_html/mymisdiagnosis/system/Router/Router.php(170): CodeIgniter\Router\Router->autoRoute('product/cards/e...')
#1 /home/interne1/public_html/mymisdiagnosis/system/CodeIgniter.php(816): CodeIgniter\Router\Router->handle('product/cards/e...')
#2 /home/interne1/public_html/mymisdiagnosis/system/CodeIgniter.php(385): CodeIgniter\CodeIgniter->tryToRouteIt(Object(CodeIgniter\Router\RouteCollection))
#3 /home/interne1/public_html/mymisdiagnosis/system/CodeIgniter.php(333): CodeIgniter\CodeIgniter->handleRequest(NULL, Object(Config\Cache), false)
#4 /home/interne1/public_html/mymisdiagnosis/public/index.php(44): CodeIgniter\CodeIgniter->run()
#5 {main}
