ERROR - 2021-03-27 00:13:43 --> mysqli_sql_exception: Unknown column 'available_equipment_1.customerNumber' in 'on clause' in /home/wwwinte/public_html/screening/system/Database/MySQLi/Connection.php:314
Stack trace:
#0 /home/wwwinte/public_html/screening/system/Database/MySQLi/Connection.php(314): mysqli->query('SELECT `availab...')
#1 /home/wwwinte/public_html/screening/system/Database/BaseConnection.php(713): CodeIgniter\Database\MySQLi\Connection->execute('SELECT `availab...')
#2 /home/wwwinte/public_html/screening/system/Database/BaseConnection.php(641): CodeIgniter\Database\BaseConnection->simpleQuery('SELECT `availab...')
#3 /home/wwwinte/public_html/screening/system/Database/BaseBuilder.php(1866): CodeIgniter\Database\BaseConnection->query('SELECT `availab...', Array, false)
#4 /home/wwwinte/public_html/screening/app/Models/GroceryCrudModel.php(89): CodeIgniter\Database\BaseBuilder->get()
#5 /home/wwwinte/public_html/screening/app/Libraries/GroceryCrud.php(1383): App\Models\GroceryCrudModel->get_list()
#6 /home/wwwinte/public_html/screening/app/Libraries/GroceryCrud.php(1503): App\Libraries\grocery_CRUD_Model_Driver->get_list()
#7 /home/wwwinte/public_html/screening/app/Libraries/GroceryCrud.php(4496): App\Libraries\grocery_CRUD_Layout->showList(false, Object(stdClass))
#8 /home/wwwinte/public_html/screening/app/Controllers/Product.php(198): App\Libraries\GroceryCrud->render()
#9 /home/wwwinte/public_html/screening/system/CodeIgniter.php(936): App\Controllers\Product->available_equipment_1()
#10 /home/wwwinte/public_html/screening/system/CodeIgniter.php(432): CodeIgniter\CodeIgniter->runController(Object(App\Controllers\Product))
#11 /home/wwwinte/public_html/screening/system/CodeIgniter.php(333): CodeIgniter\CodeIgniter->handleRequest(NULL, Object(Config\Cache), false)
#12 /home/wwwinte/public_html/screening/public/index.php(44): CodeIgniter\CodeIgniter->run()
#13 {main}
CRITICAL - 2021-03-27 00:13:43 --> Unknown column 'available_equipment_1.customerNumber' in 'on clause'
#0 /home/wwwinte/public_html/screening/system/Database/MySQLi/Connection.php(314): mysqli->query('SELECT `availab...')
#1 /home/wwwinte/public_html/screening/system/Database/BaseConnection.php(713): CodeIgniter\Database\MySQLi\Connection->execute('SELECT `availab...')
#2 /home/wwwinte/public_html/screening/system/Database/BaseConnection.php(641): CodeIgniter\Database\BaseConnection->simpleQuery('SELECT `availab...')
#3 /home/wwwinte/public_html/screening/system/Database/BaseBuilder.php(1866): CodeIgniter\Database\BaseConnection->query('SELECT `availab...', Array, false)
#4 /home/wwwinte/public_html/screening/app/Models/GroceryCrudModel.php(89): CodeIgniter\Database\BaseBuilder->get()
#5 /home/wwwinte/public_html/screening/app/Libraries/GroceryCrud.php(1383): App\Models\GroceryCrudModel->get_list()
#6 /home/wwwinte/public_html/screening/app/Libraries/GroceryCrud.php(1503): App\Libraries\grocery_CRUD_Model_Driver->get_list()
#7 /home/wwwinte/public_html/screening/app/Libraries/GroceryCrud.php(4496): App\Libraries\grocery_CRUD_Layout->showList(false, Object(stdClass))
#8 /home/wwwinte/public_html/screening/app/Controllers/Product.php(198): App\Libraries\GroceryCrud->render()
#9 /home/wwwinte/public_html/screening/system/CodeIgniter.php(936): App\Controllers\Product->available_equipment_1()
#10 /home/wwwinte/public_html/screening/system/CodeIgniter.php(432): CodeIgniter\CodeIgniter->runController(Object(App\Controllers\Product))
#11 /home/wwwinte/public_html/screening/system/CodeIgniter.php(333): CodeIgniter\CodeIgniter->handleRequest(NULL, Object(Config\Cache), false)
#12 /home/wwwinte/public_html/screening/public/index.php(44): CodeIgniter\CodeIgniter->run()
#13 {main}
ERROR - 2021-03-27 00:21:37 --> mysqli_sql_exception: Unknown column 'j0cb2ef56.available_equipment_1' in 'field list' in /home/wwwinte/public_html/screening/system/Database/MySQLi/Connection.php:314
Stack trace:
#0 /home/wwwinte/public_html/screening/system/Database/MySQLi/Connection.php(314): mysqli->query('SELECT `screeni...')
#1 /home/wwwinte/public_html/screening/system/Database/BaseConnection.php(713): CodeIgniter\Database\MySQLi\Connection->execute('SELECT `screeni...')
#2 /home/wwwinte/public_html/screening/system/Database/BaseConnection.php(641): CodeIgniter\Database\BaseConnection->simpleQuery('SELECT `screeni...')
#3 /home/wwwinte/public_html/screening/system/Database/BaseBuilder.php(1866): CodeIgniter\Database\BaseConnection->query('SELECT `screeni...', Array, false)
#4 /home/wwwinte/public_html/screening/app/Models/GroceryCrudModel.php(89): CodeIgniter\Database\BaseBuilder->get()
#5 /home/wwwinte/public_html/screening/app/Libraries/GroceryCrud.php(1383): App\Models\GroceryCrudModel->get_list()
#6 /home/wwwinte/public_html/screening/app/Libraries/GroceryCrud.php(1503): App\Libraries\grocery_CRUD_Model_Driver->get_list()
#7 /home/wwwinte/public_html/screening/app/Libraries/GroceryCrud.php(4496): App\Libraries\grocery_CRUD_Layout->showList(false, Object(stdClass))
#8 /home/wwwinte/public_html/screening/app/Controllers/Product.php(181): App\Libraries\GroceryCrud->render()
#9 /home/wwwinte/public_html/screening/system/CodeIgniter.php(936): App\Controllers\Product->screening_management()
#10 /home/wwwinte/public_html/screening/system/CodeIgniter.php(432): CodeIgniter\CodeIgniter->runController(Object(App\Controllers\Product))
#11 /home/wwwinte/public_html/screening/system/CodeIgniter.php(333): CodeIgniter\CodeIgniter->handleRequest(NULL, Object(Config\Cache), false)
#12 /home/wwwinte/public_html/screening/public/index.php(44): CodeIgniter\CodeIgniter->run()
#13 {main}
CRITICAL - 2021-03-27 00:21:37 --> Unknown column 'j0cb2ef56.available_equipment_1' in 'field list'
#0 /home/wwwinte/public_html/screening/system/Database/MySQLi/Connection.php(314): mysqli->query('SELECT `screeni...')
#1 /home/wwwinte/public_html/screening/system/Database/BaseConnection.php(713): CodeIgniter\Database\MySQLi\Connection->execute('SELECT `screeni...')
#2 /home/wwwinte/public_html/screening/system/Database/BaseConnection.php(641): CodeIgniter\Database\BaseConnection->simpleQuery('SELECT `screeni...')
#3 /home/wwwinte/public_html/screening/system/Database/BaseBuilder.php(1866): CodeIgniter\Database\BaseConnection->query('SELECT `screeni...', Array, false)
#4 /home/wwwinte/public_html/screening/app/Models/GroceryCrudModel.php(89): CodeIgniter\Database\BaseBuilder->get()
#5 /home/wwwinte/public_html/screening/app/Libraries/GroceryCrud.php(1383): App\Models\GroceryCrudModel->get_list()
#6 /home/wwwinte/public_html/screening/app/Libraries/GroceryCrud.php(1503): App\Libraries\grocery_CRUD_Model_Driver->get_list()
#7 /home/wwwinte/public_html/screening/app/Libraries/GroceryCrud.php(4496): App\Libraries\grocery_CRUD_Layout->showList(false, Object(stdClass))
#8 /home/wwwinte/public_html/screening/app/Controllers/Product.php(181): App\Libraries\GroceryCrud->render()
#9 /home/wwwinte/public_html/screening/system/CodeIgniter.php(936): App\Controllers\Product->screening_management()
#10 /home/wwwinte/public_html/screening/system/CodeIgniter.php(432): CodeIgniter\CodeIgniter->runController(Object(App\Controllers\Product))
#11 /home/wwwinte/public_html/screening/system/CodeIgniter.php(333): CodeIgniter\CodeIgniter->handleRequest(NULL, Object(Config\Cache), false)
#12 /home/wwwinte/public_html/screening/public/index.php(44): CodeIgniter\CodeIgniter->run()
#13 {main}
ERROR - 2021-03-27 00:24:52 --> mysqli_sql_exception: Unknown column 'j0cb2ef56.available_equipment_1' in 'field list' in /home/wwwinte/public_html/screening/system/Database/MySQLi/Connection.php:314
Stack trace:
#0 /home/wwwinte/public_html/screening/system/Database/MySQLi/Connection.php(314): mysqli->query('SELECT `screeni...')
#1 /home/wwwinte/public_html/screening/system/Database/BaseConnection.php(713): CodeIgniter\Database\MySQLi\Connection->execute('SELECT `screeni...')
#2 /home/wwwinte/public_html/screening/system/Database/BaseConnection.php(641): CodeIgniter\Database\BaseConnection->simpleQuery('SELECT `screeni...')
#3 /home/wwwinte/public_html/screening/system/Database/BaseBuilder.php(1866): CodeIgniter\Database\BaseConnection->query('SELECT `screeni...', Array, false)
#4 /home/wwwinte/public_html/screening/app/Models/GroceryCrudModel.php(89): CodeIgniter\Database\BaseBuilder->get()
#5 /home/wwwinte/public_html/screening/app/Libraries/GroceryCrud.php(1383): App\Models\GroceryCrudModel->get_list()
#6 /home/wwwinte/public_html/screening/app/Libraries/GroceryCrud.php(1503): App\Libraries\grocery_CRUD_Model_Driver->get_list()
#7 /home/wwwinte/public_html/screening/app/Libraries/GroceryCrud.php(4496): App\Libraries\grocery_CRUD_Layout->showList(false, Object(stdClass))
#8 /home/wwwinte/public_html/screening/app/Controllers/Product.php(181): App\Libraries\GroceryCrud->render()
#9 /home/wwwinte/public_html/screening/system/CodeIgniter.php(936): App\Controllers\Product->screening_management()
#10 /home/wwwinte/public_html/screening/system/CodeIgniter.php(432): CodeIgniter\CodeIgniter->runController(Object(App\Controllers\Product))
#11 /home/wwwinte/public_html/screening/system/CodeIgniter.php(333): CodeIgniter\CodeIgniter->handleRequest(NULL, Object(Config\Cache), false)
#12 /home/wwwinte/public_html/screening/public/index.php(44): CodeIgniter\CodeIgniter->run()
#13 {main}
CRITICAL - 2021-03-27 00:24:52 --> Unknown column 'j0cb2ef56.available_equipment_1' in 'field list'
#0 /home/wwwinte/public_html/screening/system/Database/MySQLi/Connection.php(314): mysqli->query('SELECT `screeni...')
#1 /home/wwwinte/public_html/screening/system/Database/BaseConnection.php(713): CodeIgniter\Database\MySQLi\Connection->execute('SELECT `screeni...')
#2 /home/wwwinte/public_html/screening/system/Database/BaseConnection.php(641): CodeIgniter\Database\BaseConnection->simpleQuery('SELECT `screeni...')
#3 /home/wwwinte/public_html/screening/system/Database/BaseBuilder.php(1866): CodeIgniter\Database\BaseConnection->query('SELECT `screeni...', Array, false)
#4 /home/wwwinte/public_html/screening/app/Models/GroceryCrudModel.php(89): CodeIgniter\Database\BaseBuilder->get()
#5 /home/wwwinte/public_html/screening/app/Libraries/GroceryCrud.php(1383): App\Models\GroceryCrudModel->get_list()
#6 /home/wwwinte/public_html/screening/app/Libraries/GroceryCrud.php(1503): App\Libraries\grocery_CRUD_Model_Driver->get_list()
#7 /home/wwwinte/public_html/screening/app/Libraries/GroceryCrud.php(4496): App\Libraries\grocery_CRUD_Layout->showList(false, Object(stdClass))
#8 /home/wwwinte/public_html/screening/app/Controllers/Product.php(181): App\Libraries\GroceryCrud->render()
#9 /home/wwwinte/public_html/screening/system/CodeIgniter.php(936): App\Controllers\Product->screening_management()
#10 /home/wwwinte/public_html/screening/system/CodeIgniter.php(432): CodeIgniter\CodeIgniter->runController(Object(App\Controllers\Product))
#11 /home/wwwinte/public_html/screening/system/CodeIgniter.php(333): CodeIgniter\CodeIgniter->handleRequest(NULL, Object(Config\Cache), false)
#12 /home/wwwinte/public_html/screening/public/index.php(44): CodeIgniter\CodeIgniter->run()
#13 {main}
CRITICAL - 2021-03-27 00:30:30 --> Undefined property: App\Controllers\Product::$db
#0 /home/wwwinte/public_html/screening/app/Controllers/Product.php(169): CodeIgniter\Debug\Exceptions->errorHandler(8, 'Undefined prope...', '/home/wwwinte/p...', 169, Array)
#1 /home/wwwinte/public_html/screening/system/CodeIgniter.php(936): App\Controllers\Product->screening_management('edit', '1001')
#2 /home/wwwinte/public_html/screening/system/CodeIgniter.php(432): CodeIgniter\CodeIgniter->runController(Object(App\Controllers\Product))
#3 /home/wwwinte/public_html/screening/system/CodeIgniter.php(333): CodeIgniter\CodeIgniter->handleRequest(NULL, Object(Config\Cache), false)
#4 /home/wwwinte/public_html/screening/public/index.php(44): CodeIgniter\CodeIgniter->run()
#5 {main}
CRITICAL - 2021-03-27 00:31:42 --> Call to undefined method App\Libraries\InterneticsLibrary::field_type()
#0 /home/wwwinte/public_html/screening/system/CodeIgniter.php(936): App\Controllers\Product->screening_management('edit', '1001')
#1 /home/wwwinte/public_html/screening/system/CodeIgniter.php(432): CodeIgniter\CodeIgniter->runController(Object(App\Controllers\Product))
#2 /home/wwwinte/public_html/screening/system/CodeIgniter.php(333): CodeIgniter\CodeIgniter->handleRequest(NULL, Object(Config\Cache), false)
#3 /home/wwwinte/public_html/screening/public/index.php(44): CodeIgniter\CodeIgniter->run()
#4 {main}
CRITICAL - 2021-03-27 16:02:44 --> The table name does not exist. Please check you database and try again.
#0 /home/wwwinte/public_html/screening/app/Libraries/GroceryCrud.php(4450): App\Libraries\GroceryCrud->get_table()
#1 /home/wwwinte/public_html/screening/app/Libraries/GroceryCrud.php(4467): App\Libraries\GroceryCrud->pre_render()
#2 /home/wwwinte/public_html/screening/app/Controllers/Product.php(209): App\Libraries\GroceryCrud->render()
#3 /home/wwwinte/public_html/screening/system/CodeIgniter.php(936): App\Controllers\Product->available_equipment_1()
#4 /home/wwwinte/public_html/screening/system/CodeIgniter.php(432): CodeIgniter\CodeIgniter->runController(Object(App\Controllers\Product))
#5 /home/wwwinte/public_html/screening/system/CodeIgniter.php(333): CodeIgniter\CodeIgniter->handleRequest(NULL, Object(Config\Cache), false)
#6 /home/wwwinte/public_html/screening/public/index.php(44): CodeIgniter\CodeIgniter->run()
#7 {main}
CRITICAL - 2021-03-27 18:13:01 --> Undefined variable: countfields
#0 /home/wwwinte/public_html/screening/public/assets/grocery_crud/themes/internetics/views/edit.php(39): CodeIgniter\Debug\Exceptions->errorHandler(8, 'Undefined varia...', '/home/wwwinte/p...', 39, Array)
#1 /home/wwwinte/public_html/screening/app/Libraries/GroceryCrud.php(2801): include('/home/wwwinte/p...')
#2 /home/wwwinte/public_html/screening/app/Libraries/GroceryCrud.php(1850): App\Libraries\grocery_CRUD_Layout->_theme_view('edit.php', Array)
#3 /home/wwwinte/public_html/screening/app/Libraries/GroceryCrud.php(4532): App\Libraries\grocery_CRUD_Layout->showEditForm(Object(stdClass))
#4 /home/wwwinte/public_html/screening/app/Controllers/Product.php(187): App\Libraries\GroceryCrud->render()
#5 /home/wwwinte/public_html/screening/system/CodeIgniter.php(936): App\Controllers\Product->screening_management('edit', '1001')
#6 /home/wwwinte/public_html/screening/system/CodeIgniter.php(432): CodeIgniter\CodeIgniter->runController(Object(App\Controllers\Product))
#7 /home/wwwinte/public_html/screening/system/CodeIgniter.php(333): CodeIgniter\CodeIgniter->handleRequest(NULL, Object(Config\Cache), false)
#8 /home/wwwinte/public_html/screening/public/index.php(44): CodeIgniter\CodeIgniter->run()
#9 {main}
CRITICAL - 2021-03-27 18:13:35 --> A non-numeric value encountered
#0 /home/wwwinte/public_html/screening/public/assets/grocery_crud/themes/internetics/views/edit.php(41): CodeIgniter\Debug\Exceptions->errorHandler(2, 'A non-numeric v...', '/home/wwwinte/p...', 41, Array)
#1 /home/wwwinte/public_html/screening/app/Libraries/GroceryCrud.php(2801): include('/home/wwwinte/p...')
#2 /home/wwwinte/public_html/screening/app/Libraries/GroceryCrud.php(1850): App\Libraries\grocery_CRUD_Layout->_theme_view('edit.php', Array)
#3 /home/wwwinte/public_html/screening/app/Libraries/GroceryCrud.php(4532): App\Libraries\grocery_CRUD_Layout->showEditForm(Object(stdClass))
#4 /home/wwwinte/public_html/screening/app/Controllers/Product.php(187): App\Libraries\GroceryCrud->render()
#5 /home/wwwinte/public_html/screening/system/CodeIgniter.php(936): App\Controllers\Product->screening_management('edit', '1001')
#6 /home/wwwinte/public_html/screening/system/CodeIgniter.php(432): CodeIgniter\CodeIgniter->runController(Object(App\Controllers\Product))
#7 /home/wwwinte/public_html/screening/system/CodeIgniter.php(333): CodeIgniter\CodeIgniter->handleRequest(NULL, Object(Config\Cache), false)
#8 /home/wwwinte/public_html/screening/public/index.php(44): CodeIgniter\CodeIgniter->run()
#9 {main}
