CRITICAL - 2021-03-23 15:01:11 --> syntax error, unexpected '/'
#0 /home/wwwinte/public_html/screening/system/Router/Router.php(170): CodeIgniter\Router\Router->autoRoute('examples/screen...')
#1 /home/wwwinte/public_html/screening/system/CodeIgniter.php(816): CodeIgniter\Router\Router->handle('examples/screen...')
#2 /home/wwwinte/public_html/screening/system/CodeIgniter.php(385): CodeIgniter\CodeIgniter->tryToRouteIt(Object(CodeIgniter\Router\RouteCollection))
#3 /home/wwwinte/public_html/screening/system/CodeIgniter.php(333): CodeIgniter\CodeIgniter->handleRequest(NULL, Object(Config\Cache), false)
#4 /home/wwwinte/public_html/screening/public/index.php(44): CodeIgniter\CodeIgniter->run()
#5 {main}
CRITICAL - 2021-03-23 15:01:28 --> Call to undefined method App\Libraries\GroceryCrud::callback_add_field()
#0 /home/wwwinte/public_html/screening/system/CodeIgniter.php(936): App\Controllers\Examples->screening_management('edit', '1001')
#1 /home/wwwinte/public_html/screening/system/CodeIgniter.php(432): CodeIgniter\CodeIgniter->runController(Object(App\Controllers\Examples))
#2 /home/wwwinte/public_html/screening/system/CodeIgniter.php(333): CodeIgniter\CodeIgniter->handleRequest(NULL, Object(Config\Cache), false)
#3 /home/wwwinte/public_html/screening/public/index.php(44): CodeIgniter\CodeIgniter->run()
#4 {main}
CRITICAL - 2021-03-23 15:02:04 --> Call to undefined method App\Libraries\GroceryCrud::callback_add_field()
#0 /home/wwwinte/public_html/screening/system/CodeIgniter.php(936): App\Controllers\Examples->screening_management('edit', '1001')
#1 /home/wwwinte/public_html/screening/system/CodeIgniter.php(432): CodeIgniter\CodeIgniter->runController(Object(App\Controllers\Examples))
#2 /home/wwwinte/public_html/screening/system/CodeIgniter.php(333): CodeIgniter\CodeIgniter->handleRequest(NULL, Object(Config\Cache), false)
#3 /home/wwwinte/public_html/screening/public/index.php(44): CodeIgniter\CodeIgniter->run()
#4 {main}
CRITICAL - 2021-03-23 15:02:36 --> Call to undefined method App\Libraries\GroceryCrud::callback_add_field()
#0 /home/wwwinte/public_html/screening/system/CodeIgniter.php(936): App\Controllers\Examples->screening_management('edit', '1001')
#1 /home/wwwinte/public_html/screening/system/CodeIgniter.php(432): CodeIgniter\CodeIgniter->runController(Object(App\Controllers\Examples))
#2 /home/wwwinte/public_html/screening/system/CodeIgniter.php(333): CodeIgniter\CodeIgniter->handleRequest(NULL, Object(Config\Cache), false)
#3 /home/wwwinte/public_html/screening/public/index.php(44): CodeIgniter\CodeIgniter->run()
#4 {main}
CRITICAL - 2021-03-23 15:03:02 --> syntax error, unexpected 'private' (T_PRIVATE), expecting end of file
#0 /home/wwwinte/public_html/screening/system/Router/Router.php(170): CodeIgniter\Router\Router->autoRoute('examples/screen...')
#1 /home/wwwinte/public_html/screening/system/CodeIgniter.php(816): CodeIgniter\Router\Router->handle('examples/screen...')
#2 /home/wwwinte/public_html/screening/system/CodeIgniter.php(385): CodeIgniter\CodeIgniter->tryToRouteIt(Object(CodeIgniter\Router\RouteCollection))
#3 /home/wwwinte/public_html/screening/system/CodeIgniter.php(333): CodeIgniter\CodeIgniter->handleRequest(NULL, Object(Config\Cache), false)
#4 /home/wwwinte/public_html/screening/public/index.php(44): CodeIgniter\CodeIgniter->run()
#5 {main}
CRITICAL - 2021-03-23 15:03:30 --> Call to undefined method App\Libraries\GroceryCrud::callback_add_field()
#0 /home/wwwinte/public_html/screening/system/CodeIgniter.php(936): App\Controllers\Examples->screening_management('edit', '1001')
#1 /home/wwwinte/public_html/screening/system/CodeIgniter.php(432): CodeIgniter\CodeIgniter->runController(Object(App\Controllers\Examples))
#2 /home/wwwinte/public_html/screening/system/CodeIgniter.php(333): CodeIgniter\CodeIgniter->handleRequest(NULL, Object(Config\Cache), false)
#3 /home/wwwinte/public_html/screening/public/index.php(44): CodeIgniter\CodeIgniter->run()
#4 {main}
CRITICAL - 2021-03-23 15:03:50 --> syntax error, unexpected 'public' (T_PUBLIC)
#0 /home/wwwinte/public_html/screening/system/Router/Router.php(170): CodeIgniter\Router\Router->autoRoute('examples/screen...')
#1 /home/wwwinte/public_html/screening/system/CodeIgniter.php(816): CodeIgniter\Router\Router->handle('examples/screen...')
#2 /home/wwwinte/public_html/screening/system/CodeIgniter.php(385): CodeIgniter\CodeIgniter->tryToRouteIt(Object(CodeIgniter\Router\RouteCollection))
#3 /home/wwwinte/public_html/screening/system/CodeIgniter.php(333): CodeIgniter\CodeIgniter->handleRequest(NULL, Object(Config\Cache), false)
#4 /home/wwwinte/public_html/screening/public/index.php(44): CodeIgniter\CodeIgniter->run()
#5 {main}
CRITICAL - 2021-03-23 15:04:27 --> Call to undefined method App\Libraries\GroceryCrud::callback_add_field()
#0 /home/wwwinte/public_html/screening/system/CodeIgniter.php(936): App\Controllers\Examples->screening_management('edit', '1001')
#1 /home/wwwinte/public_html/screening/system/CodeIgniter.php(432): CodeIgniter\CodeIgniter->runController(Object(App\Controllers\Examples))
#2 /home/wwwinte/public_html/screening/system/CodeIgniter.php(333): CodeIgniter\CodeIgniter->handleRequest(NULL, Object(Config\Cache), false)
#3 /home/wwwinte/public_html/screening/public/index.php(44): CodeIgniter\CodeIgniter->run()
#4 {main}
CRITICAL - 2021-03-23 15:05:09 --> Call to undefined method App\Libraries\GroceryCrud::callback_add_field()
#0 /home/wwwinte/public_html/screening/system/CodeIgniter.php(936): App\Controllers\Examples->screening_management('edit', '1001')
#1 /home/wwwinte/public_html/screening/system/CodeIgniter.php(432): CodeIgniter\CodeIgniter->runController(Object(App\Controllers\Examples))
#2 /home/wwwinte/public_html/screening/system/CodeIgniter.php(333): CodeIgniter\CodeIgniter->handleRequest(NULL, Object(Config\Cache), false)
#3 /home/wwwinte/public_html/screening/public/index.php(44): CodeIgniter\CodeIgniter->run()
#4 {main}
CRITICAL - 2021-03-23 15:12:23 --> Call to undefined method App\Libraries\GroceryCrud::callback_add_field()
#0 /home/wwwinte/public_html/screening/system/CodeIgniter.php(936): App\Controllers\Examples->screening_management('edit', '1001')
#1 /home/wwwinte/public_html/screening/system/CodeIgniter.php(432): CodeIgniter\CodeIgniter->runController(Object(App\Controllers\Examples))
#2 /home/wwwinte/public_html/screening/system/CodeIgniter.php(333): CodeIgniter\CodeIgniter->handleRequest(NULL, Object(Config\Cache), false)
#3 /home/wwwinte/public_html/screening/public/index.php(44): CodeIgniter\CodeIgniter->run()
#4 {main}
CRITICAL - 2021-03-23 15:12:50 --> Call to undefined method App\Libraries\GroceryCrud::callback_add_field()
#0 /home/wwwinte/public_html/screening/system/CodeIgniter.php(936): App\Controllers\Examples->screening_management('edit', '1001')
#1 /home/wwwinte/public_html/screening/system/CodeIgniter.php(432): CodeIgniter\CodeIgniter->runController(Object(App\Controllers\Examples))
#2 /home/wwwinte/public_html/screening/system/CodeIgniter.php(333): CodeIgniter\CodeIgniter->handleRequest(NULL, Object(Config\Cache), false)
#3 /home/wwwinte/public_html/screening/public/index.php(44): CodeIgniter\CodeIgniter->run()
#4 {main}
CRITICAL - 2021-03-23 15:13:53 --> Call to undefined method App\Libraries\GroceryCrud::add_field_callback_1()
#0 /home/wwwinte/public_html/screening/system/CodeIgniter.php(936): App\Controllers\Examples->screening_management('edit', '1001')
#1 /home/wwwinte/public_html/screening/system/CodeIgniter.php(432): CodeIgniter\CodeIgniter->runController(Object(App\Controllers\Examples))
#2 /home/wwwinte/public_html/screening/system/CodeIgniter.php(333): CodeIgniter\CodeIgniter->handleRequest(NULL, Object(Config\Cache), false)
#3 /home/wwwinte/public_html/screening/public/index.php(44): CodeIgniter\CodeIgniter->run()
#4 {main}
CRITICAL - 2021-03-23 15:14:33 --> Call to undefined method App\Libraries\GroceryCrud::add_field_callback_1()
#0 /home/wwwinte/public_html/screening/system/CodeIgniter.php(936): App\Controllers\Examples->screening_management('edit', '1001')
#1 /home/wwwinte/public_html/screening/system/CodeIgniter.php(432): CodeIgniter\CodeIgniter->runController(Object(App\Controllers\Examples))
#2 /home/wwwinte/public_html/screening/system/CodeIgniter.php(333): CodeIgniter\CodeIgniter->handleRequest(NULL, Object(Config\Cache), false)
#3 /home/wwwinte/public_html/screening/public/index.php(44): CodeIgniter\CodeIgniter->run()
#4 {main}
CRITICAL - 2021-03-23 15:15:12 --> Call to undefined method App\Libraries\GroceryCrud::add_field_callback_1()
#0 /home/wwwinte/public_html/screening/system/CodeIgniter.php(936): App\Controllers\Examples->screening_management('edit', '1001')
#1 /home/wwwinte/public_html/screening/system/CodeIgniter.php(432): CodeIgniter\CodeIgniter->runController(Object(App\Controllers\Examples))
#2 /home/wwwinte/public_html/screening/system/CodeIgniter.php(333): CodeIgniter\CodeIgniter->handleRequest(NULL, Object(Config\Cache), false)
#3 /home/wwwinte/public_html/screening/public/index.php(44): CodeIgniter\CodeIgniter->run()
#4 {main}
CRITICAL - 2021-03-23 15:15:29 --> syntax error, unexpected 'public' (T_PUBLIC), expecting end of file
#0 /home/wwwinte/public_html/screening/system/Router/Router.php(170): CodeIgniter\Router\Router->autoRoute('examples/screen...')
#1 /home/wwwinte/public_html/screening/system/CodeIgniter.php(816): CodeIgniter\Router\Router->handle('examples/screen...')
#2 /home/wwwinte/public_html/screening/system/CodeIgniter.php(385): CodeIgniter\CodeIgniter->tryToRouteIt(Object(CodeIgniter\Router\RouteCollection))
#3 /home/wwwinte/public_html/screening/system/CodeIgniter.php(333): CodeIgniter\CodeIgniter->handleRequest(NULL, Object(Config\Cache), false)
#4 /home/wwwinte/public_html/screening/public/index.php(44): CodeIgniter\CodeIgniter->run()
#5 {main}
CRITICAL - 2021-03-23 15:16:45 --> Call to undefined method App\Libraries\GroceryCrud::add_field_callback_1()
#0 /home/wwwinte/public_html/screening/system/CodeIgniter.php(936): App\Controllers\Examples->screening_management('edit', '1001')
#1 /home/wwwinte/public_html/screening/system/CodeIgniter.php(432): CodeIgniter\CodeIgniter->runController(Object(App\Controllers\Examples))
#2 /home/wwwinte/public_html/screening/system/CodeIgniter.php(333): CodeIgniter\CodeIgniter->handleRequest(NULL, Object(Config\Cache), false)
#3 /home/wwwinte/public_html/screening/public/index.php(44): CodeIgniter\CodeIgniter->run()
#4 {main}
CRITICAL - 2021-03-23 15:19:34 --> Call to undefined method App\Libraries\GroceryCrud::callback_add_field()
#0 /home/wwwinte/public_html/screening/system/CodeIgniter.php(936): App\Controllers\Examples->screening_management('edit', '1001')
#1 /home/wwwinte/public_html/screening/system/CodeIgniter.php(432): CodeIgniter\CodeIgniter->runController(Object(App\Controllers\Examples))
#2 /home/wwwinte/public_html/screening/system/CodeIgniter.php(333): CodeIgniter\CodeIgniter->handleRequest(NULL, Object(Config\Cache), false)
#3 /home/wwwinte/public_html/screening/public/index.php(44): CodeIgniter\CodeIgniter->run()
#4 {main}
CRITICAL - 2021-03-23 15:24:21 --> Call to undefined method App\Libraries\GroceryCrud::callback_add_field()
#0 /home/wwwinte/public_html/screening/system/CodeIgniter.php(936): App\Controllers\Examples->screening_management('edit', '1001')
#1 /home/wwwinte/public_html/screening/system/CodeIgniter.php(432): CodeIgniter\CodeIgniter->runController(Object(App\Controllers\Examples))
#2 /home/wwwinte/public_html/screening/system/CodeIgniter.php(333): CodeIgniter\CodeIgniter->handleRequest(NULL, Object(Config\Cache), false)
#3 /home/wwwinte/public_html/screening/public/index.php(44): CodeIgniter\CodeIgniter->run()
#4 {main}
CRITICAL - 2021-03-23 15:36:58 --> You must use the "set" method to update an entry.
#0 /home/wwwinte/public_html/screening/system/Database/BaseBuilder.php(2248): CodeIgniter\Database\BaseBuilder->validateInsert()
#1 /home/wwwinte/public_html/screening/app/Models/GroceryCrudModel.php(491): CodeIgniter\Database\BaseBuilder->insert(Array)
#2 /home/wwwinte/public_html/screening/app/Libraries/GroceryCrud.php(963): App\Models\GroceryCrudModel->db_insert(Array)
#3 /home/wwwinte/public_html/screening/app/Libraries/GroceryCrud.php(4557): App\Libraries\grocery_CRUD_Model_Driver->db_insert(Object(stdClass))
#4 /home/wwwinte/public_html/screening/app/Controllers/Examples.php(141): App\Libraries\GroceryCrud->render()
#5 /home/wwwinte/public_html/screening/system/CodeIgniter.php(936): App\Controllers\Examples->screening_management('insert')
#6 /home/wwwinte/public_html/screening/system/CodeIgniter.php(432): CodeIgniter\CodeIgniter->runController(Object(App\Controllers\Examples))
#7 /home/wwwinte/public_html/screening/system/CodeIgniter.php(333): CodeIgniter\CodeIgniter->handleRequest(NULL, Object(Config\Cache), false)
#8 /home/wwwinte/public_html/screening/public/index.php(44): CodeIgniter\CodeIgniter->run()
#9 {main}
CRITICAL - 2021-03-23 15:37:05 --> You must use the "set" method to update an entry.
#0 /home/wwwinte/public_html/screening/system/Database/BaseBuilder.php(2248): CodeIgniter\Database\BaseBuilder->validateInsert()
#1 /home/wwwinte/public_html/screening/app/Models/GroceryCrudModel.php(491): CodeIgniter\Database\BaseBuilder->insert(Array)
#2 /home/wwwinte/public_html/screening/app/Libraries/GroceryCrud.php(963): App\Models\GroceryCrudModel->db_insert(Array)
#3 /home/wwwinte/public_html/screening/app/Libraries/GroceryCrud.php(4557): App\Libraries\grocery_CRUD_Model_Driver->db_insert(Object(stdClass))
#4 /home/wwwinte/public_html/screening/app/Controllers/Examples.php(141): App\Libraries\GroceryCrud->render()
#5 /home/wwwinte/public_html/screening/system/CodeIgniter.php(936): App\Controllers\Examples->screening_management('insert')
#6 /home/wwwinte/public_html/screening/system/CodeIgniter.php(432): CodeIgniter\CodeIgniter->runController(Object(App\Controllers\Examples))
#7 /home/wwwinte/public_html/screening/system/CodeIgniter.php(333): CodeIgniter\CodeIgniter->handleRequest(NULL, Object(Config\Cache), false)
#8 /home/wwwinte/public_html/screening/public/index.php(44): CodeIgniter\CodeIgniter->run()
#9 {main}
CRITICAL - 2021-03-23 19:48:31 --> Object of class App\Controllers\Examples could not be converted to string
#0 /home/wwwinte/public_html/screening/app/Controllers/Examples.php(163): CodeIgniter\Debug\Exceptions->errorHandler(4096, 'Object of class...', '/home/wwwinte/p...', 163, Array)
#1 [internal function]: App\Controllers\Examples->add_field_callback_1('0', '1001', Object(stdClass), Object(stdClass))
#2 /home/wwwinte/public_html/screening/app/Libraries/GroceryCrud.php(2597): call_user_func(Array, '0', '1001', Object(stdClass), Object(stdClass))
#3 /home/wwwinte/public_html/screening/app/Libraries/GroceryCrud.php(1832): App\Libraries\grocery_CRUD_Layout->get_edit_input_fields(Object(stdClass))
#4 /home/wwwinte/public_html/screening/app/Libraries/GroceryCrud.php(4532): App\Libraries\grocery_CRUD_Layout->showEditForm(Object(stdClass))
#5 /home/wwwinte/public_html/screening/app/Controllers/Examples.php(141): App\Libraries\GroceryCrud->render()
#6 /home/wwwinte/public_html/screening/system/CodeIgniter.php(936): App\Controllers\Examples->screening_management('edit', '1001')
#7 /home/wwwinte/public_html/screening/system/CodeIgniter.php(432): CodeIgniter\CodeIgniter->runController(Object(App\Controllers\Examples))
#8 /home/wwwinte/public_html/screening/system/CodeIgniter.php(333): CodeIgniter\CodeIgniter->handleRequest(NULL, Object(Config\Cache), false)
#9 /home/wwwinte/public_html/screening/public/index.php(44): CodeIgniter\CodeIgniter->run()
#10 {main}
CRITICAL - 2021-03-23 22:31:50 --> syntax error, unexpected 'First' (T_STRING), expecting function (T_FUNCTION) or const (T_CONST)
#0 /home/wwwinte/public_html/screening/system/Router/Router.php(170): CodeIgniter\Router\Router->autoRoute('examples/custom...')
#1 /home/wwwinte/public_html/screening/system/CodeIgniter.php(816): CodeIgniter\Router\Router->handle('examples/custom...')
#2 /home/wwwinte/public_html/screening/system/CodeIgniter.php(385): CodeIgniter\CodeIgniter->tryToRouteIt(Object(CodeIgniter\Router\RouteCollection))
#3 /home/wwwinte/public_html/screening/system/CodeIgniter.php(333): CodeIgniter\CodeIgniter->handleRequest(NULL, Object(Config\Cache), false)
#4 /home/wwwinte/public_html/screening/public/index.php(44): CodeIgniter\CodeIgniter->run()
#5 {main}
CRITICAL - 2021-03-23 22:32:38 --> Call to undefined method App\Libraries\GroceryCrud::field_type()
#0 /home/wwwinte/public_html/screening/system/CodeIgniter.php(936): App\Controllers\Examples->screening_management()
#1 /home/wwwinte/public_html/screening/system/CodeIgniter.php(432): CodeIgniter\CodeIgniter->runController(Object(App\Controllers\Examples))
#2 /home/wwwinte/public_html/screening/system/CodeIgniter.php(333): CodeIgniter\CodeIgniter->handleRequest(NULL, Object(Config\Cache), false)
#3 /home/wwwinte/public_html/screening/public/index.php(44): CodeIgniter\CodeIgniter->run()
#4 {main}
CRITICAL - 2021-03-23 23:02:24 --> Call to undefined method App\Libraries\GroceryCrud::set_model()
#0 /home/wwwinte/public_html/screening/system/CodeIgniter.php(936): App\Controllers\Examples->screening_management('edit', '1001')
#1 /home/wwwinte/public_html/screening/system/CodeIgniter.php(432): CodeIgniter\CodeIgniter->runController(Object(App\Controllers\Examples))
#2 /home/wwwinte/public_html/screening/system/CodeIgniter.php(333): CodeIgniter\CodeIgniter->handleRequest(NULL, Object(Config\Cache), false)
#3 /home/wwwinte/public_html/screening/public/index.php(44): CodeIgniter\CodeIgniter->run()
#4 {main}
CRITICAL - 2021-03-23 23:03:44 --> Call to a member function db_table_exists() on string
#0 /home/wwwinte/public_html/screening/app/Libraries/GroceryCrud.php(4970): App\Libraries\grocery_CRUD_Model_Driver->table_exists('screenings')
#1 /home/wwwinte/public_html/screening/app/Libraries/GroceryCrud.php(4450): App\Libraries\GroceryCrud->get_table()
#2 /home/wwwinte/public_html/screening/app/Libraries/GroceryCrud.php(4467): App\Libraries\GroceryCrud->pre_render()
#3 /home/wwwinte/public_html/screening/app/Controllers/Examples.php(151): App\Libraries\GroceryCrud->render()
#4 /home/wwwinte/public_html/screening/system/CodeIgniter.php(936): App\Controllers\Examples->screening_management('edit', '1001')
#5 /home/wwwinte/public_html/screening/system/CodeIgniter.php(432): CodeIgniter\CodeIgniter->runController(Object(App\Controllers\Examples))
#6 /home/wwwinte/public_html/screening/system/CodeIgniter.php(333): CodeIgniter\CodeIgniter->handleRequest(NULL, Object(Config\Cache), false)
#7 /home/wwwinte/public_html/screening/public/index.php(44): CodeIgniter\CodeIgniter->run()
#8 {main}
CRITICAL - 2021-03-23 23:04:39 --> Call to a member function db_table_exists() on string
#0 /home/wwwinte/public_html/screening/app/Libraries/GroceryCrud.php(4970): App\Libraries\grocery_CRUD_Model_Driver->table_exists('screenings')
#1 /home/wwwinte/public_html/screening/app/Libraries/GroceryCrud.php(4450): App\Libraries\GroceryCrud->get_table()
#2 /home/wwwinte/public_html/screening/app/Libraries/GroceryCrud.php(4467): App\Libraries\GroceryCrud->pre_render()
#3 /home/wwwinte/public_html/screening/app/Controllers/Examples.php(151): App\Libraries\GroceryCrud->render()
#4 /home/wwwinte/public_html/screening/system/CodeIgniter.php(936): App\Controllers\Examples->screening_management('edit', '1001')
#5 /home/wwwinte/public_html/screening/system/CodeIgniter.php(432): CodeIgniter\CodeIgniter->runController(Object(App\Controllers\Examples))
#6 /home/wwwinte/public_html/screening/system/CodeIgniter.php(333): CodeIgniter\CodeIgniter->handleRequest(NULL, Object(Config\Cache), false)
#7 /home/wwwinte/public_html/screening/public/index.php(44): CodeIgniter\CodeIgniter->run()
#8 {main}
CRITICAL - 2021-03-23 23:06:59 --> Call to a member function db_table_exists() on string
#0 /home/wwwinte/public_html/screening/app/Libraries/GroceryCrud.php(4970): App\Libraries\grocery_CRUD_Model_Driver->table_exists('screenings')
#1 /home/wwwinte/public_html/screening/app/Libraries/GroceryCrud.php(4450): App\Libraries\GroceryCrud->get_table()
#2 /home/wwwinte/public_html/screening/app/Libraries/GroceryCrud.php(4467): App\Libraries\GroceryCrud->pre_render()
#3 /home/wwwinte/public_html/screening/app/Controllers/Examples.php(151): App\Libraries\GroceryCrud->render()
#4 /home/wwwinte/public_html/screening/system/CodeIgniter.php(936): App\Controllers\Examples->screening_management('edit', '1001')
#5 /home/wwwinte/public_html/screening/system/CodeIgniter.php(432): CodeIgniter\CodeIgniter->runController(Object(App\Controllers\Examples))
#6 /home/wwwinte/public_html/screening/system/CodeIgniter.php(333): CodeIgniter\CodeIgniter->handleRequest(NULL, Object(Config\Cache), false)
#7 /home/wwwinte/public_html/screening/public/index.php(44): CodeIgniter\CodeIgniter->run()
#8 {main}
CRITICAL - 2021-03-23 23:07:46 --> Call to a member function db_table_exists() on string
#0 /home/wwwinte/public_html/screening/app/Libraries/GroceryCrud.php(4970): App\Libraries\grocery_CRUD_Model_Driver->table_exists('screenings')
#1 /home/wwwinte/public_html/screening/app/Libraries/GroceryCrud.php(4450): App\Libraries\GroceryCrud->get_table()
#2 /home/wwwinte/public_html/screening/app/Libraries/GroceryCrud.php(4467): App\Libraries\GroceryCrud->pre_render()
#3 /home/wwwinte/public_html/screening/app/Controllers/Examples.php(151): App\Libraries\GroceryCrud->render()
#4 /home/wwwinte/public_html/screening/system/CodeIgniter.php(936): App\Controllers\Examples->screening_management('edit', '1001')
#5 /home/wwwinte/public_html/screening/system/CodeIgniter.php(432): CodeIgniter\CodeIgniter->runController(Object(App\Controllers\Examples))
#6 /home/wwwinte/public_html/screening/system/CodeIgniter.php(333): CodeIgniter\CodeIgniter->handleRequest(NULL, Object(Config\Cache), false)
#7 /home/wwwinte/public_html/screening/public/index.php(44): CodeIgniter\CodeIgniter->run()
#8 {main}
CRITICAL - 2021-03-23 23:08:12 --> Call to a member function db_table_exists() on string
#0 /home/wwwinte/public_html/screening/app/Libraries/GroceryCrud.php(4970): App\Libraries\grocery_CRUD_Model_Driver->table_exists('screenings')
#1 /home/wwwinte/public_html/screening/app/Libraries/GroceryCrud.php(4450): App\Libraries\GroceryCrud->get_table()
#2 /home/wwwinte/public_html/screening/app/Libraries/GroceryCrud.php(4467): App\Libraries\GroceryCrud->pre_render()
#3 /home/wwwinte/public_html/screening/app/Controllers/Examples.php(151): App\Libraries\GroceryCrud->render()
#4 /home/wwwinte/public_html/screening/system/CodeIgniter.php(936): App\Controllers\Examples->screening_management('edit', '1001')
#5 /home/wwwinte/public_html/screening/system/CodeIgniter.php(432): CodeIgniter\CodeIgniter->runController(Object(App\Controllers\Examples))
#6 /home/wwwinte/public_html/screening/system/CodeIgniter.php(333): CodeIgniter\CodeIgniter->handleRequest(NULL, Object(Config\Cache), false)
#7 /home/wwwinte/public_html/screening/public/index.php(44): CodeIgniter\CodeIgniter->run()
#8 {main}
CRITICAL - 2021-03-23 23:08:46 --> Call to a member function db_table_exists() on string
#0 /home/wwwinte/public_html/screening/app/Libraries/GroceryCrud.php(4970): App\Libraries\grocery_CRUD_Model_Driver->table_exists('screenings')
#1 /home/wwwinte/public_html/screening/app/Libraries/GroceryCrud.php(4450): App\Libraries\GroceryCrud->get_table()
#2 /home/wwwinte/public_html/screening/app/Libraries/GroceryCrud.php(4467): App\Libraries\GroceryCrud->pre_render()
#3 /home/wwwinte/public_html/screening/app/Controllers/Examples.php(151): App\Libraries\GroceryCrud->render()
#4 /home/wwwinte/public_html/screening/system/CodeIgniter.php(936): App\Controllers\Examples->screening_management('edit', '1001')
#5 /home/wwwinte/public_html/screening/system/CodeIgniter.php(432): CodeIgniter\CodeIgniter->runController(Object(App\Controllers\Examples))
#6 /home/wwwinte/public_html/screening/system/CodeIgniter.php(333): CodeIgniter\CodeIgniter->handleRequest(NULL, Object(Config\Cache), false)
#7 /home/wwwinte/public_html/screening/public/index.php(44): CodeIgniter\CodeIgniter->run()
#8 {main}
CRITICAL - 2021-03-23 23:10:02 --> Call to a member function db_table_exists() on string
#0 /home/wwwinte/public_html/screening/app/Libraries/GroceryCrud.php(4970): App\Libraries\grocery_CRUD_Model_Driver->table_exists('screenings')
#1 /home/wwwinte/public_html/screening/app/Libraries/GroceryCrud.php(4450): App\Libraries\GroceryCrud->get_table()
#2 /home/wwwinte/public_html/screening/app/Libraries/GroceryCrud.php(4467): App\Libraries\GroceryCrud->pre_render()
#3 /home/wwwinte/public_html/screening/app/Controllers/Examples.php(151): App\Libraries\GroceryCrud->render()
#4 /home/wwwinte/public_html/screening/system/CodeIgniter.php(936): App\Controllers\Examples->screening_management('edit', '1001')
#5 /home/wwwinte/public_html/screening/system/CodeIgniter.php(432): CodeIgniter\CodeIgniter->runController(Object(App\Controllers\Examples))
#6 /home/wwwinte/public_html/screening/system/CodeIgniter.php(333): CodeIgniter\CodeIgniter->handleRequest(NULL, Object(Config\Cache), false)
#7 /home/wwwinte/public_html/screening/public/index.php(44): CodeIgniter\CodeIgniter->run()
#8 {main}
CRITICAL - 2021-03-23 23:10:42 --> Call to a member function db_table_exists() on string
#0 /home/wwwinte/public_html/screening/app/Libraries/GroceryCrud.php(4970): App\Libraries\grocery_CRUD_Model_Driver->table_exists('screenings')
#1 /home/wwwinte/public_html/screening/app/Libraries/GroceryCrud.php(4450): App\Libraries\GroceryCrud->get_table()
#2 /home/wwwinte/public_html/screening/app/Libraries/GroceryCrud.php(4467): App\Libraries\GroceryCrud->pre_render()
#3 /home/wwwinte/public_html/screening/app/Controllers/Examples.php(151): App\Libraries\GroceryCrud->render()
#4 /home/wwwinte/public_html/screening/system/CodeIgniter.php(936): App\Controllers\Examples->screening_management('edit', '1001')
#5 /home/wwwinte/public_html/screening/system/CodeIgniter.php(432): CodeIgniter\CodeIgniter->runController(Object(App\Controllers\Examples))
#6 /home/wwwinte/public_html/screening/system/CodeIgniter.php(333): CodeIgniter\CodeIgniter->handleRequest(NULL, Object(Config\Cache), false)
#7 /home/wwwinte/public_html/screening/public/index.php(44): CodeIgniter\CodeIgniter->run()
#8 {main}
CRITICAL - 2021-03-23 23:11:44 --> Call to a member function db_table_exists() on string
#0 /home/wwwinte/public_html/screening/app/Libraries/GroceryCrud.php(4970): App\Libraries\grocery_CRUD_Model_Driver->table_exists('screenings')
#1 /home/wwwinte/public_html/screening/app/Libraries/GroceryCrud.php(4450): App\Libraries\GroceryCrud->get_table()
#2 /home/wwwinte/public_html/screening/app/Libraries/GroceryCrud.php(4467): App\Libraries\GroceryCrud->pre_render()
#3 /home/wwwinte/public_html/screening/app/Controllers/Examples.php(151): App\Libraries\GroceryCrud->render()
#4 /home/wwwinte/public_html/screening/system/CodeIgniter.php(936): App\Controllers\Examples->screening_management('edit', '1001')
#5 /home/wwwinte/public_html/screening/system/CodeIgniter.php(432): CodeIgniter\CodeIgniter->runController(Object(App\Controllers\Examples))
#6 /home/wwwinte/public_html/screening/system/CodeIgniter.php(333): CodeIgniter\CodeIgniter->handleRequest(NULL, Object(Config\Cache), false)
#7 /home/wwwinte/public_html/screening/public/index.php(44): CodeIgniter\CodeIgniter->run()
#8 {main}
CRITICAL - 2021-03-23 23:15:12 --> Call to a member function db_table_exists() on string
#0 /home/wwwinte/public_html/screening/app/Libraries/GroceryCrud.php(4970): App\Libraries\grocery_CRUD_Model_Driver->table_exists('screenings')
#1 /home/wwwinte/public_html/screening/app/Libraries/GroceryCrud.php(4450): App\Libraries\GroceryCrud->get_table()
#2 /home/wwwinte/public_html/screening/app/Libraries/GroceryCrud.php(4467): App\Libraries\GroceryCrud->pre_render()
#3 /home/wwwinte/public_html/screening/app/Controllers/Examples.php(151): App\Libraries\GroceryCrud->render()
#4 /home/wwwinte/public_html/screening/system/CodeIgniter.php(936): App\Controllers\Examples->screening_management('edit', '1001')
#5 /home/wwwinte/public_html/screening/system/CodeIgniter.php(432): CodeIgniter\CodeIgniter->runController(Object(App\Controllers\Examples))
#6 /home/wwwinte/public_html/screening/system/CodeIgniter.php(333): CodeIgniter\CodeIgniter->handleRequest(NULL, Object(Config\Cache), false)
#7 /home/wwwinte/public_html/screening/public/index.php(44): CodeIgniter\CodeIgniter->run()
#8 {main}
CRITICAL - 2021-03-23 23:19:21 --> Call to a member function db_table_exists() on string
#0 /home/wwwinte/public_html/screening/app/Libraries/GroceryCrud.php(4970): App\Libraries\grocery_CRUD_Model_Driver->table_exists('screenings')
#1 /home/wwwinte/public_html/screening/app/Libraries/GroceryCrud.php(4450): App\Libraries\GroceryCrud->get_table()
#2 /home/wwwinte/public_html/screening/app/Libraries/GroceryCrud.php(4467): App\Libraries\GroceryCrud->pre_render()
#3 /home/wwwinte/public_html/screening/app/Controllers/Examples.php(151): App\Libraries\GroceryCrud->render()
#4 /home/wwwinte/public_html/screening/system/CodeIgniter.php(936): App\Controllers\Examples->screening_management('edit', '1001')
#5 /home/wwwinte/public_html/screening/system/CodeIgniter.php(432): CodeIgniter\CodeIgniter->runController(Object(App\Controllers\Examples))
#6 /home/wwwinte/public_html/screening/system/CodeIgniter.php(333): CodeIgniter\CodeIgniter->handleRequest(NULL, Object(Config\Cache), false)
#7 /home/wwwinte/public_html/screening/public/index.php(44): CodeIgniter\CodeIgniter->run()
#8 {main}
CRITICAL - 2021-03-23 23:19:51 --> Call to a member function db_table_exists() on string
#0 /home/wwwinte/public_html/screening/app/Libraries/GroceryCrud.php(4970): App\Libraries\grocery_CRUD_Model_Driver->table_exists('screenings')
#1 /home/wwwinte/public_html/screening/app/Libraries/GroceryCrud.php(4450): App\Libraries\GroceryCrud->get_table()
#2 /home/wwwinte/public_html/screening/app/Libraries/GroceryCrud.php(4467): App\Libraries\GroceryCrud->pre_render()
#3 /home/wwwinte/public_html/screening/app/Controllers/Examples.php(151): App\Libraries\GroceryCrud->render()
#4 /home/wwwinte/public_html/screening/system/CodeIgniter.php(936): App\Controllers\Examples->screening_management('edit', '1001')
#5 /home/wwwinte/public_html/screening/system/CodeIgniter.php(432): CodeIgniter\CodeIgniter->runController(Object(App\Controllers\Examples))
#6 /home/wwwinte/public_html/screening/system/CodeIgniter.php(333): CodeIgniter\CodeIgniter->handleRequest(NULL, Object(Config\Cache), false)
#7 /home/wwwinte/public_html/screening/public/index.php(44): CodeIgniter\CodeIgniter->run()
#8 {main}
CRITICAL - 2021-03-23 23:20:24 --> Call to a member function db_table_exists() on string
#0 /home/wwwinte/public_html/screening/app/Libraries/GroceryCrud.php(4970): App\Libraries\grocery_CRUD_Model_Driver->table_exists('screenings')
#1 /home/wwwinte/public_html/screening/app/Libraries/GroceryCrud.php(4450): App\Libraries\GroceryCrud->get_table()
#2 /home/wwwinte/public_html/screening/app/Libraries/GroceryCrud.php(4467): App\Libraries\GroceryCrud->pre_render()
#3 /home/wwwinte/public_html/screening/app/Controllers/Examples.php(151): App\Libraries\GroceryCrud->render()
#4 /home/wwwinte/public_html/screening/system/CodeIgniter.php(936): App\Controllers\Examples->screening_management('edit', '1001')
#5 /home/wwwinte/public_html/screening/system/CodeIgniter.php(432): CodeIgniter\CodeIgniter->runController(Object(App\Controllers\Examples))
#6 /home/wwwinte/public_html/screening/system/CodeIgniter.php(333): CodeIgniter\CodeIgniter->handleRequest(NULL, Object(Config\Cache), false)
#7 /home/wwwinte/public_html/screening/public/index.php(44): CodeIgniter\CodeIgniter->run()
#8 {main}
CRITICAL - 2021-03-23 23:20:47 --> Call to a member function db_table_exists() on string
#0 /home/wwwinte/public_html/screening/app/Libraries/GroceryCrud.php(4970): App\Libraries\grocery_CRUD_Model_Driver->table_exists('screenings')
#1 /home/wwwinte/public_html/screening/app/Libraries/GroceryCrud.php(4450): App\Libraries\GroceryCrud->get_table()
#2 /home/wwwinte/public_html/screening/app/Libraries/GroceryCrud.php(4467): App\Libraries\GroceryCrud->pre_render()
#3 /home/wwwinte/public_html/screening/app/Controllers/Examples.php(151): App\Libraries\GroceryCrud->render()
#4 /home/wwwinte/public_html/screening/system/CodeIgniter.php(936): App\Controllers\Examples->screening_management('edit', '1001')
#5 /home/wwwinte/public_html/screening/system/CodeIgniter.php(432): CodeIgniter\CodeIgniter->runController(Object(App\Controllers\Examples))
#6 /home/wwwinte/public_html/screening/system/CodeIgniter.php(333): CodeIgniter\CodeIgniter->handleRequest(NULL, Object(Config\Cache), false)
#7 /home/wwwinte/public_html/screening/public/index.php(44): CodeIgniter\CodeIgniter->run()
#8 {main}
CRITICAL - 2021-03-23 23:21:57 --> Call to a member function db_table_exists() on string
#0 /home/wwwinte/public_html/screening/app/Libraries/GroceryCrud.php(4970): App\Libraries\grocery_CRUD_Model_Driver->table_exists('screenings')
#1 /home/wwwinte/public_html/screening/app/Libraries/GroceryCrud.php(4450): App\Libraries\GroceryCrud->get_table()
#2 /home/wwwinte/public_html/screening/app/Libraries/GroceryCrud.php(4467): App\Libraries\GroceryCrud->pre_render()
#3 /home/wwwinte/public_html/screening/app/Controllers/Examples.php(151): App\Libraries\GroceryCrud->render()
#4 /home/wwwinte/public_html/screening/system/CodeIgniter.php(936): App\Controllers\Examples->screening_management('edit', '1001')
#5 /home/wwwinte/public_html/screening/system/CodeIgniter.php(432): CodeIgniter\CodeIgniter->runController(Object(App\Controllers\Examples))
#6 /home/wwwinte/public_html/screening/system/CodeIgniter.php(333): CodeIgniter\CodeIgniter->handleRequest(NULL, Object(Config\Cache), false)
#7 /home/wwwinte/public_html/screening/public/index.php(44): CodeIgniter\CodeIgniter->run()
#8 {main}
CRITICAL - 2021-03-23 23:22:12 --> Call to a member function db_table_exists() on string
#0 /home/wwwinte/public_html/screening/app/Libraries/GroceryCrud.php(4970): App\Libraries\grocery_CRUD_Model_Driver->table_exists('screenings')
#1 /home/wwwinte/public_html/screening/app/Libraries/GroceryCrud.php(4450): App\Libraries\GroceryCrud->get_table()
#2 /home/wwwinte/public_html/screening/app/Libraries/GroceryCrud.php(4467): App\Libraries\GroceryCrud->pre_render()
#3 /home/wwwinte/public_html/screening/app/Controllers/Examples.php(151): App\Libraries\GroceryCrud->render()
#4 /home/wwwinte/public_html/screening/system/CodeIgniter.php(936): App\Controllers\Examples->screening_management('edit', '1001')
#5 /home/wwwinte/public_html/screening/system/CodeIgniter.php(432): CodeIgniter\CodeIgniter->runController(Object(App\Controllers\Examples))
#6 /home/wwwinte/public_html/screening/system/CodeIgniter.php(333): CodeIgniter\CodeIgniter->handleRequest(NULL, Object(Config\Cache), false)
#7 /home/wwwinte/public_html/screening/public/index.php(44): CodeIgniter\CodeIgniter->run()
#8 {main}
CRITICAL - 2021-03-23 23:23:45 --> Call to a member function db_table_exists() on string
#0 /home/wwwinte/public_html/screening/app/Libraries/GroceryCrud.php(4970): App\Libraries\grocery_CRUD_Model_Driver->table_exists('screenings')
#1 /home/wwwinte/public_html/screening/app/Libraries/GroceryCrud.php(4450): App\Libraries\GroceryCrud->get_table()
#2 /home/wwwinte/public_html/screening/app/Libraries/GroceryCrud.php(4467): App\Libraries\GroceryCrud->pre_render()
#3 /home/wwwinte/public_html/screening/app/Controllers/Examples.php(151): App\Libraries\GroceryCrud->render()
#4 /home/wwwinte/public_html/screening/system/CodeIgniter.php(936): App\Controllers\Examples->screening_management('edit', '1001')
#5 /home/wwwinte/public_html/screening/system/CodeIgniter.php(432): CodeIgniter\CodeIgniter->runController(Object(App\Controllers\Examples))
#6 /home/wwwinte/public_html/screening/system/CodeIgniter.php(333): CodeIgniter\CodeIgniter->handleRequest(NULL, Object(Config\Cache), false)
#7 /home/wwwinte/public_html/screening/public/index.php(44): CodeIgniter\CodeIgniter->run()
#8 {main}
CRITICAL - 2021-03-23 23:25:01 --> Call to a member function db_table_exists() on string
#0 /home/wwwinte/public_html/screening/app/Libraries/GroceryCrud.php(4970): App\Libraries\grocery_CRUD_Model_Driver->table_exists('screenings')
#1 /home/wwwinte/public_html/screening/app/Libraries/GroceryCrud.php(4450): App\Libraries\GroceryCrud->get_table()
#2 /home/wwwinte/public_html/screening/app/Libraries/GroceryCrud.php(4467): App\Libraries\GroceryCrud->pre_render()
#3 /home/wwwinte/public_html/screening/app/Controllers/Examples.php(151): App\Libraries\GroceryCrud->render()
#4 /home/wwwinte/public_html/screening/system/CodeIgniter.php(936): App\Controllers\Examples->screening_management('edit', '1001')
#5 /home/wwwinte/public_html/screening/system/CodeIgniter.php(432): CodeIgniter\CodeIgniter->runController(Object(App\Controllers\Examples))
#6 /home/wwwinte/public_html/screening/system/CodeIgniter.php(333): CodeIgniter\CodeIgniter->handleRequest(NULL, Object(Config\Cache), false)
#7 /home/wwwinte/public_html/screening/public/index.php(44): CodeIgniter\CodeIgniter->run()
#8 {main}
CRITICAL - 2021-03-23 23:26:19 --> Class 'App\Controllers\interneticsModel' not found
#0 /home/wwwinte/public_html/screening/system/CodeIgniter.php(936): App\Controllers\Examples->screening_management('edit', '1001')
#1 /home/wwwinte/public_html/screening/system/CodeIgniter.php(432): CodeIgniter\CodeIgniter->runController(Object(App\Controllers\Examples))
#2 /home/wwwinte/public_html/screening/system/CodeIgniter.php(333): CodeIgniter\CodeIgniter->handleRequest(NULL, Object(Config\Cache), false)
#3 /home/wwwinte/public_html/screening/public/index.php(44): CodeIgniter\CodeIgniter->run()
#4 {main}
CRITICAL - 2021-03-23 23:26:38 --> Class 'App\Controllers\interneticsModel' not found
#0 /home/wwwinte/public_html/screening/system/CodeIgniter.php(936): App\Controllers\Examples->screening_management('edit', '1001')
#1 /home/wwwinte/public_html/screening/system/CodeIgniter.php(432): CodeIgniter\CodeIgniter->runController(Object(App\Controllers\Examples))
#2 /home/wwwinte/public_html/screening/system/CodeIgniter.php(333): CodeIgniter\CodeIgniter->handleRequest(NULL, Object(Config\Cache), false)
#3 /home/wwwinte/public_html/screening/public/index.php(44): CodeIgniter\CodeIgniter->run()
#4 {main}
CRITICAL - 2021-03-23 23:27:46 --> Class 'App\Controllers\interneticsModel' not found
#0 /home/wwwinte/public_html/screening/system/CodeIgniter.php(936): App\Controllers\Examples->screening_management('edit', '1001')
#1 /home/wwwinte/public_html/screening/system/CodeIgniter.php(432): CodeIgniter\CodeIgniter->runController(Object(App\Controllers\Examples))
#2 /home/wwwinte/public_html/screening/system/CodeIgniter.php(333): CodeIgniter\CodeIgniter->handleRequest(NULL, Object(Config\Cache), false)
#3 /home/wwwinte/public_html/screening/public/index.php(44): CodeIgniter\CodeIgniter->run()
#4 {main}
CRITICAL - 2021-03-23 23:29:28 --> Class 'App\Controllers\interneticsModel' not found
#0 /home/wwwinte/public_html/screening/system/CodeIgniter.php(936): App\Controllers\Examples->screening_management('edit', '1001')
#1 /home/wwwinte/public_html/screening/system/CodeIgniter.php(432): CodeIgniter\CodeIgniter->runController(Object(App\Controllers\Examples))
#2 /home/wwwinte/public_html/screening/system/CodeIgniter.php(333): CodeIgniter\CodeIgniter->handleRequest(NULL, Object(Config\Cache), false)
#3 /home/wwwinte/public_html/screening/public/index.php(44): CodeIgniter\CodeIgniter->run()
#4 {main}
CRITICAL - 2021-03-23 23:31:32 --> Class 'App\Controllers\interneticsModel' not found
#0 /home/wwwinte/public_html/screening/system/CodeIgniter.php(936): App\Controllers\Examples->screening_management('edit', '1001')
#1 /home/wwwinte/public_html/screening/system/CodeIgniter.php(432): CodeIgniter\CodeIgniter->runController(Object(App\Controllers\Examples))
#2 /home/wwwinte/public_html/screening/system/CodeIgniter.php(333): CodeIgniter\CodeIgniter->handleRequest(NULL, Object(Config\Cache), false)
#3 /home/wwwinte/public_html/screening/public/index.php(44): CodeIgniter\CodeIgniter->run()
#4 {main}
CRITICAL - 2021-03-23 23:34:37 --> Class 'interneticsModel' not found
#0 /home/wwwinte/public_html/screening/system/CodeIgniter.php(936): App\Controllers\Examples->screening_management('edit', '1001')
#1 /home/wwwinte/public_html/screening/system/CodeIgniter.php(432): CodeIgniter\CodeIgniter->runController(Object(App\Controllers\Examples))
#2 /home/wwwinte/public_html/screening/system/CodeIgniter.php(333): CodeIgniter\CodeIgniter->handleRequest(NULL, Object(Config\Cache), false)
#3 /home/wwwinte/public_html/screening/public/index.php(44): CodeIgniter\CodeIgniter->run()
#4 {main}
CRITICAL - 2021-03-23 23:35:20 --> Class 'interneticsModel' not found
#0 /home/wwwinte/public_html/screening/system/CodeIgniter.php(936): App\Controllers\Examples->screening_management('edit', '1001')
#1 /home/wwwinte/public_html/screening/system/CodeIgniter.php(432): CodeIgniter\CodeIgniter->runController(Object(App\Controllers\Examples))
#2 /home/wwwinte/public_html/screening/system/CodeIgniter.php(333): CodeIgniter\CodeIgniter->handleRequest(NULL, Object(Config\Cache), false)
#3 /home/wwwinte/public_html/screening/public/index.php(44): CodeIgniter\CodeIgniter->run()
#4 {main}
CRITICAL - 2021-03-23 23:38:28 --> Class 'App\Controllers\interneticsModel' not found
#0 /home/wwwinte/public_html/screening/system/CodeIgniter.php(936): App\Controllers\Examples->screening_management('edit', '1001')
#1 /home/wwwinte/public_html/screening/system/CodeIgniter.php(432): CodeIgniter\CodeIgniter->runController(Object(App\Controllers\Examples))
#2 /home/wwwinte/public_html/screening/system/CodeIgniter.php(333): CodeIgniter\CodeIgniter->handleRequest(NULL, Object(Config\Cache), false)
#3 /home/wwwinte/public_html/screening/public/index.php(44): CodeIgniter\CodeIgniter->run()
#4 {main}
CRITICAL - 2021-03-23 23:39:25 --> Class 'app\models\interneticsModel' not found
#0 /home/wwwinte/public_html/screening/system/CodeIgniter.php(936): App\Controllers\Examples->screening_management('edit', '1001')
#1 /home/wwwinte/public_html/screening/system/CodeIgniter.php(432): CodeIgniter\CodeIgniter->runController(Object(App\Controllers\Examples))
#2 /home/wwwinte/public_html/screening/system/CodeIgniter.php(333): CodeIgniter\CodeIgniter->handleRequest(NULL, Object(Config\Cache), false)
#3 /home/wwwinte/public_html/screening/public/index.php(44): CodeIgniter\CodeIgniter->run()
#4 {main}
CRITICAL - 2021-03-23 23:39:48 --> Class 'models\interneticsModel' not found
#0 /home/wwwinte/public_html/screening/system/CodeIgniter.php(936): App\Controllers\Examples->screening_management('edit', '1001')
#1 /home/wwwinte/public_html/screening/system/CodeIgniter.php(432): CodeIgniter\CodeIgniter->runController(Object(App\Controllers\Examples))
#2 /home/wwwinte/public_html/screening/system/CodeIgniter.php(333): CodeIgniter\CodeIgniter->handleRequest(NULL, Object(Config\Cache), false)
#3 /home/wwwinte/public_html/screening/public/index.php(44): CodeIgniter\CodeIgniter->run()
#4 {main}
CRITICAL - 2021-03-23 23:40:13 --> Class 'interneticsModel' not found
#0 /home/wwwinte/public_html/screening/system/CodeIgniter.php(936): App\Controllers\Examples->screening_management('edit', '1001')
#1 /home/wwwinte/public_html/screening/system/CodeIgniter.php(432): CodeIgniter\CodeIgniter->runController(Object(App\Controllers\Examples))
#2 /home/wwwinte/public_html/screening/system/CodeIgniter.php(333): CodeIgniter\CodeIgniter->handleRequest(NULL, Object(Config\Cache), false)
#3 /home/wwwinte/public_html/screening/public/index.php(44): CodeIgniter\CodeIgniter->run()
#4 {main}
CRITICAL - 2021-03-23 23:41:51 --> Class 'interneticsModel' not found
#0 /home/wwwinte/public_html/screening/system/CodeIgniter.php(936): App\Controllers\Examples->screening_management('edit', '1001')
#1 /home/wwwinte/public_html/screening/system/CodeIgniter.php(432): CodeIgniter\CodeIgniter->runController(Object(App\Controllers\Examples))
#2 /home/wwwinte/public_html/screening/system/CodeIgniter.php(333): CodeIgniter\CodeIgniter->handleRequest(NULL, Object(Config\Cache), false)
#3 /home/wwwinte/public_html/screening/public/index.php(44): CodeIgniter\CodeIgniter->run()
#4 {main}
CRITICAL - 2021-03-23 23:41:55 --> Class 'interneticsModel' not found
#0 /home/wwwinte/public_html/screening/system/CodeIgniter.php(936): App\Controllers\Examples->screening_management('edit', '1001')
#1 /home/wwwinte/public_html/screening/system/CodeIgniter.php(432): CodeIgniter\CodeIgniter->runController(Object(App\Controllers\Examples))
#2 /home/wwwinte/public_html/screening/system/CodeIgniter.php(333): CodeIgniter\CodeIgniter->handleRequest(NULL, Object(Config\Cache), false)
#3 /home/wwwinte/public_html/screening/public/index.php(44): CodeIgniter\CodeIgniter->run()
#4 {main}
CRITICAL - 2021-03-23 23:44:34 --> include(/home/wwwinte/public_html/screening/app/models/interneticsModel.php): failed to open stream: No such file or directory
#0 /home/wwwinte/public_html/screening/app/Controllers/Examples.php(126): CodeIgniter\Debug\Exceptions->errorHandler(2, 'include(/home/w...', '/home/wwwinte/p...', 126, Array)
#1 /home/wwwinte/public_html/screening/app/Controllers/Examples.php(126): include()
#2 /home/wwwinte/public_html/screening/system/CodeIgniter.php(936): App\Controllers\Examples->screening_management('edit', '1001')
#3 /home/wwwinte/public_html/screening/system/CodeIgniter.php(432): CodeIgniter\CodeIgniter->runController(Object(App\Controllers\Examples))
#4 /home/wwwinte/public_html/screening/system/CodeIgniter.php(333): CodeIgniter\CodeIgniter->handleRequest(NULL, Object(Config\Cache), false)
#5 /home/wwwinte/public_html/screening/public/index.php(44): CodeIgniter\CodeIgniter->run()
#6 {main}
CRITICAL - 2021-03-23 23:45:37 --> Class 'GroceryCrud\Core\Model' not found
#0 /home/wwwinte/public_html/screening/app/Controllers/Examples.php(126): include()
#1 /home/wwwinte/public_html/screening/system/CodeIgniter.php(936): App\Controllers\Examples->screening_management('edit', '1001')
#2 /home/wwwinte/public_html/screening/system/CodeIgniter.php(432): CodeIgniter\CodeIgniter->runController(Object(App\Controllers\Examples))
#3 /home/wwwinte/public_html/screening/system/CodeIgniter.php(333): CodeIgniter\CodeIgniter->handleRequest(NULL, Object(Config\Cache), false)
#4 /home/wwwinte/public_html/screening/public/index.php(44): CodeIgniter\CodeIgniter->run()
#5 {main}
CRITICAL - 2021-03-23 23:46:16 --> Class 'GroceryCrudModel' not found
#0 /home/wwwinte/public_html/screening/app/Controllers/Examples.php(126): include()
#1 /home/wwwinte/public_html/screening/system/CodeIgniter.php(936): App\Controllers\Examples->screening_management('edit', '1001')
#2 /home/wwwinte/public_html/screening/system/CodeIgniter.php(432): CodeIgniter\CodeIgniter->runController(Object(App\Controllers\Examples))
#3 /home/wwwinte/public_html/screening/system/CodeIgniter.php(333): CodeIgniter\CodeIgniter->handleRequest(NULL, Object(Config\Cache), false)
#4 /home/wwwinte/public_html/screening/public/index.php(44): CodeIgniter\CodeIgniter->run()
#5 {main}
CRITICAL - 2021-03-23 23:48:02 --> Class 'GroceryCrud\Core\Model' not found
#0 /home/wwwinte/public_html/screening/app/Controllers/Examples.php(126): include()
#1 /home/wwwinte/public_html/screening/system/CodeIgniter.php(936): App\Controllers\Examples->screening_management('edit', '1001')
#2 /home/wwwinte/public_html/screening/system/CodeIgniter.php(432): CodeIgniter\CodeIgniter->runController(Object(App\Controllers\Examples))
#3 /home/wwwinte/public_html/screening/system/CodeIgniter.php(333): CodeIgniter\CodeIgniter->handleRequest(NULL, Object(Config\Cache), false)
#4 /home/wwwinte/public_html/screening/public/index.php(44): CodeIgniter\CodeIgniter->run()
#5 {main}
CRITICAL - 2021-03-23 23:58:32 --> Class 'GroceryCrud\Core\Model' not found
#0 /home/wwwinte/public_html/screening/app/Controllers/Examples.php(126): include()
#1 /home/wwwinte/public_html/screening/system/CodeIgniter.php(936): App\Controllers\Examples->screening_management('edit', '1001')
#2 /home/wwwinte/public_html/screening/system/CodeIgniter.php(432): CodeIgniter\CodeIgniter->runController(Object(App\Controllers\Examples))
#3 /home/wwwinte/public_html/screening/system/CodeIgniter.php(333): CodeIgniter\CodeIgniter->handleRequest(NULL, Object(Config\Cache), false)
#4 /home/wwwinte/public_html/screening/public/index.php(44): CodeIgniter\CodeIgniter->run()
#5 {main}
