ERROR - 2021-08-18 17:34:29 --> Error connecting to the database: No such file or directory
CRITICAL - 2021-08-18 17:34:29 --> Unable to connect to the database.
#0 /var/www/html/mymisdiagnosis/system/Database/BaseConnection.php(618): CodeIgniter\Database\BaseConnection->initialize()
#1 /var/www/html/mymisdiagnosis/system/Database/BaseBuilder.php(1866): CodeIgniter\Database\BaseConnection->query('SELECT `email`,...', Array, false)
#2 /var/www/html/mymisdiagnosis/app/ThirdParty/IonAuth/Models/IonAuthModel.php(892): CodeIgniter\Database\BaseBuilder->get()
#3 [internal function]: IonAuth\Models\IonAuthModel->login('testerboy@inter...', 'testerboy', false)
#4 /var/www/html/mymisdiagnosis/app/ThirdParty/IonAuth/Libraries/IonAuth.php(104): call_user_func_array(Array, Array)
#5 /var/www/html/mymisdiagnosis/app/ThirdParty/IonAuth/Controllers/Auth.php(138): IonAuth\Libraries\IonAuth->__call('login', Array)
#6 /var/www/html/mymisdiagnosis/system/CodeIgniter.php(936): IonAuth\Controllers\Auth->login()
#7 /var/www/html/mymisdiagnosis/system/CodeIgniter.php(432): CodeIgniter\CodeIgniter->runController(Object(App\Controllers\Auth))
#8 /var/www/html/mymisdiagnosis/system/CodeIgniter.php(333): CodeIgniter\CodeIgniter->handleRequest(NULL, Object(Config\Cache), false)
#9 /var/www/html/mymisdiagnosis/public/index.php(44): CodeIgniter\CodeIgniter->run()
#10 {main}
CRITICAL - 2021-08-18 17:34:30 --> Uncaught ErrorException: print_r(): Property access is not allowed yet in /var/www/html/mymisdiagnosis/app/Views/errors/html/error_exception.php:100
Stack trace:
#0 [internal function]: CodeIgniter\Debug\Exceptions->errorHandler(2, 'print_r(): Prop...', '/var/www/html/f...', 100, Array)
#1 /var/www/html/mymisdiagnosis/app/Views/errors/html/error_exception.php(100): print_r(Object(App\Controllers\Auth), true)
#2 /var/www/html/mymisdiagnosis/system/Debug/Exceptions.php(281): include('/var/www/html/f...')
#3 /var/www/html/mymisdiagnosis/system/Debug/Exceptions.php(147): CodeIgniter\Debug\Exceptions->render(Object(CodeIgniter\Database\Exceptions\DatabaseException), 500)
#4 [internal function]: CodeIgniter\Debug\Exceptions->exceptionHandler(Object(CodeIgniter\Database\Exceptions\DatabaseException))
#5 {main}
  thrown
#0 [internal function]: CodeIgniter\Debug\Exceptions->shutdownHandler()
#1 {main}
ERROR - 2021-08-18 17:41:13 --> Error connecting to the database: No such file or directory
CRITICAL - 2021-08-18 17:41:13 --> Unable to connect to the database.
#0 /var/www/html/mymisdiagnosis/system/Database/BaseConnection.php(618): CodeIgniter\Database\BaseConnection->initialize()
#1 /var/www/html/mymisdiagnosis/system/Database/BaseBuilder.php(1866): CodeIgniter\Database\BaseConnection->query('SELECT `email`,...', Array, false)
#2 /var/www/html/mymisdiagnosis/app/ThirdParty/IonAuth/Models/IonAuthModel.php(892): CodeIgniter\Database\BaseBuilder->get()
#3 [internal function]: IonAuth\Models\IonAuthModel->login('testerboy@inter...', 'testerboy', false)
#4 /var/www/html/mymisdiagnosis/app/ThirdParty/IonAuth/Libraries/IonAuth.php(104): call_user_func_array(Array, Array)
#5 /var/www/html/mymisdiagnosis/app/ThirdParty/IonAuth/Controllers/Auth.php(138): IonAuth\Libraries\IonAuth->__call('login', Array)
#6 /var/www/html/mymisdiagnosis/system/CodeIgniter.php(936): IonAuth\Controllers\Auth->login()
#7 /var/www/html/mymisdiagnosis/system/CodeIgniter.php(432): CodeIgniter\CodeIgniter->runController(Object(App\Controllers\Auth))
#8 /var/www/html/mymisdiagnosis/system/CodeIgniter.php(333): CodeIgniter\CodeIgniter->handleRequest(NULL, Object(Config\Cache), false)
#9 /var/www/html/mymisdiagnosis/public/index.php(44): CodeIgniter\CodeIgniter->run()
#10 {main}
CRITICAL - 2021-08-18 17:41:13 --> Uncaught ErrorException: print_r(): Property access is not allowed yet in /var/www/html/mymisdiagnosis/app/Views/errors/html/error_exception.php:100
Stack trace:
#0 [internal function]: CodeIgniter\Debug\Exceptions->errorHandler(2, 'print_r(): Prop...', '/var/www/html/f...', 100, Array)
#1 /var/www/html/mymisdiagnosis/app/Views/errors/html/error_exception.php(100): print_r(Object(App\Controllers\Auth), true)
#2 /var/www/html/mymisdiagnosis/system/Debug/Exceptions.php(281): include('/var/www/html/f...')
#3 /var/www/html/mymisdiagnosis/system/Debug/Exceptions.php(147): CodeIgniter\Debug\Exceptions->render(Object(CodeIgniter\Database\Exceptions\DatabaseException), 500)
#4 [internal function]: CodeIgniter\Debug\Exceptions->exceptionHandler(Object(CodeIgniter\Database\Exceptions\DatabaseException))
#5 {main}
  thrown
#0 [internal function]: CodeIgniter\Debug\Exceptions->shutdownHandler()
#1 {main}
ERROR - 2021-08-18 17:42:00 --> Error connecting to the database: No such file or directory
CRITICAL - 2021-08-18 17:42:00 --> Unable to connect to the database.
#0 /var/www/html/mymisdiagnosis/system/Database/BaseConnection.php(618): CodeIgniter\Database\BaseConnection->initialize()
#1 /var/www/html/mymisdiagnosis/system/Database/BaseBuilder.php(1866): CodeIgniter\Database\BaseConnection->query('SELECT `email`,...', Array, false)
#2 /var/www/html/mymisdiagnosis/app/ThirdParty/IonAuth/Models/IonAuthModel.php(892): CodeIgniter\Database\BaseBuilder->get()
#3 [internal function]: IonAuth\Models\IonAuthModel->login('testerboy@inter...', 'testerboy', false)
#4 /var/www/html/mymisdiagnosis/app/ThirdParty/IonAuth/Libraries/IonAuth.php(104): call_user_func_array(Array, Array)
#5 /var/www/html/mymisdiagnosis/app/ThirdParty/IonAuth/Controllers/Auth.php(138): IonAuth\Libraries\IonAuth->__call('login', Array)
#6 /var/www/html/mymisdiagnosis/system/CodeIgniter.php(936): IonAuth\Controllers\Auth->login()
#7 /var/www/html/mymisdiagnosis/system/CodeIgniter.php(432): CodeIgniter\CodeIgniter->runController(Object(App\Controllers\Auth))
#8 /var/www/html/mymisdiagnosis/system/CodeIgniter.php(333): CodeIgniter\CodeIgniter->handleRequest(NULL, Object(Config\Cache), false)
#9 /var/www/html/mymisdiagnosis/public/index.php(44): CodeIgniter\CodeIgniter->run()
#10 {main}
CRITICAL - 2021-08-18 17:42:00 --> Uncaught ErrorException: print_r(): Property access is not allowed yet in /var/www/html/mymisdiagnosis/app/Views/errors/html/error_exception.php:100
Stack trace:
#0 [internal function]: CodeIgniter\Debug\Exceptions->errorHandler(2, 'print_r(): Prop...', '/var/www/html/f...', 100, Array)
#1 /var/www/html/mymisdiagnosis/app/Views/errors/html/error_exception.php(100): print_r(Object(App\Controllers\Auth), true)
#2 /var/www/html/mymisdiagnosis/system/Debug/Exceptions.php(281): include('/var/www/html/f...')
#3 /var/www/html/mymisdiagnosis/system/Debug/Exceptions.php(147): CodeIgniter\Debug\Exceptions->render(Object(CodeIgniter\Database\Exceptions\DatabaseException), 500)
#4 [internal function]: CodeIgniter\Debug\Exceptions->exceptionHandler(Object(CodeIgniter\Database\Exceptions\DatabaseException))
#5 {main}
  thrown
#0 [internal function]: CodeIgniter\Debug\Exceptions->shutdownHandler()
#1 {main}
ERROR - 2021-08-18 17:42:46 --> Error connecting to the database: No such file or directory
CRITICAL - 2021-08-18 17:42:46 --> Unable to connect to the database.
#0 /var/www/html/mymisdiagnosis/system/Database/BaseConnection.php(618): CodeIgniter\Database\BaseConnection->initialize()
#1 /var/www/html/mymisdiagnosis/system/Database/BaseBuilder.php(1866): CodeIgniter\Database\BaseConnection->query('SELECT `email`,...', Array, false)
#2 /var/www/html/mymisdiagnosis/app/ThirdParty/IonAuth/Models/IonAuthModel.php(892): CodeIgniter\Database\BaseBuilder->get()
#3 [internal function]: IonAuth\Models\IonAuthModel->login('testerboy@inter...', 'testerboy', false)
#4 /var/www/html/mymisdiagnosis/app/ThirdParty/IonAuth/Libraries/IonAuth.php(104): call_user_func_array(Array, Array)
#5 /var/www/html/mymisdiagnosis/app/ThirdParty/IonAuth/Controllers/Auth.php(138): IonAuth\Libraries\IonAuth->__call('login', Array)
#6 /var/www/html/mymisdiagnosis/system/CodeIgniter.php(936): IonAuth\Controllers\Auth->login()
#7 /var/www/html/mymisdiagnosis/system/CodeIgniter.php(432): CodeIgniter\CodeIgniter->runController(Object(App\Controllers\Auth))
#8 /var/www/html/mymisdiagnosis/system/CodeIgniter.php(333): CodeIgniter\CodeIgniter->handleRequest(NULL, Object(Config\Cache), false)
#9 /var/www/html/mymisdiagnosis/public/index.php(44): CodeIgniter\CodeIgniter->run()
#10 {main}
CRITICAL - 2021-08-18 17:42:46 --> Uncaught ErrorException: print_r(): Property access is not allowed yet in /var/www/html/mymisdiagnosis/app/Views/errors/html/error_exception.php:100
Stack trace:
#0 [internal function]: CodeIgniter\Debug\Exceptions->errorHandler(2, 'print_r(): Prop...', '/var/www/html/f...', 100, Array)
#1 /var/www/html/mymisdiagnosis/app/Views/errors/html/error_exception.php(100): print_r(Object(App\Controllers\Auth), true)
#2 /var/www/html/mymisdiagnosis/system/Debug/Exceptions.php(281): include('/var/www/html/f...')
#3 /var/www/html/mymisdiagnosis/system/Debug/Exceptions.php(147): CodeIgniter\Debug\Exceptions->render(Object(CodeIgniter\Database\Exceptions\DatabaseException), 500)
#4 [internal function]: CodeIgniter\Debug\Exceptions->exceptionHandler(Object(CodeIgniter\Database\Exceptions\DatabaseException))
#5 {main}
  thrown
#0 [internal function]: CodeIgniter\Debug\Exceptions->shutdownHandler()
#1 {main}
ERROR - 2021-08-18 17:43:21 --> Error connecting to the database: No such file or directory
CRITICAL - 2021-08-18 17:43:21 --> Unable to connect to the database.
#0 /var/www/html/mymisdiagnosis/system/Database/BaseConnection.php(618): CodeIgniter\Database\BaseConnection->initialize()
#1 /var/www/html/mymisdiagnosis/system/Database/BaseBuilder.php(1866): CodeIgniter\Database\BaseConnection->query('SELECT `email`,...', Array, false)
#2 /var/www/html/mymisdiagnosis/app/ThirdParty/IonAuth/Models/IonAuthModel.php(892): CodeIgniter\Database\BaseBuilder->get()
#3 [internal function]: IonAuth\Models\IonAuthModel->login('testerboy@inter...', 'testerboy', false)
#4 /var/www/html/mymisdiagnosis/app/ThirdParty/IonAuth/Libraries/IonAuth.php(104): call_user_func_array(Array, Array)
#5 /var/www/html/mymisdiagnosis/app/ThirdParty/IonAuth/Controllers/Auth.php(138): IonAuth\Libraries\IonAuth->__call('login', Array)
#6 /var/www/html/mymisdiagnosis/system/CodeIgniter.php(936): IonAuth\Controllers\Auth->login()
#7 /var/www/html/mymisdiagnosis/system/CodeIgniter.php(432): CodeIgniter\CodeIgniter->runController(Object(App\Controllers\Auth))
#8 /var/www/html/mymisdiagnosis/system/CodeIgniter.php(333): CodeIgniter\CodeIgniter->handleRequest(NULL, Object(Config\Cache), false)
#9 /var/www/html/mymisdiagnosis/public/index.php(44): CodeIgniter\CodeIgniter->run()
#10 {main}
CRITICAL - 2021-08-18 17:43:21 --> Uncaught ErrorException: print_r(): Property access is not allowed yet in /var/www/html/mymisdiagnosis/app/Views/errors/html/error_exception.php:100
Stack trace:
#0 [internal function]: CodeIgniter\Debug\Exceptions->errorHandler(2, 'print_r(): Prop...', '/var/www/html/f...', 100, Array)
#1 /var/www/html/mymisdiagnosis/app/Views/errors/html/error_exception.php(100): print_r(Object(App\Controllers\Auth), true)
#2 /var/www/html/mymisdiagnosis/system/Debug/Exceptions.php(281): include('/var/www/html/f...')
#3 /var/www/html/mymisdiagnosis/system/Debug/Exceptions.php(147): CodeIgniter\Debug\Exceptions->render(Object(CodeIgniter\Database\Exceptions\DatabaseException), 500)
#4 [internal function]: CodeIgniter\Debug\Exceptions->exceptionHandler(Object(CodeIgniter\Database\Exceptions\DatabaseException))
#5 {main}
  thrown
#0 [internal function]: CodeIgniter\Debug\Exceptions->shutdownHandler()
#1 {main}
ERROR - 2021-08-18 17:43:25 --> Error connecting to the database: No such file or directory
CRITICAL - 2021-08-18 17:43:25 --> Unable to connect to the database.
#0 /var/www/html/mymisdiagnosis/system/Database/BaseConnection.php(618): CodeIgniter\Database\BaseConnection->initialize()
#1 /var/www/html/mymisdiagnosis/system/Database/BaseBuilder.php(1866): CodeIgniter\Database\BaseConnection->query('SELECT `email`,...', Array, false)
#2 /var/www/html/mymisdiagnosis/app/ThirdParty/IonAuth/Models/IonAuthModel.php(892): CodeIgniter\Database\BaseBuilder->get()
#3 [internal function]: IonAuth\Models\IonAuthModel->login('testerboy@inter...', 'testerboy', false)
#4 /var/www/html/mymisdiagnosis/app/ThirdParty/IonAuth/Libraries/IonAuth.php(104): call_user_func_array(Array, Array)
#5 /var/www/html/mymisdiagnosis/app/ThirdParty/IonAuth/Controllers/Auth.php(138): IonAuth\Libraries\IonAuth->__call('login', Array)
#6 /var/www/html/mymisdiagnosis/system/CodeIgniter.php(936): IonAuth\Controllers\Auth->login()
#7 /var/www/html/mymisdiagnosis/system/CodeIgniter.php(432): CodeIgniter\CodeIgniter->runController(Object(App\Controllers\Auth))
#8 /var/www/html/mymisdiagnosis/system/CodeIgniter.php(333): CodeIgniter\CodeIgniter->handleRequest(NULL, Object(Config\Cache), false)
#9 /var/www/html/mymisdiagnosis/public/index.php(44): CodeIgniter\CodeIgniter->run()
#10 {main}
CRITICAL - 2021-08-18 17:43:25 --> Uncaught ErrorException: print_r(): Property access is not allowed yet in /var/www/html/mymisdiagnosis/app/Views/errors/html/error_exception.php:100
Stack trace:
#0 [internal function]: CodeIgniter\Debug\Exceptions->errorHandler(2, 'print_r(): Prop...', '/var/www/html/f...', 100, Array)
#1 /var/www/html/mymisdiagnosis/app/Views/errors/html/error_exception.php(100): print_r(Object(App\Controllers\Auth), true)
#2 /var/www/html/mymisdiagnosis/system/Debug/Exceptions.php(281): include('/var/www/html/f...')
#3 /var/www/html/mymisdiagnosis/system/Debug/Exceptions.php(147): CodeIgniter\Debug\Exceptions->render(Object(CodeIgniter\Database\Exceptions\DatabaseException), 500)
#4 [internal function]: CodeIgniter\Debug\Exceptions->exceptionHandler(Object(CodeIgniter\Database\Exceptions\DatabaseException))
#5 {main}
  thrown
#0 [internal function]: CodeIgniter\Debug\Exceptions->shutdownHandler()
#1 {main}
ERROR - 2021-08-18 17:43:28 --> Error connecting to the database: No such file or directory
CRITICAL - 2021-08-18 17:43:28 --> Unable to connect to the database.
#0 /var/www/html/mymisdiagnosis/system/Database/BaseConnection.php(618): CodeIgniter\Database\BaseConnection->initialize()
#1 /var/www/html/mymisdiagnosis/system/Database/BaseBuilder.php(1866): CodeIgniter\Database\BaseConnection->query('SELECT `email`,...', Array, false)
#2 /var/www/html/mymisdiagnosis/app/ThirdParty/IonAuth/Models/IonAuthModel.php(892): CodeIgniter\Database\BaseBuilder->get()
#3 [internal function]: IonAuth\Models\IonAuthModel->login('testerboy@inter...', 'testerboy', false)
#4 /var/www/html/mymisdiagnosis/app/ThirdParty/IonAuth/Libraries/IonAuth.php(104): call_user_func_array(Array, Array)
#5 /var/www/html/mymisdiagnosis/app/ThirdParty/IonAuth/Controllers/Auth.php(138): IonAuth\Libraries\IonAuth->__call('login', Array)
#6 /var/www/html/mymisdiagnosis/system/CodeIgniter.php(936): IonAuth\Controllers\Auth->login()
#7 /var/www/html/mymisdiagnosis/system/CodeIgniter.php(432): CodeIgniter\CodeIgniter->runController(Object(App\Controllers\Auth))
#8 /var/www/html/mymisdiagnosis/system/CodeIgniter.php(333): CodeIgniter\CodeIgniter->handleRequest(NULL, Object(Config\Cache), false)
#9 /var/www/html/mymisdiagnosis/public/index.php(44): CodeIgniter\CodeIgniter->run()
#10 {main}
CRITICAL - 2021-08-18 17:43:28 --> Uncaught ErrorException: print_r(): Property access is not allowed yet in /var/www/html/mymisdiagnosis/app/Views/errors/html/error_exception.php:100
Stack trace:
#0 [internal function]: CodeIgniter\Debug\Exceptions->errorHandler(2, 'print_r(): Prop...', '/var/www/html/f...', 100, Array)
#1 /var/www/html/mymisdiagnosis/app/Views/errors/html/error_exception.php(100): print_r(Object(App\Controllers\Auth), true)
#2 /var/www/html/mymisdiagnosis/system/Debug/Exceptions.php(281): include('/var/www/html/f...')
#3 /var/www/html/mymisdiagnosis/system/Debug/Exceptions.php(147): CodeIgniter\Debug\Exceptions->render(Object(CodeIgniter\Database\Exceptions\DatabaseException), 500)
#4 [internal function]: CodeIgniter\Debug\Exceptions->exceptionHandler(Object(CodeIgniter\Database\Exceptions\DatabaseException))
#5 {main}
  thrown
#0 [internal function]: CodeIgniter\Debug\Exceptions->shutdownHandler()
#1 {main}
ERROR - 2021-08-18 17:43:33 --> Error connecting to the database: No such file or directory
CRITICAL - 2021-08-18 17:43:33 --> Unable to connect to the database.
#0 /var/www/html/mymisdiagnosis/system/Database/BaseConnection.php(618): CodeIgniter\Database\BaseConnection->initialize()
#1 /var/www/html/mymisdiagnosis/system/Database/BaseBuilder.php(1866): CodeIgniter\Database\BaseConnection->query('SELECT `email`,...', Array, false)
#2 /var/www/html/mymisdiagnosis/app/ThirdParty/IonAuth/Models/IonAuthModel.php(892): CodeIgniter\Database\BaseBuilder->get()
#3 [internal function]: IonAuth\Models\IonAuthModel->login('testerboy@inter...', 'testerboy', false)
#4 /var/www/html/mymisdiagnosis/app/ThirdParty/IonAuth/Libraries/IonAuth.php(104): call_user_func_array(Array, Array)
#5 /var/www/html/mymisdiagnosis/app/ThirdParty/IonAuth/Controllers/Auth.php(138): IonAuth\Libraries\IonAuth->__call('login', Array)
#6 /var/www/html/mymisdiagnosis/system/CodeIgniter.php(936): IonAuth\Controllers\Auth->login()
#7 /var/www/html/mymisdiagnosis/system/CodeIgniter.php(432): CodeIgniter\CodeIgniter->runController(Object(App\Controllers\Auth))
#8 /var/www/html/mymisdiagnosis/system/CodeIgniter.php(333): CodeIgniter\CodeIgniter->handleRequest(NULL, Object(Config\Cache), false)
#9 /var/www/html/mymisdiagnosis/public/index.php(44): CodeIgniter\CodeIgniter->run()
#10 {main}
CRITICAL - 2021-08-18 17:43:33 --> Uncaught ErrorException: print_r(): Property access is not allowed yet in /var/www/html/mymisdiagnosis/app/Views/errors/html/error_exception.php:100
Stack trace:
#0 [internal function]: CodeIgniter\Debug\Exceptions->errorHandler(2, 'print_r(): Prop...', '/var/www/html/f...', 100, Array)
#1 /var/www/html/mymisdiagnosis/app/Views/errors/html/error_exception.php(100): print_r(Object(App\Controllers\Auth), true)
#2 /var/www/html/mymisdiagnosis/system/Debug/Exceptions.php(281): include('/var/www/html/f...')
#3 /var/www/html/mymisdiagnosis/system/Debug/Exceptions.php(147): CodeIgniter\Debug\Exceptions->render(Object(CodeIgniter\Database\Exceptions\DatabaseException), 500)
#4 [internal function]: CodeIgniter\Debug\Exceptions->exceptionHandler(Object(CodeIgniter\Database\Exceptions\DatabaseException))
#5 {main}
  thrown
#0 [internal function]: CodeIgniter\Debug\Exceptions->shutdownHandler()
#1 {main}
ERROR - 2021-08-18 20:06:10 --> Error connecting to the database: No such file or directory
CRITICAL - 2021-08-18 20:06:10 --> Unable to connect to the database.
#0 /var/www/html/mymisdiagnosis/system/Database/BaseConnection.php(618): CodeIgniter\Database\BaseConnection->initialize()
#1 /var/www/html/mymisdiagnosis/system/Database/BaseBuilder.php(1866): CodeIgniter\Database\BaseConnection->query('SELECT `email`,...', Array, false)
#2 /var/www/html/mymisdiagnosis/app/ThirdParty/IonAuth/Models/IonAuthModel.php(892): CodeIgniter\Database\BaseBuilder->get()
#3 [internal function]: IonAuth\Models\IonAuthModel->login('testerboy@inter...', 'testerboy', false)
#4 /var/www/html/mymisdiagnosis/app/ThirdParty/IonAuth/Libraries/IonAuth.php(104): call_user_func_array(Array, Array)
#5 /var/www/html/mymisdiagnosis/app/ThirdParty/IonAuth/Controllers/Auth.php(138): IonAuth\Libraries\IonAuth->__call('login', Array)
#6 /var/www/html/mymisdiagnosis/system/CodeIgniter.php(936): IonAuth\Controllers\Auth->login()
#7 /var/www/html/mymisdiagnosis/system/CodeIgniter.php(432): CodeIgniter\CodeIgniter->runController(Object(App\Controllers\Auth))
#8 /var/www/html/mymisdiagnosis/system/CodeIgniter.php(333): CodeIgniter\CodeIgniter->handleRequest(NULL, Object(Config\Cache), false)
#9 /var/www/html/mymisdiagnosis/public/index.php(44): CodeIgniter\CodeIgniter->run()
#10 {main}
CRITICAL - 2021-08-18 20:06:10 --> Uncaught ErrorException: print_r(): Property access is not allowed yet in /var/www/html/mymisdiagnosis/app/Views/errors/html/error_exception.php:100
Stack trace:
#0 [internal function]: CodeIgniter\Debug\Exceptions->errorHandler(2, 'print_r(): Prop...', '/var/www/html/f...', 100, Array)
#1 /var/www/html/mymisdiagnosis/app/Views/errors/html/error_exception.php(100): print_r(Object(App\Controllers\Auth), true)
#2 /var/www/html/mymisdiagnosis/system/Debug/Exceptions.php(281): include('/var/www/html/f...')
#3 /var/www/html/mymisdiagnosis/system/Debug/Exceptions.php(147): CodeIgniter\Debug\Exceptions->render(Object(CodeIgniter\Database\Exceptions\DatabaseException), 500)
#4 [internal function]: CodeIgniter\Debug\Exceptions->exceptionHandler(Object(CodeIgniter\Database\Exceptions\DatabaseException))
#5 {main}
  thrown
#0 [internal function]: CodeIgniter\Debug\Exceptions->shutdownHandler()
#1 {main}
ERROR - 2021-08-18 20:07:00 --> Error connecting to the database: No such file or directory
CRITICAL - 2021-08-18 20:07:00 --> Unable to connect to the database.
#0 /var/www/html/mymisdiagnosis/system/Database/BaseConnection.php(618): CodeIgniter\Database\BaseConnection->initialize()
#1 /var/www/html/mymisdiagnosis/system/Database/BaseBuilder.php(1866): CodeIgniter\Database\BaseConnection->query('SELECT `email`,...', Array, false)
#2 /var/www/html/mymisdiagnosis/app/ThirdParty/IonAuth/Models/IonAuthModel.php(892): CodeIgniter\Database\BaseBuilder->get()
#3 [internal function]: IonAuth\Models\IonAuthModel->login('testerboy@inter...', 'testerboy', false)
#4 /var/www/html/mymisdiagnosis/app/ThirdParty/IonAuth/Libraries/IonAuth.php(104): call_user_func_array(Array, Array)
#5 /var/www/html/mymisdiagnosis/app/ThirdParty/IonAuth/Controllers/Auth.php(138): IonAuth\Libraries\IonAuth->__call('login', Array)
#6 /var/www/html/mymisdiagnosis/system/CodeIgniter.php(936): IonAuth\Controllers\Auth->login()
#7 /var/www/html/mymisdiagnosis/system/CodeIgniter.php(432): CodeIgniter\CodeIgniter->runController(Object(App\Controllers\Auth))
#8 /var/www/html/mymisdiagnosis/system/CodeIgniter.php(333): CodeIgniter\CodeIgniter->handleRequest(NULL, Object(Config\Cache), false)
#9 /var/www/html/mymisdiagnosis/public/index.php(44): CodeIgniter\CodeIgniter->run()
#10 {main}
CRITICAL - 2021-08-18 20:07:00 --> Uncaught ErrorException: print_r(): Property access is not allowed yet in /var/www/html/mymisdiagnosis/app/Views/errors/html/error_exception.php:100
Stack trace:
#0 [internal function]: CodeIgniter\Debug\Exceptions->errorHandler(2, 'print_r(): Prop...', '/var/www/html/f...', 100, Array)
#1 /var/www/html/mymisdiagnosis/app/Views/errors/html/error_exception.php(100): print_r(Object(App\Controllers\Auth), true)
#2 /var/www/html/mymisdiagnosis/system/Debug/Exceptions.php(281): include('/var/www/html/f...')
#3 /var/www/html/mymisdiagnosis/system/Debug/Exceptions.php(147): CodeIgniter\Debug\Exceptions->render(Object(CodeIgniter\Database\Exceptions\DatabaseException), 500)
#4 [internal function]: CodeIgniter\Debug\Exceptions->exceptionHandler(Object(CodeIgniter\Database\Exceptions\DatabaseException))
#5 {main}
  thrown
#0 [internal function]: CodeIgniter\Debug\Exceptions->shutdownHandler()
#1 {main}
ERROR - 2021-08-18 20:07:24 --> Error connecting to the database: No such file or directory
CRITICAL - 2021-08-18 20:07:24 --> Unable to connect to the database.
#0 /var/www/html/mymisdiagnosis/system/Database/BaseConnection.php(618): CodeIgniter\Database\BaseConnection->initialize()
#1 /var/www/html/mymisdiagnosis/system/Database/BaseBuilder.php(1866): CodeIgniter\Database\BaseConnection->query('SELECT `email`,...', Array, false)
#2 /var/www/html/mymisdiagnosis/app/ThirdParty/IonAuth/Models/IonAuthModel.php(892): CodeIgniter\Database\BaseBuilder->get()
#3 [internal function]: IonAuth\Models\IonAuthModel->login('testerboy@inter...', 'testerboy', false)
#4 /var/www/html/mymisdiagnosis/app/ThirdParty/IonAuth/Libraries/IonAuth.php(104): call_user_func_array(Array, Array)
#5 /var/www/html/mymisdiagnosis/app/ThirdParty/IonAuth/Controllers/Auth.php(138): IonAuth\Libraries\IonAuth->__call('login', Array)
#6 /var/www/html/mymisdiagnosis/system/CodeIgniter.php(936): IonAuth\Controllers\Auth->login()
#7 /var/www/html/mymisdiagnosis/system/CodeIgniter.php(432): CodeIgniter\CodeIgniter->runController(Object(App\Controllers\Auth))
#8 /var/www/html/mymisdiagnosis/system/CodeIgniter.php(333): CodeIgniter\CodeIgniter->handleRequest(NULL, Object(Config\Cache), false)
#9 /var/www/html/mymisdiagnosis/public/index.php(44): CodeIgniter\CodeIgniter->run()
#10 {main}
CRITICAL - 2021-08-18 20:07:24 --> Uncaught ErrorException: print_r(): Property access is not allowed yet in /var/www/html/mymisdiagnosis/app/Views/errors/html/error_exception.php:100
Stack trace:
#0 [internal function]: CodeIgniter\Debug\Exceptions->errorHandler(2, 'print_r(): Prop...', '/var/www/html/f...', 100, Array)
#1 /var/www/html/mymisdiagnosis/app/Views/errors/html/error_exception.php(100): print_r(Object(App\Controllers\Auth), true)
#2 /var/www/html/mymisdiagnosis/system/Debug/Exceptions.php(281): include('/var/www/html/f...')
#3 /var/www/html/mymisdiagnosis/system/Debug/Exceptions.php(147): CodeIgniter\Debug\Exceptions->render(Object(CodeIgniter\Database\Exceptions\DatabaseException), 500)
#4 [internal function]: CodeIgniter\Debug\Exceptions->exceptionHandler(Object(CodeIgniter\Database\Exceptions\DatabaseException))
#5 {main}
  thrown
#0 [internal function]: CodeIgniter\Debug\Exceptions->shutdownHandler()
#1 {main}
ERROR - 2021-08-18 20:10:12 --> Error connecting to the database: No such file or directory
CRITICAL - 2021-08-18 20:10:12 --> Unable to connect to the database.
#0 /var/www/html/mymisdiagnosis/system/Database/BaseConnection.php(618): CodeIgniter\Database\BaseConnection->initialize()
#1 /var/www/html/mymisdiagnosis/system/Database/BaseBuilder.php(1866): CodeIgniter\Database\BaseConnection->query('SELECT `email`,...', Array, false)
#2 /var/www/html/mymisdiagnosis/app/ThirdParty/IonAuth/Models/IonAuthModel.php(892): CodeIgniter\Database\BaseBuilder->get()
#3 [internal function]: IonAuth\Models\IonAuthModel->login('testerboy@inter...', 'testerboy', false)
#4 /var/www/html/mymisdiagnosis/app/ThirdParty/IonAuth/Libraries/IonAuth.php(104): call_user_func_array(Array, Array)
#5 /var/www/html/mymisdiagnosis/app/ThirdParty/IonAuth/Controllers/Auth.php(138): IonAuth\Libraries\IonAuth->__call('login', Array)
#6 /var/www/html/mymisdiagnosis/system/CodeIgniter.php(936): IonAuth\Controllers\Auth->login()
#7 /var/www/html/mymisdiagnosis/system/CodeIgniter.php(432): CodeIgniter\CodeIgniter->runController(Object(App\Controllers\Auth))
#8 /var/www/html/mymisdiagnosis/system/CodeIgniter.php(333): CodeIgniter\CodeIgniter->handleRequest(NULL, Object(Config\Cache), false)
#9 /var/www/html/mymisdiagnosis/public/index.php(44): CodeIgniter\CodeIgniter->run()
#10 {main}
CRITICAL - 2021-08-18 20:10:12 --> Uncaught ErrorException: print_r(): Property access is not allowed yet in /var/www/html/mymisdiagnosis/app/Views/errors/html/error_exception.php:100
Stack trace:
#0 [internal function]: CodeIgniter\Debug\Exceptions->errorHandler(2, 'print_r(): Prop...', '/var/www/html/f...', 100, Array)
#1 /var/www/html/mymisdiagnosis/app/Views/errors/html/error_exception.php(100): print_r(Object(App\Controllers\Auth), true)
#2 /var/www/html/mymisdiagnosis/system/Debug/Exceptions.php(281): include('/var/www/html/f...')
#3 /var/www/html/mymisdiagnosis/system/Debug/Exceptions.php(147): CodeIgniter\Debug\Exceptions->render(Object(CodeIgniter\Database\Exceptions\DatabaseException), 500)
#4 [internal function]: CodeIgniter\Debug\Exceptions->exceptionHandler(Object(CodeIgniter\Database\Exceptions\DatabaseException))
#5 {main}
  thrown
#0 [internal function]: CodeIgniter\Debug\Exceptions->shutdownHandler()
#1 {main}
