CRITICAL - 2021-03-26 00:00:23 --> Cannot declare class App\Libraries\grocery_CRUD_Layout, because the name is already in use
#0 [internal function]: CodeIgniter\Debug\Exceptions->shutdownHandler()
#1 {main}
CRITICAL - 2021-03-26 00:00:43 --> Class 'App\Libraries\grocery_CRUD_Model' not found
#0 /home/wwwinte/public_html/screening/system/Autoloader/Autoloader.php(294): include_once()
#1 /home/wwwinte/public_html/screening/system/Autoloader/Autoloader.php(265): CodeIgniter\Autoloader\Autoloader->includeFile('/home/wwwinte/p...')
#2 /home/wwwinte/public_html/screening/system/Autoloader/Autoloader.php(228): CodeIgniter\Autoloader\Autoloader->loadInNamespace('App\\Models\\Inte...')
#3 [internal function]: CodeIgniter\Autoloader\Autoloader->loadClass('App\\Models\\Inte...')
#4 [internal function]: spl_autoload_call('App\\Models\\Inte...')
#5 /home/wwwinte/public_html/screening/system/Config/Factories.php(144): class_exists('App\\Models\\Inte...')
#6 /home/wwwinte/public_html/screening/system/Config/Factories.php(109): CodeIgniter\Config\Factories::locateClass(Array, 'App\\Models\\Inte...')
#7 /home/wwwinte/public_html/screening/system/Common.php(847): CodeIgniter\Config\Factories::__callStatic('models', Array)
#8 /home/wwwinte/public_html/screening/app/Controllers/Examples.php(133): model('App\\Models\\Inte...')
#9 /home/wwwinte/public_html/screening/system/CodeIgniter.php(936): App\Controllers\Examples->screening_management('edit', '1001')
#10 /home/wwwinte/public_html/screening/system/CodeIgniter.php(432): CodeIgniter\CodeIgniter->runController(Object(App\Controllers\Examples))
#11 /home/wwwinte/public_html/screening/system/CodeIgniter.php(333): CodeIgniter\CodeIgniter->handleRequest(NULL, Object(Config\Cache), false)
#12 /home/wwwinte/public_html/screening/public/index.php(44): CodeIgniter\CodeIgniter->run()
#13 {main}
CRITICAL - 2021-03-26 00:01:23 --> Class 'App\Libraries\Grocery_Crud' not found
#0 /home/wwwinte/public_html/screening/system/Autoloader/Autoloader.php(294): include_once()
#1 /home/wwwinte/public_html/screening/system/Autoloader/Autoloader.php(265): CodeIgniter\Autoloader\Autoloader->includeFile('/home/wwwinte/p...')
#2 /home/wwwinte/public_html/screening/system/Autoloader/Autoloader.php(228): CodeIgniter\Autoloader\Autoloader->loadInNamespace('App\\Models\\Inte...')
#3 [internal function]: CodeIgniter\Autoloader\Autoloader->loadClass('App\\Models\\Inte...')
#4 [internal function]: spl_autoload_call('App\\Models\\Inte...')
#5 /home/wwwinte/public_html/screening/system/Config/Factories.php(144): class_exists('App\\Models\\Inte...')
#6 /home/wwwinte/public_html/screening/system/Config/Factories.php(109): CodeIgniter\Config\Factories::locateClass(Array, 'App\\Models\\Inte...')
#7 /home/wwwinte/public_html/screening/system/Common.php(847): CodeIgniter\Config\Factories::__callStatic('models', Array)
#8 /home/wwwinte/public_html/screening/app/Controllers/Examples.php(133): model('App\\Models\\Inte...')
#9 /home/wwwinte/public_html/screening/system/CodeIgniter.php(936): App\Controllers\Examples->screening_management('edit', '1001')
#10 /home/wwwinte/public_html/screening/system/CodeIgniter.php(432): CodeIgniter\CodeIgniter->runController(Object(App\Controllers\Examples))
#11 /home/wwwinte/public_html/screening/system/CodeIgniter.php(333): CodeIgniter\CodeIgniter->handleRequest(NULL, Object(Config\Cache), false)
#12 /home/wwwinte/public_html/screening/public/index.php(44): CodeIgniter\CodeIgniter->run()
#13 {main}
CRITICAL - 2021-03-26 00:01:38 --> Cannot declare class App\Libraries\grocery_CRUD_Layout, because the name is already in use
#0 [internal function]: CodeIgniter\Debug\Exceptions->shutdownHandler()
#1 {main}
CRITICAL - 2021-03-26 00:01:55 --> Cannot declare class App\Libraries\grocery_CRUD_Layout, because the name is already in use
#0 [internal function]: CodeIgniter\Debug\Exceptions->shutdownHandler()
#1 {main}
CRITICAL - 2021-03-26 00:05:20 --> Cannot declare class App\Libraries\grocery_CRUD_Layout, because the name is already in use
#0 [internal function]: CodeIgniter\Debug\Exceptions->shutdownHandler()
#1 {main}
CRITICAL - 2021-03-26 00:06:45 --> Call to undefined method App\Libraries\grocery_CRUD_Layout_i::db_table_exists()
#0 /home/wwwinte/public_html/screening/app/Libraries/GroceryCrud.php(4970): App\Libraries\grocery_CRUD_Model_Driver->table_exists('screenings')
#1 /home/wwwinte/public_html/screening/app/Libraries/GroceryCrud.php(4450): App\Libraries\GroceryCrud->get_table()
#2 /home/wwwinte/public_html/screening/app/Libraries/GroceryCrud.php(4467): App\Libraries\GroceryCrud->pre_render()
#3 /home/wwwinte/public_html/screening/app/Controllers/Examples.php(162): App\Libraries\GroceryCrud->render()
#4 /home/wwwinte/public_html/screening/system/CodeIgniter.php(936): App\Controllers\Examples->screening_management('edit', '1001')
#5 /home/wwwinte/public_html/screening/system/CodeIgniter.php(432): CodeIgniter\CodeIgniter->runController(Object(App\Controllers\Examples))
#6 /home/wwwinte/public_html/screening/system/CodeIgniter.php(333): CodeIgniter\CodeIgniter->handleRequest(NULL, Object(Config\Cache), false)
#7 /home/wwwinte/public_html/screening/public/index.php(44): CodeIgniter\CodeIgniter->run()
#8 {main}
CRITICAL - 2021-03-26 00:07:22 --> Call to undefined method App\Libraries\grocery_CRUD_Layout_i::db_table_exists()
#0 /home/wwwinte/public_html/screening/app/Libraries/GroceryCrud.php(4970): App\Libraries\grocery_CRUD_Model_Driver->table_exists('screenings')
#1 /home/wwwinte/public_html/screening/app/Libraries/GroceryCrud.php(4450): App\Libraries\GroceryCrud->get_table()
#2 /home/wwwinte/public_html/screening/app/Libraries/GroceryCrud.php(4467): App\Libraries\GroceryCrud->pre_render()
#3 /home/wwwinte/public_html/screening/app/Controllers/Examples.php(162): App\Libraries\GroceryCrud->render()
#4 /home/wwwinte/public_html/screening/system/CodeIgniter.php(936): App\Controllers\Examples->screening_management('edit', '1001')
#5 /home/wwwinte/public_html/screening/system/CodeIgniter.php(432): CodeIgniter\CodeIgniter->runController(Object(App\Controllers\Examples))
#6 /home/wwwinte/public_html/screening/system/CodeIgniter.php(333): CodeIgniter\CodeIgniter->handleRequest(NULL, Object(Config\Cache), false)
#7 /home/wwwinte/public_html/screening/public/index.php(44): CodeIgniter\CodeIgniter->run()
#8 {main}
CRITICAL - 2021-03-26 00:07:45 --> Cannot declare class App\Libraries\grocery_CRUD_Layout, because the name is already in use
#0 [internal function]: CodeIgniter\Debug\Exceptions->shutdownHandler()
#1 {main}
CRITICAL - 2021-03-26 00:10:34 --> Call to undefined method App\Libraries\InterneticsModel::db_table_exists()
#0 /home/wwwinte/public_html/screening/app/Libraries/GroceryCrud.php(4970): App\Libraries\grocery_CRUD_Model_Driver->table_exists('screenings')
#1 /home/wwwinte/public_html/screening/app/Libraries/GroceryCrud.php(4450): App\Libraries\GroceryCrud->get_table()
#2 /home/wwwinte/public_html/screening/app/Libraries/GroceryCrud.php(4467): App\Libraries\GroceryCrud->pre_render()
#3 /home/wwwinte/public_html/screening/app/Controllers/Examples.php(162): App\Libraries\GroceryCrud->render()
#4 /home/wwwinte/public_html/screening/system/CodeIgniter.php(936): App\Controllers\Examples->screening_management('edit', '1001')
#5 /home/wwwinte/public_html/screening/system/CodeIgniter.php(432): CodeIgniter\CodeIgniter->runController(Object(App\Controllers\Examples))
#6 /home/wwwinte/public_html/screening/system/CodeIgniter.php(333): CodeIgniter\CodeIgniter->handleRequest(NULL, Object(Config\Cache), false)
#7 /home/wwwinte/public_html/screening/public/index.php(44): CodeIgniter\CodeIgniter->run()
#8 {main}
CRITICAL - 2021-03-26 00:11:10 --> Call to undefined method App\Libraries\InterneticsModel::db_table_exists()
#0 /home/wwwinte/public_html/screening/app/Libraries/GroceryCrud.php(4970): App\Libraries\grocery_CRUD_Model_Driver->table_exists('screenings')
#1 /home/wwwinte/public_html/screening/app/Libraries/GroceryCrud.php(4450): App\Libraries\GroceryCrud->get_table()
#2 /home/wwwinte/public_html/screening/app/Libraries/GroceryCrud.php(4467): App\Libraries\GroceryCrud->pre_render()
#3 /home/wwwinte/public_html/screening/app/Controllers/Examples.php(162): App\Libraries\GroceryCrud->render()
#4 /home/wwwinte/public_html/screening/system/CodeIgniter.php(936): App\Controllers\Examples->screening_management('edit', '1001')
#5 /home/wwwinte/public_html/screening/system/CodeIgniter.php(432): CodeIgniter\CodeIgniter->runController(Object(App\Controllers\Examples))
#6 /home/wwwinte/public_html/screening/system/CodeIgniter.php(333): CodeIgniter\CodeIgniter->handleRequest(NULL, Object(Config\Cache), false)
#7 /home/wwwinte/public_html/screening/public/index.php(44): CodeIgniter\CodeIgniter->run()
#8 {main}
CRITICAL - 2021-03-26 00:11:28 --> Call to undefined method App\Libraries\InterneticsModel::db_table_exists()
#0 /home/wwwinte/public_html/screening/app/Libraries/GroceryCrud.php(4970): App\Libraries\grocery_CRUD_Model_Driver->table_exists('screenings')
#1 /home/wwwinte/public_html/screening/app/Libraries/GroceryCrud.php(4450): App\Libraries\GroceryCrud->get_table()
#2 /home/wwwinte/public_html/screening/app/Libraries/GroceryCrud.php(4467): App\Libraries\GroceryCrud->pre_render()
#3 /home/wwwinte/public_html/screening/app/Controllers/Examples.php(162): App\Libraries\GroceryCrud->render()
#4 /home/wwwinte/public_html/screening/system/CodeIgniter.php(936): App\Controllers\Examples->screening_management('edit', '1001')
#5 /home/wwwinte/public_html/screening/system/CodeIgniter.php(432): CodeIgniter\CodeIgniter->runController(Object(App\Controllers\Examples))
#6 /home/wwwinte/public_html/screening/system/CodeIgniter.php(333): CodeIgniter\CodeIgniter->handleRequest(NULL, Object(Config\Cache), false)
#7 /home/wwwinte/public_html/screening/public/index.php(44): CodeIgniter\CodeIgniter->run()
#8 {main}
CRITICAL - 2021-03-26 00:11:45 --> Call to undefined method App\Libraries\InterneticsModel::db_table_exists()
#0 /home/wwwinte/public_html/screening/app/Libraries/GroceryCrud.php(4970): App\Libraries\grocery_CRUD_Model_Driver->table_exists('screenings')
#1 /home/wwwinte/public_html/screening/app/Libraries/GroceryCrud.php(4450): App\Libraries\GroceryCrud->get_table()
#2 /home/wwwinte/public_html/screening/app/Libraries/GroceryCrud.php(4467): App\Libraries\GroceryCrud->pre_render()
#3 /home/wwwinte/public_html/screening/app/Controllers/Examples.php(162): App\Libraries\GroceryCrud->render()
#4 /home/wwwinte/public_html/screening/system/CodeIgniter.php(936): App\Controllers\Examples->screening_management('edit', '1001')
#5 /home/wwwinte/public_html/screening/system/CodeIgniter.php(432): CodeIgniter\CodeIgniter->runController(Object(App\Controllers\Examples))
#6 /home/wwwinte/public_html/screening/system/CodeIgniter.php(333): CodeIgniter\CodeIgniter->handleRequest(NULL, Object(Config\Cache), false)
#7 /home/wwwinte/public_html/screening/public/index.php(44): CodeIgniter\CodeIgniter->run()
#8 {main}
CRITICAL - 2021-03-26 00:14:56 --> Call to undefined method App\Libraries\InterneticsModel::db_table_exists()
#0 /home/wwwinte/public_html/screening/app/Libraries/GroceryCrud.php(4970): App\Libraries\grocery_CRUD_Model_Driver->table_exists('screenings')
#1 /home/wwwinte/public_html/screening/app/Libraries/GroceryCrud.php(4450): App\Libraries\GroceryCrud->get_table()
#2 /home/wwwinte/public_html/screening/app/Libraries/GroceryCrud.php(4467): App\Libraries\GroceryCrud->pre_render()
#3 /home/wwwinte/public_html/screening/app/Controllers/Examples.php(162): App\Libraries\GroceryCrud->render()
#4 /home/wwwinte/public_html/screening/system/CodeIgniter.php(936): App\Controllers\Examples->screening_management('edit', '1001')
#5 /home/wwwinte/public_html/screening/system/CodeIgniter.php(432): CodeIgniter\CodeIgniter->runController(Object(App\Controllers\Examples))
#6 /home/wwwinte/public_html/screening/system/CodeIgniter.php(333): CodeIgniter\CodeIgniter->handleRequest(NULL, Object(Config\Cache), false)
#7 /home/wwwinte/public_html/screening/public/index.php(44): CodeIgniter\CodeIgniter->run()
#8 {main}
CRITICAL - 2021-03-26 00:16:19 --> Call to undefined method App\Libraries\InterneticsModel::db_table_exists()
#0 /home/wwwinte/public_html/screening/app/Libraries/GroceryCrud.php(4970): App\Libraries\grocery_CRUD_Model_Driver->table_exists('screenings')
#1 /home/wwwinte/public_html/screening/app/Libraries/GroceryCrud.php(4450): App\Libraries\GroceryCrud->get_table()
#2 /home/wwwinte/public_html/screening/app/Libraries/GroceryCrud.php(4467): App\Libraries\GroceryCrud->pre_render()
#3 /home/wwwinte/public_html/screening/app/Controllers/Examples.php(162): App\Libraries\GroceryCrud->render()
#4 /home/wwwinte/public_html/screening/system/CodeIgniter.php(936): App\Controllers\Examples->screening_management('edit', '1001')
#5 /home/wwwinte/public_html/screening/system/CodeIgniter.php(432): CodeIgniter\CodeIgniter->runController(Object(App\Controllers\Examples))
#6 /home/wwwinte/public_html/screening/system/CodeIgniter.php(333): CodeIgniter\CodeIgniter->handleRequest(NULL, Object(Config\Cache), false)
#7 /home/wwwinte/public_html/screening/public/index.php(44): CodeIgniter\CodeIgniter->run()
#8 {main}
CRITICAL - 2021-03-26 00:16:50 --> Call to undefined method App\Libraries\InterneticsModel::db_table_exists()
#0 /home/wwwinte/public_html/screening/app/Libraries/GroceryCrud.php(4970): App\Libraries\grocery_CRUD_Model_Driver->table_exists('screenings')
#1 /home/wwwinte/public_html/screening/app/Libraries/GroceryCrud.php(4450): App\Libraries\GroceryCrud->get_table()
#2 /home/wwwinte/public_html/screening/app/Libraries/GroceryCrud.php(4467): App\Libraries\GroceryCrud->pre_render()
#3 /home/wwwinte/public_html/screening/app/Controllers/Examples.php(162): App\Libraries\GroceryCrud->render()
#4 /home/wwwinte/public_html/screening/system/CodeIgniter.php(936): App\Controllers\Examples->screening_management('edit', '1001')
#5 /home/wwwinte/public_html/screening/system/CodeIgniter.php(432): CodeIgniter\CodeIgniter->runController(Object(App\Controllers\Examples))
#6 /home/wwwinte/public_html/screening/system/CodeIgniter.php(333): CodeIgniter\CodeIgniter->handleRequest(NULL, Object(Config\Cache), false)
#7 /home/wwwinte/public_html/screening/public/index.php(44): CodeIgniter\CodeIgniter->run()
#8 {main}
CRITICAL - 2021-03-26 00:18:02 --> Call to undefined method App\Libraries\InterneticsModel::db_table_exists()
#0 /home/wwwinte/public_html/screening/app/Libraries/GroceryCrud.php(4970): App\Libraries\grocery_CRUD_Model_Driver->table_exists('screenings')
#1 /home/wwwinte/public_html/screening/app/Libraries/GroceryCrud.php(4450): App\Libraries\GroceryCrud->get_table()
#2 /home/wwwinte/public_html/screening/app/Libraries/GroceryCrud.php(4467): App\Libraries\GroceryCrud->pre_render()
#3 /home/wwwinte/public_html/screening/app/Controllers/Examples.php(162): App\Libraries\GroceryCrud->render()
#4 /home/wwwinte/public_html/screening/system/CodeIgniter.php(936): App\Controllers\Examples->screening_management('edit', '1001')
#5 /home/wwwinte/public_html/screening/system/CodeIgniter.php(432): CodeIgniter\CodeIgniter->runController(Object(App\Controllers\Examples))
#6 /home/wwwinte/public_html/screening/system/CodeIgniter.php(333): CodeIgniter\CodeIgniter->handleRequest(NULL, Object(Config\Cache), false)
#7 /home/wwwinte/public_html/screening/public/index.php(44): CodeIgniter\CodeIgniter->run()
#8 {main}
CRITICAL - 2021-03-26 00:18:59 --> Call to undefined method App\Libraries\InterneticsModel::db_table_exists()
#0 /home/wwwinte/public_html/screening/app/Libraries/GroceryCrud.php(4970): App\Libraries\grocery_CRUD_Model_Driver->table_exists('screenings')
#1 /home/wwwinte/public_html/screening/app/Libraries/GroceryCrud.php(4450): App\Libraries\GroceryCrud->get_table()
#2 /home/wwwinte/public_html/screening/app/Libraries/GroceryCrud.php(4467): App\Libraries\GroceryCrud->pre_render()
#3 /home/wwwinte/public_html/screening/app/Controllers/Examples.php(162): App\Libraries\GroceryCrud->render()
#4 /home/wwwinte/public_html/screening/system/CodeIgniter.php(936): App\Controllers\Examples->screening_management('edit', '1001')
#5 /home/wwwinte/public_html/screening/system/CodeIgniter.php(432): CodeIgniter\CodeIgniter->runController(Object(App\Controllers\Examples))
#6 /home/wwwinte/public_html/screening/system/CodeIgniter.php(333): CodeIgniter\CodeIgniter->handleRequest(NULL, Object(Config\Cache), false)
#7 /home/wwwinte/public_html/screening/public/index.php(44): CodeIgniter\CodeIgniter->run()
#8 {main}
CRITICAL - 2021-03-26 01:02:54 --> syntax error, unexpected 'App' (T_STRING)
#0 /home/wwwinte/public_html/screening/system/Router/Router.php(170): CodeIgniter\Router\Router->autoRoute('examples/screen...')
#1 /home/wwwinte/public_html/screening/system/CodeIgniter.php(816): CodeIgniter\Router\Router->handle('examples/screen...')
#2 /home/wwwinte/public_html/screening/system/CodeIgniter.php(385): CodeIgniter\CodeIgniter->tryToRouteIt(Object(CodeIgniter\Router\RouteCollection))
#3 /home/wwwinte/public_html/screening/system/CodeIgniter.php(333): CodeIgniter\CodeIgniter->handleRequest(NULL, Object(Config\Cache), false)
#4 /home/wwwinte/public_html/screening/public/index.php(44): CodeIgniter\CodeIgniter->run()
#5 {main}
CRITICAL - 2021-03-26 01:03:22 --> Class 'App\Controllers\GroceryCrud' not found
#0 /home/wwwinte/public_html/screening/system/CodeIgniter.php(936): App\Controllers\Examples->screening_management('edit', '1002')
#1 /home/wwwinte/public_html/screening/system/CodeIgniter.php(432): CodeIgniter\CodeIgniter->runController(Object(App\Controllers\Examples))
#2 /home/wwwinte/public_html/screening/system/CodeIgniter.php(333): CodeIgniter\CodeIgniter->handleRequest(NULL, Object(Config\Cache), false)
#3 /home/wwwinte/public_html/screening/public/index.php(44): CodeIgniter\CodeIgniter->run()
#4 {main}
CRITICAL - 2021-03-26 01:05:05 --> Class 'App\Controllers\GroceryCrud' not found
#0 /home/wwwinte/public_html/screening/system/CodeIgniter.php(936): App\Controllers\Examples->screening_management('edit', '1002')
#1 /home/wwwinte/public_html/screening/system/CodeIgniter.php(432): CodeIgniter\CodeIgniter->runController(Object(App\Controllers\Examples))
#2 /home/wwwinte/public_html/screening/system/CodeIgniter.php(333): CodeIgniter\CodeIgniter->handleRequest(NULL, Object(Config\Cache), false)
#3 /home/wwwinte/public_html/screening/public/index.php(44): CodeIgniter\CodeIgniter->run()
#4 {main}
CRITICAL - 2021-03-26 01:06:04 --> Class 'App\Controllers\GroceryCrud' not found
#0 /home/wwwinte/public_html/screening/system/CodeIgniter.php(936): App\Controllers\Examples->screening_management('edit', '1002')
#1 /home/wwwinte/public_html/screening/system/CodeIgniter.php(432): CodeIgniter\CodeIgniter->runController(Object(App\Controllers\Examples))
#2 /home/wwwinte/public_html/screening/system/CodeIgniter.php(333): CodeIgniter\CodeIgniter->handleRequest(NULL, Object(Config\Cache), false)
#3 /home/wwwinte/public_html/screening/public/index.php(44): CodeIgniter\CodeIgniter->run()
#4 {main}
CRITICAL - 2021-03-26 01:06:50 --> Class 'App\Libraries\InterneticsLibrary' not found
#0 /home/wwwinte/public_html/screening/system/CodeIgniter.php(936): App\Controllers\Examples->screening_management('edit', '1002')
#1 /home/wwwinte/public_html/screening/system/CodeIgniter.php(432): CodeIgniter\CodeIgniter->runController(Object(App\Controllers\Examples))
#2 /home/wwwinte/public_html/screening/system/CodeIgniter.php(333): CodeIgniter\CodeIgniter->handleRequest(NULL, Object(Config\Cache), false)
#3 /home/wwwinte/public_html/screening/public/index.php(44): CodeIgniter\CodeIgniter->run()
#4 {main}
CRITICAL - 2021-03-26 01:08:47 --> Cannot declare class App\Libraries\grocery_CRUD_Model_Driver, because the name is already in use
#0 [internal function]: CodeIgniter\Debug\Exceptions->shutdownHandler()
#1 {main}
CRITICAL - 2021-03-26 01:08:50 --> Cannot declare class App\Libraries\grocery_CRUD_Model_Driver, because the name is already in use
#0 [internal function]: CodeIgniter\Debug\Exceptions->shutdownHandler()
#1 {main}
CRITICAL - 2021-03-26 01:09:18 --> Class 'App\Libraries\grocery_CRUD_Layout' not found
#0 /home/wwwinte/public_html/screening/system/Autoloader/Autoloader.php(294): include_once()
#1 /home/wwwinte/public_html/screening/system/Autoloader/Autoloader.php(265): CodeIgniter\Autoloader\Autoloader->includeFile('/home/wwwinte/p...')
#2 /home/wwwinte/public_html/screening/system/Autoloader/Autoloader.php(228): CodeIgniter\Autoloader\Autoloader->loadInNamespace('App\\Libraries\\I...')
#3 [internal function]: CodeIgniter\Autoloader\Autoloader->loadClass('App\\Libraries\\I...')
#4 /home/wwwinte/public_html/screening/app/Controllers/Examples.php(128): spl_autoload_call('App\\Libraries\\I...')
#5 /home/wwwinte/public_html/screening/system/CodeIgniter.php(936): App\Controllers\Examples->screening_management('edit', '1002')
#6 /home/wwwinte/public_html/screening/system/CodeIgniter.php(432): CodeIgniter\CodeIgniter->runController(Object(App\Controllers\Examples))
#7 /home/wwwinte/public_html/screening/system/CodeIgniter.php(333): CodeIgniter\CodeIgniter->handleRequest(NULL, Object(Config\Cache), false)
#8 /home/wwwinte/public_html/screening/public/index.php(44): CodeIgniter\CodeIgniter->run()
#9 {main}
CRITICAL - 2021-03-26 01:13:57 --> Class 'App\Controllers\InterneticsLibrary' not found
#0 /home/wwwinte/public_html/screening/system/CodeIgniter.php(936): App\Controllers\Examples->screening_management('edit', '1002')
#1 /home/wwwinte/public_html/screening/system/CodeIgniter.php(432): CodeIgniter\CodeIgniter->runController(Object(App\Controllers\Examples))
#2 /home/wwwinte/public_html/screening/system/CodeIgniter.php(333): CodeIgniter\CodeIgniter->handleRequest(NULL, Object(Config\Cache), false)
#3 /home/wwwinte/public_html/screening/public/index.php(44): CodeIgniter\CodeIgniter->run()
#4 {main}
CRITICAL - 2021-03-26 01:15:34 --> Class 'App\Controllers\GroceryCrud' not found
#0 /home/wwwinte/public_html/screening/system/CodeIgniter.php(936): App\Controllers\Examples->employees_management()
#1 /home/wwwinte/public_html/screening/system/CodeIgniter.php(432): CodeIgniter\CodeIgniter->runController(Object(App\Controllers\Examples))
#2 /home/wwwinte/public_html/screening/system/CodeIgniter.php(333): CodeIgniter\CodeIgniter->handleRequest(NULL, Object(Config\Cache), false)
#3 /home/wwwinte/public_html/screening/public/index.php(44): CodeIgniter\CodeIgniter->run()
#4 {main}
CRITICAL - 2021-03-26 01:17:30 --> Class 'App\Libraries\GroceryCrudx' not found
#0 /home/wwwinte/public_html/screening/system/Autoloader/Autoloader.php(294): include_once()
#1 /home/wwwinte/public_html/screening/system/Autoloader/Autoloader.php(265): CodeIgniter\Autoloader\Autoloader->includeFile('/home/wwwinte/p...')
#2 /home/wwwinte/public_html/screening/system/Autoloader/Autoloader.php(228): CodeIgniter\Autoloader\Autoloader->loadInNamespace('App\\Libraries\\I...')
#3 [internal function]: CodeIgniter\Autoloader\Autoloader->loadClass('App\\Libraries\\I...')
#4 /home/wwwinte/public_html/screening/app/Controllers/Examples.php(132): spl_autoload_call('App\\Libraries\\I...')
#5 /home/wwwinte/public_html/screening/system/CodeIgniter.php(936): App\Controllers\Examples->screening_management('edit', '1001')
#6 /home/wwwinte/public_html/screening/system/CodeIgniter.php(432): CodeIgniter\CodeIgniter->runController(Object(App\Controllers\Examples))
#7 /home/wwwinte/public_html/screening/system/CodeIgniter.php(333): CodeIgniter\CodeIgniter->handleRequest(NULL, Object(Config\Cache), false)
#8 /home/wwwinte/public_html/screening/public/index.php(44): CodeIgniter\CodeIgniter->run()
#9 {main}
CRITICAL - 2021-03-26 01:31:55 --> syntax error, unexpected 'checkbox' (T_STRING)
#0 /home/wwwinte/public_html/screening/system/Autoloader/Autoloader.php(265): CodeIgniter\Autoloader\Autoloader->includeFile('/home/wwwinte/p...')
#1 /home/wwwinte/public_html/screening/system/Autoloader/Autoloader.php(228): CodeIgniter\Autoloader\Autoloader->loadInNamespace('App\\Libraries\\I...')
#2 [internal function]: CodeIgniter\Autoloader\Autoloader->loadClass('App\\Libraries\\I...')
#3 /home/wwwinte/public_html/screening/app/Controllers/Examples.php(132): spl_autoload_call('App\\Libraries\\I...')
#4 /home/wwwinte/public_html/screening/system/CodeIgniter.php(936): App\Controllers\Examples->screening_management('edit', '1001')
#5 /home/wwwinte/public_html/screening/system/CodeIgniter.php(432): CodeIgniter\CodeIgniter->runController(Object(App\Controllers\Examples))
#6 /home/wwwinte/public_html/screening/system/CodeIgniter.php(333): CodeIgniter\CodeIgniter->handleRequest(NULL, Object(Config\Cache), false)
#7 /home/wwwinte/public_html/screening/public/index.php(44): CodeIgniter\CodeIgniter->run()
#8 {main}
CRITICAL - 2021-03-26 01:32:12 --> syntax error, unexpected 'checkbox' (T_STRING)
#0 /home/wwwinte/public_html/screening/system/Autoloader/Autoloader.php(265): CodeIgniter\Autoloader\Autoloader->includeFile('/home/wwwinte/p...')
#1 /home/wwwinte/public_html/screening/system/Autoloader/Autoloader.php(228): CodeIgniter\Autoloader\Autoloader->loadInNamespace('App\\Libraries\\I...')
#2 [internal function]: CodeIgniter\Autoloader\Autoloader->loadClass('App\\Libraries\\I...')
#3 /home/wwwinte/public_html/screening/app/Controllers/Examples.php(132): spl_autoload_call('App\\Libraries\\I...')
#4 /home/wwwinte/public_html/screening/system/CodeIgniter.php(936): App\Controllers\Examples->screening_management('edit', '1001')
#5 /home/wwwinte/public_html/screening/system/CodeIgniter.php(432): CodeIgniter\CodeIgniter->runController(Object(App\Controllers\Examples))
#6 /home/wwwinte/public_html/screening/system/CodeIgniter.php(333): CodeIgniter\CodeIgniter->handleRequest(NULL, Object(Config\Cache), false)
#7 /home/wwwinte/public_html/screening/public/index.php(44): CodeIgniter\CodeIgniter->run()
#8 {main}
CRITICAL - 2021-03-26 01:32:29 --> syntax error, unexpected '"'
#0 /home/wwwinte/public_html/screening/system/Autoloader/Autoloader.php(265): CodeIgniter\Autoloader\Autoloader->includeFile('/home/wwwinte/p...')
#1 /home/wwwinte/public_html/screening/system/Autoloader/Autoloader.php(228): CodeIgniter\Autoloader\Autoloader->loadInNamespace('App\\Libraries\\I...')
#2 [internal function]: CodeIgniter\Autoloader\Autoloader->loadClass('App\\Libraries\\I...')
#3 /home/wwwinte/public_html/screening/app/Controllers/Examples.php(132): spl_autoload_call('App\\Libraries\\I...')
#4 /home/wwwinte/public_html/screening/system/CodeIgniter.php(936): App\Controllers\Examples->screening_management('edit', '1001')
#5 /home/wwwinte/public_html/screening/system/CodeIgniter.php(432): CodeIgniter\CodeIgniter->runController(Object(App\Controllers\Examples))
#6 /home/wwwinte/public_html/screening/system/CodeIgniter.php(333): CodeIgniter\CodeIgniter->handleRequest(NULL, Object(Config\Cache), false)
#7 /home/wwwinte/public_html/screening/public/index.php(44): CodeIgniter\CodeIgniter->run()
#8 {main}
CRITICAL - 2021-03-26 01:32:50 --> syntax error, unexpected end of file
#0 /home/wwwinte/public_html/screening/system/Autoloader/Autoloader.php(265): CodeIgniter\Autoloader\Autoloader->includeFile('/home/wwwinte/p...')
#1 /home/wwwinte/public_html/screening/system/Autoloader/Autoloader.php(228): CodeIgniter\Autoloader\Autoloader->loadInNamespace('App\\Libraries\\I...')
#2 [internal function]: CodeIgniter\Autoloader\Autoloader->loadClass('App\\Libraries\\I...')
#3 /home/wwwinte/public_html/screening/app/Controllers/Examples.php(132): spl_autoload_call('App\\Libraries\\I...')
#4 /home/wwwinte/public_html/screening/system/CodeIgniter.php(936): App\Controllers\Examples->screening_management('edit', '1001')
#5 /home/wwwinte/public_html/screening/system/CodeIgniter.php(432): CodeIgniter\CodeIgniter->runController(Object(App\Controllers\Examples))
#6 /home/wwwinte/public_html/screening/system/CodeIgniter.php(333): CodeIgniter\CodeIgniter->handleRequest(NULL, Object(Config\Cache), false)
#7 /home/wwwinte/public_html/screening/public/index.php(44): CodeIgniter\CodeIgniter->run()
#8 {main}
CRITICAL - 2021-03-26 01:33:51 --> syntax error, unexpected end of file
#0 /home/wwwinte/public_html/screening/system/Autoloader/Autoloader.php(265): CodeIgniter\Autoloader\Autoloader->includeFile('/home/wwwinte/p...')
#1 /home/wwwinte/public_html/screening/system/Autoloader/Autoloader.php(228): CodeIgniter\Autoloader\Autoloader->loadInNamespace('App\\Libraries\\I...')
#2 [internal function]: CodeIgniter\Autoloader\Autoloader->loadClass('App\\Libraries\\I...')
#3 /home/wwwinte/public_html/screening/app/Controllers/Examples.php(132): spl_autoload_call('App\\Libraries\\I...')
#4 /home/wwwinte/public_html/screening/system/CodeIgniter.php(936): App\Controllers\Examples->screening_management('edit', '1001')
#5 /home/wwwinte/public_html/screening/system/CodeIgniter.php(432): CodeIgniter\CodeIgniter->runController(Object(App\Controllers\Examples))
#6 /home/wwwinte/public_html/screening/system/CodeIgniter.php(333): CodeIgniter\CodeIgniter->handleRequest(NULL, Object(Config\Cache), false)
#7 /home/wwwinte/public_html/screening/public/index.php(44): CodeIgniter\CodeIgniter->run()
#8 {main}
CRITICAL - 2021-03-26 01:37:41 --> syntax error, unexpected 'checkbox' (T_STRING)
#0 /home/wwwinte/public_html/screening/system/Autoloader/Autoloader.php(265): CodeIgniter\Autoloader\Autoloader->includeFile('/home/wwwinte/p...')
#1 /home/wwwinte/public_html/screening/system/Autoloader/Autoloader.php(228): CodeIgniter\Autoloader\Autoloader->loadInNamespace('App\\Libraries\\I...')
#2 [internal function]: CodeIgniter\Autoloader\Autoloader->loadClass('App\\Libraries\\I...')
#3 /home/wwwinte/public_html/screening/app/Controllers/Examples.php(132): spl_autoload_call('App\\Libraries\\I...')
#4 /home/wwwinte/public_html/screening/system/CodeIgniter.php(936): App\Controllers\Examples->screening_management('edit', '1001')
#5 /home/wwwinte/public_html/screening/system/CodeIgniter.php(432): CodeIgniter\CodeIgniter->runController(Object(App\Controllers\Examples))
#6 /home/wwwinte/public_html/screening/system/CodeIgniter.php(333): CodeIgniter\CodeIgniter->handleRequest(NULL, Object(Config\Cache), false)
#7 /home/wwwinte/public_html/screening/public/index.php(44): CodeIgniter\CodeIgniter->run()
#8 {main}
CRITICAL - 2021-03-26 01:43:03 --> syntax error, unexpected '<', expecting end of file
#0 /home/wwwinte/public_html/screening/system/Autoloader/Autoloader.php(265): CodeIgniter\Autoloader\Autoloader->includeFile('/home/wwwinte/p...')
#1 /home/wwwinte/public_html/screening/system/Autoloader/Autoloader.php(228): CodeIgniter\Autoloader\Autoloader->loadInNamespace('App\\Libraries\\I...')
#2 [internal function]: CodeIgniter\Autoloader\Autoloader->loadClass('App\\Libraries\\I...')
#3 /home/wwwinte/public_html/screening/app/Controllers/Examples.php(132): spl_autoload_call('App\\Libraries\\I...')
#4 /home/wwwinte/public_html/screening/system/CodeIgniter.php(936): App\Controllers\Examples->screening_management('edit', '1001')
#5 /home/wwwinte/public_html/screening/system/CodeIgniter.php(432): CodeIgniter\CodeIgniter->runController(Object(App\Controllers\Examples))
#6 /home/wwwinte/public_html/screening/system/CodeIgniter.php(333): CodeIgniter\CodeIgniter->handleRequest(NULL, Object(Config\Cache), false)
#7 /home/wwwinte/public_html/screening/public/index.php(44): CodeIgniter\CodeIgniter->run()
#8 {main}
CRITICAL - 2021-03-26 01:43:59 --> Namespace declaration statement has to be the very first statement or after any declare call in the script
#0 [internal function]: CodeIgniter\Debug\Exceptions->shutdownHandler()
#1 {main}
CRITICAL - 2021-03-26 01:55:09 --> syntax error, unexpected 'hidden' (T_STRING)
#0 /home/wwwinte/public_html/screening/system/Autoloader/Autoloader.php(265): CodeIgniter\Autoloader\Autoloader->includeFile('/home/wwwinte/p...')
#1 /home/wwwinte/public_html/screening/system/Autoloader/Autoloader.php(228): CodeIgniter\Autoloader\Autoloader->loadInNamespace('App\\Libraries\\I...')
#2 [internal function]: CodeIgniter\Autoloader\Autoloader->loadClass('App\\Libraries\\I...')
#3 /home/wwwinte/public_html/screening/app/Controllers/Examples.php(132): spl_autoload_call('App\\Libraries\\I...')
#4 /home/wwwinte/public_html/screening/system/CodeIgniter.php(936): App\Controllers\Examples->screening_management('edit', '1001')
#5 /home/wwwinte/public_html/screening/system/CodeIgniter.php(432): CodeIgniter\CodeIgniter->runController(Object(App\Controllers\Examples))
#6 /home/wwwinte/public_html/screening/system/CodeIgniter.php(333): CodeIgniter\CodeIgniter->handleRequest(NULL, Object(Config\Cache), false)
#7 /home/wwwinte/public_html/screening/public/index.php(44): CodeIgniter\CodeIgniter->run()
#8 {main}
CRITICAL - 2021-03-26 02:00:57 --> Cannot declare class App\Libraries\InterneticsLibrary, because the name is already in use
#0 [internal function]: CodeIgniter\Debug\Exceptions->shutdownHandler()
#1 {main}
CRITICAL - 2021-03-26 02:01:31 --> Cannot declare class App\Libraries\InterneticsLibrary, because the name is already in use
#0 [internal function]: CodeIgniter\Debug\Exceptions->shutdownHandler()
#1 {main}
CRITICAL - 2021-03-26 02:51:40 --> syntax error, unexpected '}', expecting end of file
#0 /home/wwwinte/public_html/screening/system/Autoloader/Autoloader.php(265): CodeIgniter\Autoloader\Autoloader->includeFile('/home/wwwinte/p...')
#1 /home/wwwinte/public_html/screening/system/Autoloader/Autoloader.php(228): CodeIgniter\Autoloader\Autoloader->loadInNamespace('App\\Libraries\\I...')
#2 [internal function]: CodeIgniter\Autoloader\Autoloader->loadClass('App\\Libraries\\I...')
#3 /home/wwwinte/public_html/screening/app/Controllers/Examples.php(132): spl_autoload_call('App\\Libraries\\I...')
#4 /home/wwwinte/public_html/screening/system/CodeIgniter.php(936): App\Controllers\Examples->screening_management('edit', '1003')
#5 /home/wwwinte/public_html/screening/system/CodeIgniter.php(432): CodeIgniter\CodeIgniter->runController(Object(App\Controllers\Examples))
#6 /home/wwwinte/public_html/screening/system/CodeIgniter.php(333): CodeIgniter\CodeIgniter->handleRequest(NULL, Object(Config\Cache), false)
#7 /home/wwwinte/public_html/screening/public/index.php(44): CodeIgniter\CodeIgniter->run()
#8 {main}
CRITICAL - 2021-03-26 04:18:37 --> include(assets/grocery_crud/themes/bootstrap-interneticsx/config.php): failed to open stream: No such file or directory
#0 /home/wwwinte/public_html/screening/app/Libraries/GroceryCrud.php(2731): CodeIgniter\Debug\Exceptions->errorHandler(2, 'include(assets/...', '/home/wwwinte/p...', 2731, Array)
#1 /home/wwwinte/public_html/screening/app/Libraries/GroceryCrud.php(2731): include()
#2 /home/wwwinte/public_html/screening/app/Libraries/GroceryCrud.php(4526): App\Libraries\grocery_CRUD_Layout->setThemeBasics()
#3 /home/wwwinte/public_html/screening/app/Controllers/Examples.php(161): App\Libraries\GroceryCrud->render()
#4 /home/wwwinte/public_html/screening/system/CodeIgniter.php(936): App\Controllers\Examples->screening_management('edit', '1001')
#5 /home/wwwinte/public_html/screening/system/CodeIgniter.php(432): CodeIgniter\CodeIgniter->runController(Object(App\Controllers\Examples))
#6 /home/wwwinte/public_html/screening/system/CodeIgniter.php(333): CodeIgniter\CodeIgniter->handleRequest(NULL, Object(Config\Cache), false)
#7 /home/wwwinte/public_html/screening/public/index.php(44): CodeIgniter\CodeIgniter->run()
#8 {main}
CRITICAL - 2021-03-26 04:21:33 --> include(assets/grocery_crud/themes/datatable/config.php): failed to open stream: No such file or directory
#0 /home/wwwinte/public_html/screening/app/Libraries/GroceryCrud.php(2731): CodeIgniter\Debug\Exceptions->errorHandler(2, 'include(assets/...', '/home/wwwinte/p...', 2731, Array)
#1 /home/wwwinte/public_html/screening/app/Libraries/GroceryCrud.php(2731): include()
#2 /home/wwwinte/public_html/screening/app/Libraries/GroceryCrud.php(4526): App\Libraries\grocery_CRUD_Layout->setThemeBasics()
#3 /home/wwwinte/public_html/screening/app/Controllers/Examples.php(161): App\Libraries\GroceryCrud->render()
#4 /home/wwwinte/public_html/screening/system/CodeIgniter.php(936): App\Controllers\Examples->screening_management('edit', '1001')
#5 /home/wwwinte/public_html/screening/system/CodeIgniter.php(432): CodeIgniter\CodeIgniter->runController(Object(App\Controllers\Examples))
#6 /home/wwwinte/public_html/screening/system/CodeIgniter.php(333): CodeIgniter\CodeIgniter->handleRequest(NULL, Object(Config\Cache), false)
#7 /home/wwwinte/public_html/screening/public/index.php(44): CodeIgniter\CodeIgniter->run()
#8 {main}
CRITICAL - 2021-03-26 05:15:10 --> syntax error, unexpected 'col' (T_STRING)
#0 /home/wwwinte/public_html/screening/system/Autoloader/Autoloader.php(265): CodeIgniter\Autoloader\Autoloader->includeFile('/home/wwwinte/p...')
#1 /home/wwwinte/public_html/screening/system/Autoloader/Autoloader.php(228): CodeIgniter\Autoloader\Autoloader->loadInNamespace('App\\Libraries\\I...')
#2 [internal function]: CodeIgniter\Autoloader\Autoloader->loadClass('App\\Libraries\\I...')
#3 /home/wwwinte/public_html/screening/app/Controllers/Examples.php(132): spl_autoload_call('App\\Libraries\\I...')
#4 /home/wwwinte/public_html/screening/system/CodeIgniter.php(936): App\Controllers\Examples->screening_management('edit', '1001')
#5 /home/wwwinte/public_html/screening/system/CodeIgniter.php(432): CodeIgniter\CodeIgniter->runController(Object(App\Controllers\Examples))
#6 /home/wwwinte/public_html/screening/system/CodeIgniter.php(333): CodeIgniter\CodeIgniter->handleRequest(NULL, Object(Config\Cache), false)
#7 /home/wwwinte/public_html/screening/public/index.php(44): CodeIgniter\CodeIgniter->run()
#8 {main}
CRITICAL - 2021-03-26 05:21:30 --> syntax error, unexpected 'container' (T_STRING)
#0 /home/wwwinte/public_html/screening/system/Autoloader/Autoloader.php(265): CodeIgniter\Autoloader\Autoloader->includeFile('/home/wwwinte/p...')
#1 /home/wwwinte/public_html/screening/system/Autoloader/Autoloader.php(228): CodeIgniter\Autoloader\Autoloader->loadInNamespace('App\\Libraries\\I...')
#2 [internal function]: CodeIgniter\Autoloader\Autoloader->loadClass('App\\Libraries\\I...')
#3 /home/wwwinte/public_html/screening/app/Controllers/Examples.php(132): spl_autoload_call('App\\Libraries\\I...')
#4 /home/wwwinte/public_html/screening/system/CodeIgniter.php(936): App\Controllers\Examples->screening_management('edit', '1001')
#5 /home/wwwinte/public_html/screening/system/CodeIgniter.php(432): CodeIgniter\CodeIgniter->runController(Object(App\Controllers\Examples))
#6 /home/wwwinte/public_html/screening/system/CodeIgniter.php(333): CodeIgniter\CodeIgniter->handleRequest(NULL, Object(Config\Cache), false)
#7 /home/wwwinte/public_html/screening/public/index.php(44): CodeIgniter\CodeIgniter->run()
#8 {main}
CRITICAL - 2021-03-26 20:56:32 --> Invalid file: example.php
#0 /home/wwwinte/public_html/screening/system/View/View.php(203): CodeIgniter\Exceptions\FrameworkException::forInvalidFile('example.php')
#1 /home/wwwinte/public_html/screening/system/Common.php(1217): CodeIgniter\View\View->render('example', Array, true)
#2 /home/wwwinte/public_html/screening/app/Controllers/Product.php(183): view('example', Array)
#3 /home/wwwinte/public_html/screening/app/Controllers/Product.php(164): App\Controllers\Product->_productOutput(Object(stdClass))
#4 /home/wwwinte/public_html/screening/system/CodeIgniter.php(936): App\Controllers\Product->screening_management('edit', '1001')
#5 /home/wwwinte/public_html/screening/system/CodeIgniter.php(432): CodeIgniter\CodeIgniter->runController(Object(App\Controllers\Product))
#6 /home/wwwinte/public_html/screening/system/CodeIgniter.php(333): CodeIgniter\CodeIgniter->handleRequest(NULL, Object(Config\Cache), false)
#7 /home/wwwinte/public_html/screening/public/index.php(44): CodeIgniter\CodeIgniter->run()
#8 {main}
CRITICAL - 2021-03-26 20:56:50 --> Invalid file: example.php
#0 /home/wwwinte/public_html/screening/system/View/View.php(203): CodeIgniter\Exceptions\FrameworkException::forInvalidFile('example.php')
#1 /home/wwwinte/public_html/screening/system/Common.php(1217): CodeIgniter\View\View->render('example', Array, true)
#2 /home/wwwinte/public_html/screening/app/Controllers/Product.php(183): view('example', Array)
#3 /home/wwwinte/public_html/screening/app/Controllers/Product.php(164): App\Controllers\Product->_productOutput(Object(stdClass))
#4 /home/wwwinte/public_html/screening/system/CodeIgniter.php(936): App\Controllers\Product->screening_management('edit', '1001')
#5 /home/wwwinte/public_html/screening/system/CodeIgniter.php(432): CodeIgniter\CodeIgniter->runController(Object(App\Controllers\Product))
#6 /home/wwwinte/public_html/screening/system/CodeIgniter.php(333): CodeIgniter\CodeIgniter->handleRequest(NULL, Object(Config\Cache), false)
#7 /home/wwwinte/public_html/screening/public/index.php(44): CodeIgniter\CodeIgniter->run()
#8 {main}
CRITICAL - 2021-03-26 20:57:34 --> Invalid file: product.php
#0 /home/wwwinte/public_html/screening/system/View/View.php(203): CodeIgniter\Exceptions\FrameworkException::forInvalidFile('product.php')
#1 /home/wwwinte/public_html/screening/system/Common.php(1217): CodeIgniter\View\View->render('product', Array, true)
#2 /home/wwwinte/public_html/screening/app/Controllers/Product.php(183): view('product', Array)
#3 /home/wwwinte/public_html/screening/app/Controllers/Product.php(164): App\Controllers\Product->_productOutput(Object(stdClass))
#4 /home/wwwinte/public_html/screening/system/CodeIgniter.php(936): App\Controllers\Product->screening_management('edit', '1001')
#5 /home/wwwinte/public_html/screening/system/CodeIgniter.php(432): CodeIgniter\CodeIgniter->runController(Object(App\Controllers\Product))
#6 /home/wwwinte/public_html/screening/system/CodeIgniter.php(333): CodeIgniter\CodeIgniter->handleRequest(NULL, Object(Config\Cache), false)
#7 /home/wwwinte/public_html/screening/public/index.php(44): CodeIgniter\CodeIgniter->run()
#8 {main}
