CRITICAL - 2021-04-03 00:57:40 --> Class 'App\Libraries\InterneticsLibrary' not found
#0 /home/wwwinte/public_html/screening/system/CodeIgniter.php(936): App\Controllers\Product->screening_management('edit', '1006')
#1 /home/wwwinte/public_html/screening/system/CodeIgniter.php(432): CodeIgniter\CodeIgniter->runController(Object(App\Controllers\Product))
#2 /home/wwwinte/public_html/screening/system/CodeIgniter.php(333): CodeIgniter\CodeIgniter->handleRequest(NULL, Object(Config\Cache), false)
#3 /home/wwwinte/public_html/screening/public/index.php(44): CodeIgniter\CodeIgniter->run()
#4 {main}
CRITICAL - 2021-04-03 17:22:03 --> array_combine(): Both parameters should have an equal number of elements
#0 [internal function]: CodeIgniter\Debug\Exceptions->errorHandler(2, 'array_combine()...', '/home/wwwinte/p...', 90, Array)
#1 /home/wwwinte/public_html/screening/app/Libraries/InterneticsLibrary.php(90): array_combine(Array, Array)
#2 /home/wwwinte/public_html/screening/app/Libraries/GroceryCrud.php(231): App\Libraries\InterneticsLibrary->get_relation_n_n_input(Object(stdClass), Array)
#3 /home/wwwinte/public_html/screening/app/Libraries/GroceryCrud.php(2591): App\Libraries\grocery_CRUD_Field_Types->get_field_input(Object(stdClass), Array)
#4 /home/wwwinte/public_html/screening/app/Libraries/GroceryCrud.php(1832): App\Libraries\grocery_CRUD_Layout->get_edit_input_fields(Object(stdClass))
#5 /home/wwwinte/public_html/screening/app/Libraries/GroceryCrud.php(4532): App\Libraries\grocery_CRUD_Layout->showEditForm(Object(stdClass))
#6 /home/wwwinte/public_html/screening/app/Controllers/Product.php(210): App\Libraries\GroceryCrud->render()
#7 /home/wwwinte/public_html/screening/system/CodeIgniter.php(936): App\Controllers\Product->screening_management('edit', '1008')
#8 /home/wwwinte/public_html/screening/system/CodeIgniter.php(432): CodeIgniter\CodeIgniter->runController(Object(App\Controllers\Product))
#9 /home/wwwinte/public_html/screening/system/CodeIgniter.php(333): CodeIgniter\CodeIgniter->handleRequest(NULL, Object(Config\Cache), false)
#10 /home/wwwinte/public_html/screening/public/index.php(44): CodeIgniter\CodeIgniter->run()
#11 {main}
CRITICAL - 2021-04-03 17:23:43 --> array_combine(): Both parameters should have an equal number of elements
#0 [internal function]: CodeIgniter\Debug\Exceptions->errorHandler(2, 'array_combine()...', '/home/wwwinte/p...', 90, Array)
#1 /home/wwwinte/public_html/screening/app/Libraries/InterneticsLibrary.php(90): array_combine(Array, Array)
#2 /home/wwwinte/public_html/screening/app/Libraries/GroceryCrud.php(231): App\Libraries\InterneticsLibrary->get_relation_n_n_input(Object(stdClass), Array)
#3 /home/wwwinte/public_html/screening/app/Libraries/GroceryCrud.php(2591): App\Libraries\grocery_CRUD_Field_Types->get_field_input(Object(stdClass), Array)
#4 /home/wwwinte/public_html/screening/app/Libraries/GroceryCrud.php(1832): App\Libraries\grocery_CRUD_Layout->get_edit_input_fields(Object(stdClass))
#5 /home/wwwinte/public_html/screening/app/Libraries/GroceryCrud.php(4532): App\Libraries\grocery_CRUD_Layout->showEditForm(Object(stdClass))
#6 /home/wwwinte/public_html/screening/app/Controllers/Product.php(210): App\Libraries\GroceryCrud->render()
#7 /home/wwwinte/public_html/screening/system/CodeIgniter.php(936): App\Controllers\Product->screening_management('edit', '1008')
#8 /home/wwwinte/public_html/screening/system/CodeIgniter.php(432): CodeIgniter\CodeIgniter->runController(Object(App\Controllers\Product))
#9 /home/wwwinte/public_html/screening/system/CodeIgniter.php(333): CodeIgniter\CodeIgniter->handleRequest(NULL, Object(Config\Cache), false)
#10 /home/wwwinte/public_html/screening/public/index.php(44): CodeIgniter\CodeIgniter->run()
#11 {main}
CRITICAL - 2021-04-03 17:26:02 --> array_combine(): Both parameters should have an equal number of elements
#0 [internal function]: CodeIgniter\Debug\Exceptions->errorHandler(2, 'array_combine()...', '/home/wwwinte/p...', 90, Array)
#1 /home/wwwinte/public_html/screening/app/Libraries/InterneticsLibrary.php(90): array_combine(Array, Array)
#2 /home/wwwinte/public_html/screening/app/Libraries/GroceryCrud.php(231): App\Libraries\InterneticsLibrary->get_relation_n_n_input(Object(stdClass), Array)
#3 /home/wwwinte/public_html/screening/app/Libraries/GroceryCrud.php(2591): App\Libraries\grocery_CRUD_Field_Types->get_field_input(Object(stdClass), Array)
#4 /home/wwwinte/public_html/screening/app/Libraries/GroceryCrud.php(1832): App\Libraries\grocery_CRUD_Layout->get_edit_input_fields(Object(stdClass))
#5 /home/wwwinte/public_html/screening/app/Libraries/GroceryCrud.php(4532): App\Libraries\grocery_CRUD_Layout->showEditForm(Object(stdClass))
#6 /home/wwwinte/public_html/screening/app/Controllers/Product.php(210): App\Libraries\GroceryCrud->render()
#7 /home/wwwinte/public_html/screening/system/CodeIgniter.php(936): App\Controllers\Product->screening_management('edit', '1008')
#8 /home/wwwinte/public_html/screening/system/CodeIgniter.php(432): CodeIgniter\CodeIgniter->runController(Object(App\Controllers\Product))
#9 /home/wwwinte/public_html/screening/system/CodeIgniter.php(333): CodeIgniter\CodeIgniter->handleRequest(NULL, Object(Config\Cache), false)
#10 /home/wwwinte/public_html/screening/public/index.php(44): CodeIgniter\CodeIgniter->run()
#11 {main}
CRITICAL - 2021-04-03 17:26:53 --> syntax error, unexpected ''' (T_CONSTANT_ENCAPSED_STRING)
#0 /home/wwwinte/public_html/screening/system/Autoloader/Autoloader.php(265): CodeIgniter\Autoloader\Autoloader->includeFile('/home/wwwinte/p...')
#1 /home/wwwinte/public_html/screening/system/Autoloader/Autoloader.php(228): CodeIgniter\Autoloader\Autoloader->loadInNamespace('App\\Libraries\\I...')
#2 [internal function]: CodeIgniter\Autoloader\Autoloader->loadClass('App\\Libraries\\I...')
#3 /home/wwwinte/public_html/screening/app/Controllers/Product.php(146): spl_autoload_call('App\\Libraries\\I...')
#4 /home/wwwinte/public_html/screening/system/CodeIgniter.php(936): App\Controllers\Product->screening_management('edit', '1008')
#5 /home/wwwinte/public_html/screening/system/CodeIgniter.php(432): CodeIgniter\CodeIgniter->runController(Object(App\Controllers\Product))
#6 /home/wwwinte/public_html/screening/system/CodeIgniter.php(333): CodeIgniter\CodeIgniter->handleRequest(NULL, Object(Config\Cache), false)
#7 /home/wwwinte/public_html/screening/public/index.php(44): CodeIgniter\CodeIgniter->run()
#8 {main}
CRITICAL - 2021-04-03 17:27:12 --> Call to undefined function App\Libraries\alert()
#0 /home/wwwinte/public_html/screening/app/Libraries/GroceryCrud.php(231): App\Libraries\InterneticsLibrary->get_relation_n_n_input(Object(stdClass), Array)
#1 /home/wwwinte/public_html/screening/app/Libraries/GroceryCrud.php(2591): App\Libraries\grocery_CRUD_Field_Types->get_field_input(Object(stdClass), Array)
#2 /home/wwwinte/public_html/screening/app/Libraries/GroceryCrud.php(1832): App\Libraries\grocery_CRUD_Layout->get_edit_input_fields(Object(stdClass))
#3 /home/wwwinte/public_html/screening/app/Libraries/GroceryCrud.php(4532): App\Libraries\grocery_CRUD_Layout->showEditForm(Object(stdClass))
#4 /home/wwwinte/public_html/screening/app/Controllers/Product.php(210): App\Libraries\GroceryCrud->render()
#5 /home/wwwinte/public_html/screening/system/CodeIgniter.php(936): App\Controllers\Product->screening_management('edit', '1008')
#6 /home/wwwinte/public_html/screening/system/CodeIgniter.php(432): CodeIgniter\CodeIgniter->runController(Object(App\Controllers\Product))
#7 /home/wwwinte/public_html/screening/system/CodeIgniter.php(333): CodeIgniter\CodeIgniter->handleRequest(NULL, Object(Config\Cache), false)
#8 /home/wwwinte/public_html/screening/public/index.php(44): CodeIgniter\CodeIgniter->run()
#9 {main}
CRITICAL - 2021-04-03 17:30:20 --> Array to string conversion
#0 /home/wwwinte/public_html/screening/app/Libraries/InterneticsLibrary.php(93): CodeIgniter\Debug\Exceptions->errorHandler(8, 'Array to string...', '/home/wwwinte/p...', 93, Array)
#1 /home/wwwinte/public_html/screening/app/Libraries/GroceryCrud.php(231): App\Libraries\InterneticsLibrary->get_relation_n_n_input(Object(stdClass), Array)
#2 /home/wwwinte/public_html/screening/app/Libraries/GroceryCrud.php(2591): App\Libraries\grocery_CRUD_Field_Types->get_field_input(Object(stdClass), Array)
#3 /home/wwwinte/public_html/screening/app/Libraries/GroceryCrud.php(1832): App\Libraries\grocery_CRUD_Layout->get_edit_input_fields(Object(stdClass))
#4 /home/wwwinte/public_html/screening/app/Libraries/GroceryCrud.php(4532): App\Libraries\grocery_CRUD_Layout->showEditForm(Object(stdClass))
#5 /home/wwwinte/public_html/screening/app/Controllers/Product.php(210): App\Libraries\GroceryCrud->render()
#6 /home/wwwinte/public_html/screening/system/CodeIgniter.php(936): App\Controllers\Product->screening_management('edit', '1008')
#7 /home/wwwinte/public_html/screening/system/CodeIgniter.php(432): CodeIgniter\CodeIgniter->runController(Object(App\Controllers\Product))
#8 /home/wwwinte/public_html/screening/system/CodeIgniter.php(333): CodeIgniter\CodeIgniter->handleRequest(NULL, Object(Config\Cache), false)
#9 /home/wwwinte/public_html/screening/public/index.php(44): CodeIgniter\CodeIgniter->run()
#10 {main}
CRITICAL - 2021-04-03 17:31:11 --> Undefined variable: id
#0 /home/wwwinte/public_html/screening/app/Libraries/InterneticsLibrary.php(93): CodeIgniter\Debug\Exceptions->errorHandler(8, 'Undefined varia...', '/home/wwwinte/p...', 93, Array)
#1 /home/wwwinte/public_html/screening/app/Libraries/GroceryCrud.php(231): App\Libraries\InterneticsLibrary->get_relation_n_n_input(Object(stdClass), Array)
#2 /home/wwwinte/public_html/screening/app/Libraries/GroceryCrud.php(2591): App\Libraries\grocery_CRUD_Field_Types->get_field_input(Object(stdClass), Array)
#3 /home/wwwinte/public_html/screening/app/Libraries/GroceryCrud.php(1832): App\Libraries\grocery_CRUD_Layout->get_edit_input_fields(Object(stdClass))
#4 /home/wwwinte/public_html/screening/app/Libraries/GroceryCrud.php(4532): App\Libraries\grocery_CRUD_Layout->showEditForm(Object(stdClass))
#5 /home/wwwinte/public_html/screening/app/Controllers/Product.php(210): App\Libraries\GroceryCrud->render()
#6 /home/wwwinte/public_html/screening/system/CodeIgniter.php(936): App\Controllers\Product->screening_management('edit', '1008')
#7 /home/wwwinte/public_html/screening/system/CodeIgniter.php(432): CodeIgniter\CodeIgniter->runController(Object(App\Controllers\Product))
#8 /home/wwwinte/public_html/screening/system/CodeIgniter.php(333): CodeIgniter\CodeIgniter->handleRequest(NULL, Object(Config\Cache), false)
#9 /home/wwwinte/public_html/screening/public/index.php(44): CodeIgniter\CodeIgniter->run()
#10 {main}
CRITICAL - 2021-04-03 17:34:03 --> Array to string conversion
#0 /home/wwwinte/public_html/screening/app/Libraries/InterneticsLibrary.php(93): CodeIgniter\Debug\Exceptions->errorHandler(8, 'Array to string...', '/home/wwwinte/p...', 93, Array)
#1 /home/wwwinte/public_html/screening/app/Libraries/GroceryCrud.php(231): App\Libraries\InterneticsLibrary->get_relation_n_n_input(Object(stdClass), Array)
#2 /home/wwwinte/public_html/screening/app/Libraries/GroceryCrud.php(2591): App\Libraries\grocery_CRUD_Field_Types->get_field_input(Object(stdClass), Array)
#3 /home/wwwinte/public_html/screening/app/Libraries/GroceryCrud.php(1832): App\Libraries\grocery_CRUD_Layout->get_edit_input_fields(Object(stdClass))
#4 /home/wwwinte/public_html/screening/app/Libraries/GroceryCrud.php(4532): App\Libraries\grocery_CRUD_Layout->showEditForm(Object(stdClass))
#5 /home/wwwinte/public_html/screening/app/Controllers/Product.php(210): App\Libraries\GroceryCrud->render()
#6 /home/wwwinte/public_html/screening/system/CodeIgniter.php(936): App\Controllers\Product->screening_management('edit', '1006')
#7 /home/wwwinte/public_html/screening/system/CodeIgniter.php(432): CodeIgniter\CodeIgniter->runController(Object(App\Controllers\Product))
#8 /home/wwwinte/public_html/screening/system/CodeIgniter.php(333): CodeIgniter\CodeIgniter->handleRequest(NULL, Object(Config\Cache), false)
#9 /home/wwwinte/public_html/screening/public/index.php(44): CodeIgniter\CodeIgniter->run()
#10 {main}
CRITICAL - 2021-04-03 17:36:04 --> syntax error, unexpected ')'
#0 /home/wwwinte/public_html/screening/system/Autoloader/Autoloader.php(265): CodeIgniter\Autoloader\Autoloader->includeFile('/home/wwwinte/p...')
#1 /home/wwwinte/public_html/screening/system/Autoloader/Autoloader.php(228): CodeIgniter\Autoloader\Autoloader->loadInNamespace('App\\Libraries\\I...')
#2 [internal function]: CodeIgniter\Autoloader\Autoloader->loadClass('App\\Libraries\\I...')
#3 /home/wwwinte/public_html/screening/app/Controllers/Product.php(146): spl_autoload_call('App\\Libraries\\I...')
#4 /home/wwwinte/public_html/screening/system/CodeIgniter.php(936): App\Controllers\Product->screening_management('edit', '1006')
#5 /home/wwwinte/public_html/screening/system/CodeIgniter.php(432): CodeIgniter\CodeIgniter->runController(Object(App\Controllers\Product))
#6 /home/wwwinte/public_html/screening/system/CodeIgniter.php(333): CodeIgniter\CodeIgniter->handleRequest(NULL, Object(Config\Cache), false)
#7 /home/wwwinte/public_html/screening/public/index.php(44): CodeIgniter\CodeIgniter->run()
#8 {main}
CRITICAL - 2021-04-03 17:42:23 --> Trying to get property 'title_field_selection_table' of non-object
#0 /home/wwwinte/public_html/screening/app/Models/GroceryCrudModel.php(313): CodeIgniter\Debug\Exceptions->errorHandler(8, 'Trying to get p...', '/home/wwwinte/p...', 313, Array)
#1 /home/wwwinte/public_html/screening/app/Libraries/GroceryCrud.php(1421): App\Models\GroceryCrudModel->get_relation_n_n_selection_array(Object(stdClass), Array)
#2 /home/wwwinte/public_html/screening/app/Libraries/InterneticsLibrary.php(63): App\Libraries\grocery_CRUD_Model_Driver->get_relation_n_n_selection_array(Object(stdClass), Array)
#3 /home/wwwinte/public_html/screening/app/Libraries/GroceryCrud.php(231): App\Libraries\InterneticsLibrary->get_relation_n_n_input(Object(stdClass), Array)
#4 /home/wwwinte/public_html/screening/app/Libraries/GroceryCrud.php(2591): App\Libraries\grocery_CRUD_Field_Types->get_field_input(Object(stdClass), Array)
#5 /home/wwwinte/public_html/screening/app/Libraries/GroceryCrud.php(1832): App\Libraries\grocery_CRUD_Layout->get_edit_input_fields(Object(stdClass))
#6 /home/wwwinte/public_html/screening/app/Libraries/GroceryCrud.php(4532): App\Libraries\grocery_CRUD_Layout->showEditForm(Object(stdClass))
#7 /home/wwwinte/public_html/screening/app/Controllers/Product.php(210): App\Libraries\GroceryCrud->render()
#8 /home/wwwinte/public_html/screening/system/CodeIgniter.php(936): App\Controllers\Product->screening_management('edit', '1006')
#9 /home/wwwinte/public_html/screening/system/CodeIgniter.php(432): CodeIgniter\CodeIgniter->runController(Object(App\Controllers\Product))
#10 /home/wwwinte/public_html/screening/system/CodeIgniter.php(333): CodeIgniter\CodeIgniter->handleRequest(NULL, Object(Config\Cache), false)
#11 /home/wwwinte/public_html/screening/public/index.php(44): CodeIgniter\CodeIgniter->run()
#12 {main}
CRITICAL - 2021-04-03 17:43:50 --> Trying to get property 'title_field_selection_table' of non-object
#0 /home/wwwinte/public_html/screening/app/Models/GroceryCrudModel.php(313): CodeIgniter\Debug\Exceptions->errorHandler(8, 'Trying to get p...', '/home/wwwinte/p...', 313, Array)
#1 /home/wwwinte/public_html/screening/app/Libraries/GroceryCrud.php(1421): App\Models\GroceryCrudModel->get_relation_n_n_selection_array(Object(stdClass), Array)
#2 /home/wwwinte/public_html/screening/app/Libraries/InterneticsLibrary.php(63): App\Libraries\grocery_CRUD_Model_Driver->get_relation_n_n_selection_array(Object(stdClass), Array)
#3 /home/wwwinte/public_html/screening/app/Libraries/GroceryCrud.php(231): App\Libraries\InterneticsLibrary->get_relation_n_n_input(Object(stdClass), Array)
#4 /home/wwwinte/public_html/screening/app/Libraries/GroceryCrud.php(2591): App\Libraries\grocery_CRUD_Field_Types->get_field_input(Object(stdClass), Array)
#5 /home/wwwinte/public_html/screening/app/Libraries/GroceryCrud.php(1832): App\Libraries\grocery_CRUD_Layout->get_edit_input_fields(Object(stdClass))
#6 /home/wwwinte/public_html/screening/app/Libraries/GroceryCrud.php(4532): App\Libraries\grocery_CRUD_Layout->showEditForm(Object(stdClass))
#7 /home/wwwinte/public_html/screening/app/Controllers/Product.php(210): App\Libraries\GroceryCrud->render()
#8 /home/wwwinte/public_html/screening/system/CodeIgniter.php(936): App\Controllers\Product->screening_management('edit', '1006')
#9 /home/wwwinte/public_html/screening/system/CodeIgniter.php(432): CodeIgniter\CodeIgniter->runController(Object(App\Controllers\Product))
#10 /home/wwwinte/public_html/screening/system/CodeIgniter.php(333): CodeIgniter\CodeIgniter->handleRequest(NULL, Object(Config\Cache), false)
#11 /home/wwwinte/public_html/screening/public/index.php(44): CodeIgniter\CodeIgniter->run()
#12 {main}
CRITICAL - 2021-04-03 19:14:09 --> Undefined variable: value
#0 /home/wwwinte/public_html/screening/app/Libraries/InterneticsLibrary.php(97): CodeIgniter\Debug\Exceptions->errorHandler(8, 'Undefined varia...', '/home/wwwinte/p...', 97, Array)
#1 /home/wwwinte/public_html/screening/app/Libraries/GroceryCrud.php(231): App\Libraries\InterneticsLibrary->get_relation_n_n_input(Object(stdClass), Array)
#2 /home/wwwinte/public_html/screening/app/Libraries/GroceryCrud.php(2591): App\Libraries\grocery_CRUD_Field_Types->get_field_input(Object(stdClass), Array)
#3 /home/wwwinte/public_html/screening/app/Libraries/GroceryCrud.php(1832): App\Libraries\grocery_CRUD_Layout->get_edit_input_fields(Object(stdClass))
#4 /home/wwwinte/public_html/screening/app/Libraries/GroceryCrud.php(4532): App\Libraries\grocery_CRUD_Layout->showEditForm(Object(stdClass))
#5 /home/wwwinte/public_html/screening/app/Controllers/Product.php(210): App\Libraries\GroceryCrud->render()
#6 /home/wwwinte/public_html/screening/system/CodeIgniter.php(936): App\Controllers\Product->screening_management('edit', '1008')
#7 /home/wwwinte/public_html/screening/system/CodeIgniter.php(432): CodeIgniter\CodeIgniter->runController(Object(App\Controllers\Product))
#8 /home/wwwinte/public_html/screening/system/CodeIgniter.php(333): CodeIgniter\CodeIgniter->handleRequest(NULL, Object(Config\Cache), false)
#9 /home/wwwinte/public_html/screening/public/index.php(44): CodeIgniter\CodeIgniter->run()
#10 {main}
CRITICAL - 2021-04-03 21:39:27 --> Undefined variable: value
#0 /home/wwwinte/public_html/screening/app/Libraries/InterneticsLibrary.php(108): CodeIgniter\Debug\Exceptions->errorHandler(8, 'Undefined varia...', '/home/wwwinte/p...', 108, Array)
#1 /home/wwwinte/public_html/screening/app/Libraries/GroceryCrud.php(231): App\Libraries\InterneticsLibrary->get_relation_n_n_input(Object(stdClass), Array)
#2 /home/wwwinte/public_html/screening/app/Libraries/GroceryCrud.php(2591): App\Libraries\grocery_CRUD_Field_Types->get_field_input(Object(stdClass), Array)
#3 /home/wwwinte/public_html/screening/app/Libraries/GroceryCrud.php(1832): App\Libraries\grocery_CRUD_Layout->get_edit_input_fields(Object(stdClass))
#4 /home/wwwinte/public_html/screening/app/Libraries/GroceryCrud.php(4532): App\Libraries\grocery_CRUD_Layout->showEditForm(Object(stdClass))
#5 /home/wwwinte/public_html/screening/app/Controllers/Product.php(210): App\Libraries\GroceryCrud->render()
#6 /home/wwwinte/public_html/screening/system/CodeIgniter.php(936): App\Controllers\Product->screening_management('edit', '1008')
#7 /home/wwwinte/public_html/screening/system/CodeIgniter.php(432): CodeIgniter\CodeIgniter->runController(Object(App\Controllers\Product))
#8 /home/wwwinte/public_html/screening/system/CodeIgniter.php(333): CodeIgniter\CodeIgniter->handleRequest(NULL, Object(Config\Cache), false)
#9 /home/wwwinte/public_html/screening/public/index.php(44): CodeIgniter\CodeIgniter->run()
#10 {main}
CRITICAL - 2021-04-03 22:25:10 --> syntax error, unexpected end of file, expecting function (T_FUNCTION) or const (T_CONST)
#0 /home/wwwinte/public_html/screening/system/Autoloader/Autoloader.php(265): CodeIgniter\Autoloader\Autoloader->includeFile('/home/wwwinte/p...')
#1 /home/wwwinte/public_html/screening/system/Autoloader/Autoloader.php(228): CodeIgniter\Autoloader\Autoloader->loadInNamespace('App\\Libraries\\I...')
#2 [internal function]: CodeIgniter\Autoloader\Autoloader->loadClass('App\\Libraries\\I...')
#3 /home/wwwinte/public_html/screening/app/Controllers/Product.php(146): spl_autoload_call('App\\Libraries\\I...')
#4 /home/wwwinte/public_html/screening/system/CodeIgniter.php(936): App\Controllers\Product->screening_management('edit', '1008')
#5 /home/wwwinte/public_html/screening/system/CodeIgniter.php(432): CodeIgniter\CodeIgniter->runController(Object(App\Controllers\Product))
#6 /home/wwwinte/public_html/screening/system/CodeIgniter.php(333): CodeIgniter\CodeIgniter->handleRequest(NULL, Object(Config\Cache), false)
#7 /home/wwwinte/public_html/screening/public/index.php(44): CodeIgniter\CodeIgniter->run()
#8 {main}
CRITICAL - 2021-04-03 22:25:13 --> syntax error, unexpected end of file, expecting function (T_FUNCTION) or const (T_CONST)
#0 /home/wwwinte/public_html/screening/system/Autoloader/Autoloader.php(265): CodeIgniter\Autoloader\Autoloader->includeFile('/home/wwwinte/p...')
#1 /home/wwwinte/public_html/screening/system/Autoloader/Autoloader.php(228): CodeIgniter\Autoloader\Autoloader->loadInNamespace('App\\Libraries\\I...')
#2 [internal function]: CodeIgniter\Autoloader\Autoloader->loadClass('App\\Libraries\\I...')
#3 /home/wwwinte/public_html/screening/app/Controllers/Product.php(146): spl_autoload_call('App\\Libraries\\I...')
#4 /home/wwwinte/public_html/screening/system/CodeIgniter.php(936): App\Controllers\Product->screening_management('edit', '1008')
#5 /home/wwwinte/public_html/screening/system/CodeIgniter.php(432): CodeIgniter\CodeIgniter->runController(Object(App\Controllers\Product))
#6 /home/wwwinte/public_html/screening/system/CodeIgniter.php(333): CodeIgniter\CodeIgniter->handleRequest(NULL, Object(Config\Cache), false)
#7 /home/wwwinte/public_html/screening/public/index.php(44): CodeIgniter\CodeIgniter->run()
#8 {main}
CRITICAL - 2021-04-03 23:19:54 --> Undefined index: reason_for_screening
#0 /home/wwwinte/public_html/screening/app/Controllers/Product.php(188): CodeIgniter\Debug\Exceptions->errorHandler(8, 'Undefined index...', '/home/wwwinte/p...', 188, Array)
#1 [internal function]: App\Controllers\Product->App\Controllers\{closure}(Object(stdClass))
#2 /home/wwwinte/public_html/screening/app/Libraries/GroceryCrud.php(1049): call_user_func(Object(Closure), Object(stdClass))
#3 /home/wwwinte/public_html/screening/app/Libraries/GroceryCrud.php(4570): App\Libraries\grocery_CRUD_Model_Driver->db_update(Object(stdClass))
#4 /home/wwwinte/public_html/screening/app/Controllers/Product.php(206): App\Libraries\GroceryCrud->render()
#5 /home/wwwinte/public_html/screening/system/CodeIgniter.php(936): App\Controllers\Product->screening_management('update', '1008')
#6 /home/wwwinte/public_html/screening/system/CodeIgniter.php(432): CodeIgniter\CodeIgniter->runController(Object(App\Controllers\Product))
#7 /home/wwwinte/public_html/screening/system/CodeIgniter.php(333): CodeIgniter\CodeIgniter->handleRequest(NULL, Object(Config\Cache), false)
#8 /home/wwwinte/public_html/screening/public/index.php(44): CodeIgniter\CodeIgniter->run()
#9 {main}
CRITICAL - 2021-04-03 23:21:11 --> You must use the "set" method to update an entry.
#0 /home/wwwinte/public_html/screening/system/Database/BaseBuilder.php(2442): CodeIgniter\Database\BaseBuilder->validateUpdate()
#1 /home/wwwinte/public_html/screening/app/Models/GroceryCrudModel.php(486): CodeIgniter\Database\BaseBuilder->update(Array, Array)
#2 /home/wwwinte/public_html/screening/app/Libraries/GroceryCrud.php(1102): App\Models\GroceryCrudModel->db_update(Array, '1008')
#3 /home/wwwinte/public_html/screening/app/Libraries/GroceryCrud.php(4570): App\Libraries\grocery_CRUD_Model_Driver->db_update(Object(stdClass))
#4 /home/wwwinte/public_html/screening/app/Controllers/Product.php(196): App\Libraries\GroceryCrud->render()
#5 /home/wwwinte/public_html/screening/system/CodeIgniter.php(936): App\Controllers\Product->screening_management('update', '1008')
#6 /home/wwwinte/public_html/screening/system/CodeIgniter.php(432): CodeIgniter\CodeIgniter->runController(Object(App\Controllers\Product))
#7 /home/wwwinte/public_html/screening/system/CodeIgniter.php(333): CodeIgniter\CodeIgniter->handleRequest(NULL, Object(Config\Cache), false)
#8 /home/wwwinte/public_html/screening/public/index.php(44): CodeIgniter\CodeIgniter->run()
#9 {main}
CRITICAL - 2021-04-03 23:23:03 --> You must use the "set" method to update an entry.
#0 /home/wwwinte/public_html/screening/system/Database/BaseBuilder.php(2442): CodeIgniter\Database\BaseBuilder->validateUpdate()
#1 /home/wwwinte/public_html/screening/app/Models/GroceryCrudModel.php(486): CodeIgniter\Database\BaseBuilder->update(Array, Array)
#2 /home/wwwinte/public_html/screening/app/Libraries/GroceryCrud.php(1102): App\Models\GroceryCrudModel->db_update(Array, '1008')
#3 /home/wwwinte/public_html/screening/app/Libraries/GroceryCrud.php(4570): App\Libraries\grocery_CRUD_Model_Driver->db_update(Object(stdClass))
#4 /home/wwwinte/public_html/screening/app/Controllers/Product.php(196): App\Libraries\GroceryCrud->render()
#5 /home/wwwinte/public_html/screening/system/CodeIgniter.php(936): App\Controllers\Product->screening_management('update', '1008')
#6 /home/wwwinte/public_html/screening/system/CodeIgniter.php(432): CodeIgniter\CodeIgniter->runController(Object(App\Controllers\Product))
#7 /home/wwwinte/public_html/screening/system/CodeIgniter.php(333): CodeIgniter\CodeIgniter->handleRequest(NULL, Object(Config\Cache), false)
#8 /home/wwwinte/public_html/screening/public/index.php(44): CodeIgniter\CodeIgniter->run()
#9 {main}
CRITICAL - 2021-04-03 23:23:06 --> You must use the "set" method to update an entry.
#0 /home/wwwinte/public_html/screening/system/Database/BaseBuilder.php(2442): CodeIgniter\Database\BaseBuilder->validateUpdate()
#1 /home/wwwinte/public_html/screening/app/Models/GroceryCrudModel.php(486): CodeIgniter\Database\BaseBuilder->update(Array, Array)
#2 /home/wwwinte/public_html/screening/app/Libraries/GroceryCrud.php(1102): App\Models\GroceryCrudModel->db_update(Array, '1008')
#3 /home/wwwinte/public_html/screening/app/Libraries/GroceryCrud.php(4570): App\Libraries\grocery_CRUD_Model_Driver->db_update(Object(stdClass))
#4 /home/wwwinte/public_html/screening/app/Controllers/Product.php(196): App\Libraries\GroceryCrud->render()
#5 /home/wwwinte/public_html/screening/system/CodeIgniter.php(936): App\Controllers\Product->screening_management('update', '1008')
#6 /home/wwwinte/public_html/screening/system/CodeIgniter.php(432): CodeIgniter\CodeIgniter->runController(Object(App\Controllers\Product))
#7 /home/wwwinte/public_html/screening/system/CodeIgniter.php(333): CodeIgniter\CodeIgniter->handleRequest(NULL, Object(Config\Cache), false)
#8 /home/wwwinte/public_html/screening/public/index.php(44): CodeIgniter\CodeIgniter->run()
#9 {main}
CRITICAL - 2021-04-03 23:25:51 --> You must use the "set" method to update an entry.
#0 /home/wwwinte/public_html/screening/system/Database/BaseBuilder.php(2442): CodeIgniter\Database\BaseBuilder->validateUpdate()
#1 /home/wwwinte/public_html/screening/app/Models/GroceryCrudModel.php(486): CodeIgniter\Database\BaseBuilder->update(Array, Array)
#2 /home/wwwinte/public_html/screening/app/Libraries/GroceryCrud.php(1102): App\Models\GroceryCrudModel->db_update(Array, '1008')
#3 /home/wwwinte/public_html/screening/app/Libraries/GroceryCrud.php(4570): App\Libraries\grocery_CRUD_Model_Driver->db_update(Object(stdClass))
#4 /home/wwwinte/public_html/screening/app/Controllers/Product.php(196): App\Libraries\GroceryCrud->render()
#5 /home/wwwinte/public_html/screening/system/CodeIgniter.php(936): App\Controllers\Product->screening_management('update', '1008')
#6 /home/wwwinte/public_html/screening/system/CodeIgniter.php(432): CodeIgniter\CodeIgniter->runController(Object(App\Controllers\Product))
#7 /home/wwwinte/public_html/screening/system/CodeIgniter.php(333): CodeIgniter\CodeIgniter->handleRequest(NULL, Object(Config\Cache), false)
#8 /home/wwwinte/public_html/screening/public/index.php(44): CodeIgniter\CodeIgniter->run()
#9 {main}
CRITICAL - 2021-04-03 23:26:11 --> You must use the "set" method to update an entry.
#0 /home/wwwinte/public_html/screening/system/Database/BaseBuilder.php(2442): CodeIgniter\Database\BaseBuilder->validateUpdate()
#1 /home/wwwinte/public_html/screening/app/Models/GroceryCrudModel.php(486): CodeIgniter\Database\BaseBuilder->update(Array, Array)
#2 /home/wwwinte/public_html/screening/app/Libraries/GroceryCrud.php(1102): App\Models\GroceryCrudModel->db_update(Array, '1008')
#3 /home/wwwinte/public_html/screening/app/Libraries/GroceryCrud.php(4570): App\Libraries\grocery_CRUD_Model_Driver->db_update(Object(stdClass))
#4 /home/wwwinte/public_html/screening/app/Controllers/Product.php(196): App\Libraries\GroceryCrud->render()
#5 /home/wwwinte/public_html/screening/system/CodeIgniter.php(936): App\Controllers\Product->screening_management('update', '1008')
#6 /home/wwwinte/public_html/screening/system/CodeIgniter.php(432): CodeIgniter\CodeIgniter->runController(Object(App\Controllers\Product))
#7 /home/wwwinte/public_html/screening/system/CodeIgniter.php(333): CodeIgniter\CodeIgniter->handleRequest(NULL, Object(Config\Cache), false)
#8 /home/wwwinte/public_html/screening/public/index.php(44): CodeIgniter\CodeIgniter->run()
#9 {main}
CRITICAL - 2021-04-03 23:26:30 --> You must use the "set" method to update an entry.
#0 /home/wwwinte/public_html/screening/system/Database/BaseBuilder.php(2442): CodeIgniter\Database\BaseBuilder->validateUpdate()
#1 /home/wwwinte/public_html/screening/app/Models/GroceryCrudModel.php(486): CodeIgniter\Database\BaseBuilder->update(Array, Array)
#2 /home/wwwinte/public_html/screening/app/Libraries/GroceryCrud.php(1102): App\Models\GroceryCrudModel->db_update(Array, '1008')
#3 /home/wwwinte/public_html/screening/app/Libraries/GroceryCrud.php(4570): App\Libraries\grocery_CRUD_Model_Driver->db_update(Object(stdClass))
#4 /home/wwwinte/public_html/screening/app/Controllers/Product.php(196): App\Libraries\GroceryCrud->render()
#5 /home/wwwinte/public_html/screening/system/CodeIgniter.php(936): App\Controllers\Product->screening_management('update', '1008')
#6 /home/wwwinte/public_html/screening/system/CodeIgniter.php(432): CodeIgniter\CodeIgniter->runController(Object(App\Controllers\Product))
#7 /home/wwwinte/public_html/screening/system/CodeIgniter.php(333): CodeIgniter\CodeIgniter->handleRequest(NULL, Object(Config\Cache), false)
#8 /home/wwwinte/public_html/screening/public/index.php(44): CodeIgniter\CodeIgniter->run()
#9 {main}
CRITICAL - 2021-04-03 23:27:01 --> Undefined index: reason_for_screening
#0 /home/wwwinte/public_html/screening/app/Controllers/Product.php(190): CodeIgniter\Debug\Exceptions->errorHandler(8, 'Undefined index...', '/home/wwwinte/p...', 190, Array)
#1 [internal function]: App\Controllers\Product->App\Controllers\{closure}(Object(stdClass))
#2 /home/wwwinte/public_html/screening/app/Libraries/GroceryCrud.php(1049): call_user_func(Object(Closure), Object(stdClass))
#3 /home/wwwinte/public_html/screening/app/Libraries/GroceryCrud.php(4570): App\Libraries\grocery_CRUD_Model_Driver->db_update(Object(stdClass))
#4 /home/wwwinte/public_html/screening/app/Controllers/Product.php(211): App\Libraries\GroceryCrud->render()
#5 /home/wwwinte/public_html/screening/system/CodeIgniter.php(936): App\Controllers\Product->screening_management('update', '1008')
#6 /home/wwwinte/public_html/screening/system/CodeIgniter.php(432): CodeIgniter\CodeIgniter->runController(Object(App\Controllers\Product))
#7 /home/wwwinte/public_html/screening/system/CodeIgniter.php(333): CodeIgniter\CodeIgniter->handleRequest(NULL, Object(Config\Cache), false)
#8 /home/wwwinte/public_html/screening/public/index.php(44): CodeIgniter\CodeIgniter->run()
#9 {main}
CRITICAL - 2021-04-03 23:27:22 --> Undefined index: reason_for_screening
#0 /home/wwwinte/public_html/screening/app/Controllers/Product.php(190): CodeIgniter\Debug\Exceptions->errorHandler(8, 'Undefined index...', '/home/wwwinte/p...', 190, Array)
#1 [internal function]: App\Controllers\Product->App\Controllers\{closure}(Object(stdClass))
#2 /home/wwwinte/public_html/screening/app/Libraries/GroceryCrud.php(1049): call_user_func(Object(Closure), Object(stdClass))
#3 /home/wwwinte/public_html/screening/app/Libraries/GroceryCrud.php(4570): App\Libraries\grocery_CRUD_Model_Driver->db_update(Object(stdClass))
#4 /home/wwwinte/public_html/screening/app/Controllers/Product.php(211): App\Libraries\GroceryCrud->render()
#5 /home/wwwinte/public_html/screening/system/CodeIgniter.php(936): App\Controllers\Product->screening_management('update', '1008')
#6 /home/wwwinte/public_html/screening/system/CodeIgniter.php(432): CodeIgniter\CodeIgniter->runController(Object(App\Controllers\Product))
#7 /home/wwwinte/public_html/screening/system/CodeIgniter.php(333): CodeIgniter\CodeIgniter->handleRequest(NULL, Object(Config\Cache), false)
#8 /home/wwwinte/public_html/screening/public/index.php(44): CodeIgniter\CodeIgniter->run()
#9 {main}
CRITICAL - 2021-04-03 23:32:06 --> You must use the "set" method to update an entry.
#0 /home/wwwinte/public_html/screening/system/Database/BaseBuilder.php(2442): CodeIgniter\Database\BaseBuilder->validateUpdate()
#1 /home/wwwinte/public_html/screening/app/Models/GroceryCrudModel.php(486): CodeIgniter\Database\BaseBuilder->update(Array, Array)
#2 /home/wwwinte/public_html/screening/app/Libraries/GroceryCrud.php(1102): App\Models\GroceryCrudModel->db_update(Array, '1008')
#3 /home/wwwinte/public_html/screening/app/Libraries/GroceryCrud.php(4570): App\Libraries\grocery_CRUD_Model_Driver->db_update(Object(stdClass))
#4 /home/wwwinte/public_html/screening/app/Controllers/Product.php(197): App\Libraries\GroceryCrud->render()
#5 /home/wwwinte/public_html/screening/system/CodeIgniter.php(936): App\Controllers\Product->screening_management('update', '1008')
#6 /home/wwwinte/public_html/screening/system/CodeIgniter.php(432): CodeIgniter\CodeIgniter->runController(Object(App\Controllers\Product))
#7 /home/wwwinte/public_html/screening/system/CodeIgniter.php(333): CodeIgniter\CodeIgniter->handleRequest(NULL, Object(Config\Cache), false)
#8 /home/wwwinte/public_html/screening/public/index.php(44): CodeIgniter\CodeIgniter->run()
#9 {main}
CRITICAL - 2021-04-03 23:34:19 --> On the state "insert" you must have post data
#0 /home/wwwinte/public_html/screening/app/Libraries/GroceryCrud.php(4471): App\Libraries\grocery_CRUD_States->getStateInfo()
#1 /home/wwwinte/public_html/screening/app/Controllers/Product.php(197): App\Libraries\GroceryCrud->render()
#2 /home/wwwinte/public_html/screening/system/CodeIgniter.php(936): App\Controllers\Product->screening_management('insert')
#3 /home/wwwinte/public_html/screening/system/CodeIgniter.php(432): CodeIgniter\CodeIgniter->runController(Object(App\Controllers\Product))
#4 /home/wwwinte/public_html/screening/system/CodeIgniter.php(333): CodeIgniter\CodeIgniter->handleRequest(NULL, Object(Config\Cache), false)
#5 /home/wwwinte/public_html/screening/public/index.php(44): CodeIgniter\CodeIgniter->run()
#6 {main}
CRITICAL - 2021-04-03 23:34:31 --> You must use the "set" method to update an entry.
#0 /home/wwwinte/public_html/screening/system/Database/BaseBuilder.php(2248): CodeIgniter\Database\BaseBuilder->validateInsert()
#1 /home/wwwinte/public_html/screening/app/Models/GroceryCrudModel.php(491): CodeIgniter\Database\BaseBuilder->insert(Array)
#2 /home/wwwinte/public_html/screening/app/Libraries/GroceryCrud.php(963): App\Models\GroceryCrudModel->db_insert(Array)
#3 /home/wwwinte/public_html/screening/app/Libraries/GroceryCrud.php(4557): App\Libraries\grocery_CRUD_Model_Driver->db_insert(Object(stdClass))
#4 /home/wwwinte/public_html/screening/app/Controllers/Product.php(197): App\Libraries\GroceryCrud->render()
#5 /home/wwwinte/public_html/screening/system/CodeIgniter.php(936): App\Controllers\Product->screening_management('insert')
#6 /home/wwwinte/public_html/screening/system/CodeIgniter.php(432): CodeIgniter\CodeIgniter->runController(Object(App\Controllers\Product))
#7 /home/wwwinte/public_html/screening/system/CodeIgniter.php(333): CodeIgniter\CodeIgniter->handleRequest(NULL, Object(Config\Cache), false)
#8 /home/wwwinte/public_html/screening/public/index.php(44): CodeIgniter\CodeIgniter->run()
#9 {main}
CRITICAL - 2021-04-03 23:45:26 --> On the state "insert" you must have post data
#0 /home/wwwinte/public_html/screening/app/Libraries/GroceryCrud.php(4471): App\Libraries\grocery_CRUD_States->getStateInfo()
#1 /home/wwwinte/public_html/screening/app/Controllers/Product.php(197): App\Libraries\GroceryCrud->render()
#2 /home/wwwinte/public_html/screening/system/CodeIgniter.php(936): App\Controllers\Product->screening_management('insert')
#3 /home/wwwinte/public_html/screening/system/CodeIgniter.php(432): CodeIgniter\CodeIgniter->runController(Object(App\Controllers\Product))
#4 /home/wwwinte/public_html/screening/system/CodeIgniter.php(333): CodeIgniter\CodeIgniter->handleRequest(NULL, Object(Config\Cache), false)
#5 /home/wwwinte/public_html/screening/public/index.php(44): CodeIgniter\CodeIgniter->run()
#6 {main}
CRITICAL - 2021-04-03 23:45:51 --> You must use the "set" method to update an entry.
#0 /home/wwwinte/public_html/screening/system/Database/BaseBuilder.php(2248): CodeIgniter\Database\BaseBuilder->validateInsert()
#1 /home/wwwinte/public_html/screening/app/Models/GroceryCrudModel.php(491): CodeIgniter\Database\BaseBuilder->insert(Array)
#2 /home/wwwinte/public_html/screening/app/Libraries/GroceryCrud.php(963): App\Models\GroceryCrudModel->db_insert(Array)
#3 /home/wwwinte/public_html/screening/app/Libraries/GroceryCrud.php(4557): App\Libraries\grocery_CRUD_Model_Driver->db_insert(Object(stdClass))
#4 /home/wwwinte/public_html/screening/app/Controllers/Product.php(197): App\Libraries\GroceryCrud->render()
#5 /home/wwwinte/public_html/screening/system/CodeIgniter.php(936): App\Controllers\Product->screening_management('insert')
#6 /home/wwwinte/public_html/screening/system/CodeIgniter.php(432): CodeIgniter\CodeIgniter->runController(Object(App\Controllers\Product))
#7 /home/wwwinte/public_html/screening/system/CodeIgniter.php(333): CodeIgniter\CodeIgniter->handleRequest(NULL, Object(Config\Cache), false)
#8 /home/wwwinte/public_html/screening/public/index.php(44): CodeIgniter\CodeIgniter->run()
#9 {main}
CRITICAL - 2021-04-03 23:47:24 --> You must use the "set" method to update an entry.
#0 /home/wwwinte/public_html/screening/system/Database/BaseBuilder.php(2248): CodeIgniter\Database\BaseBuilder->validateInsert()
#1 /home/wwwinte/public_html/screening/app/Models/GroceryCrudModel.php(491): CodeIgniter\Database\BaseBuilder->insert(Array)
#2 /home/wwwinte/public_html/screening/app/Libraries/GroceryCrud.php(963): App\Models\GroceryCrudModel->db_insert(Array)
#3 /home/wwwinte/public_html/screening/app/Libraries/GroceryCrud.php(4557): App\Libraries\grocery_CRUD_Model_Driver->db_insert(Object(stdClass))
#4 /home/wwwinte/public_html/screening/app/Controllers/Product.php(198): App\Libraries\GroceryCrud->render()
#5 /home/wwwinte/public_html/screening/system/CodeIgniter.php(936): App\Controllers\Product->screening_management('insert')
#6 /home/wwwinte/public_html/screening/system/CodeIgniter.php(432): CodeIgniter\CodeIgniter->runController(Object(App\Controllers\Product))
#7 /home/wwwinte/public_html/screening/system/CodeIgniter.php(333): CodeIgniter\CodeIgniter->handleRequest(NULL, Object(Config\Cache), false)
#8 /home/wwwinte/public_html/screening/public/index.php(44): CodeIgniter\CodeIgniter->run()
#9 {main}
CRITICAL - 2021-04-03 23:47:39 --> On the state "insert" you must have post data
#0 /home/wwwinte/public_html/screening/app/Libraries/GroceryCrud.php(4471): App\Libraries\grocery_CRUD_States->getStateInfo()
#1 /home/wwwinte/public_html/screening/app/Controllers/Product.php(198): App\Libraries\GroceryCrud->render()
#2 /home/wwwinte/public_html/screening/system/CodeIgniter.php(936): App\Controllers\Product->screening_management('insert')
#3 /home/wwwinte/public_html/screening/system/CodeIgniter.php(432): CodeIgniter\CodeIgniter->runController(Object(App\Controllers\Product))
#4 /home/wwwinte/public_html/screening/system/CodeIgniter.php(333): CodeIgniter\CodeIgniter->handleRequest(NULL, Object(Config\Cache), false)
#5 /home/wwwinte/public_html/screening/public/index.php(44): CodeIgniter\CodeIgniter->run()
#6 {main}
CRITICAL - 2021-04-03 23:56:27 --> On the state "insert" you must have post data
#0 /home/wwwinte/public_html/screening/app/Libraries/GroceryCrud.php(4471): App\Libraries\grocery_CRUD_States->getStateInfo()
#1 /home/wwwinte/public_html/screening/app/Controllers/Product.php(198): App\Libraries\GroceryCrud->render()
#2 /home/wwwinte/public_html/screening/system/CodeIgniter.php(936): App\Controllers\Product->screening_management('insert')
#3 /home/wwwinte/public_html/screening/system/CodeIgniter.php(432): CodeIgniter\CodeIgniter->runController(Object(App\Controllers\Product))
#4 /home/wwwinte/public_html/screening/system/CodeIgniter.php(333): CodeIgniter\CodeIgniter->handleRequest(NULL, Object(Config\Cache), false)
#5 /home/wwwinte/public_html/screening/public/index.php(44): CodeIgniter\CodeIgniter->run()
#6 {main}
CRITICAL - 2021-04-03 23:56:41 --> On the state "insert" you must have post data
#0 /home/wwwinte/public_html/screening/app/Libraries/GroceryCrud.php(4471): App\Libraries\grocery_CRUD_States->getStateInfo()
#1 /home/wwwinte/public_html/screening/app/Controllers/Product.php(198): App\Libraries\GroceryCrud->render()
#2 /home/wwwinte/public_html/screening/system/CodeIgniter.php(936): App\Controllers\Product->screening_management('insert')
#3 /home/wwwinte/public_html/screening/system/CodeIgniter.php(432): CodeIgniter\CodeIgniter->runController(Object(App\Controllers\Product))
#4 /home/wwwinte/public_html/screening/system/CodeIgniter.php(333): CodeIgniter\CodeIgniter->handleRequest(NULL, Object(Config\Cache), false)
#5 /home/wwwinte/public_html/screening/public/index.php(44): CodeIgniter\CodeIgniter->run()
#6 {main}
CRITICAL - 2021-04-03 23:57:30 --> You must use the "set" method to update an entry.
#0 /home/wwwinte/public_html/screening/system/Database/BaseBuilder.php(2442): CodeIgniter\Database\BaseBuilder->validateUpdate()
#1 /home/wwwinte/public_html/screening/app/Models/GroceryCrudModel.php(486): CodeIgniter\Database\BaseBuilder->update(Array, Array)
#2 /home/wwwinte/public_html/screening/app/Libraries/GroceryCrud.php(1102): App\Models\GroceryCrudModel->db_update(Array, '1010')
#3 /home/wwwinte/public_html/screening/app/Libraries/GroceryCrud.php(4570): App\Libraries\grocery_CRUD_Model_Driver->db_update(Object(stdClass))
#4 /home/wwwinte/public_html/screening/app/Controllers/Product.php(198): App\Libraries\GroceryCrud->render()
#5 /home/wwwinte/public_html/screening/system/CodeIgniter.php(936): App\Controllers\Product->screening_management('update', '1010')
#6 /home/wwwinte/public_html/screening/system/CodeIgniter.php(432): CodeIgniter\CodeIgniter->runController(Object(App\Controllers\Product))
#7 /home/wwwinte/public_html/screening/system/CodeIgniter.php(333): CodeIgniter\CodeIgniter->handleRequest(NULL, Object(Config\Cache), false)
#8 /home/wwwinte/public_html/screening/public/index.php(44): CodeIgniter\CodeIgniter->run()
#9 {main}
