CRITICAL - 2021-04-04 00:12:04 --> You must use the "set" method to update an entry.
#0 /home/wwwinte/public_html/screening/system/Database/BaseBuilder.php(2442): CodeIgniter\Database\BaseBuilder->validateUpdate()
#1 /home/wwwinte/public_html/screening/app/Models/GroceryCrudModel.php(486): CodeIgniter\Database\BaseBuilder->update(Array, Array)
#2 /home/wwwinte/public_html/screening/app/Libraries/GroceryCrud.php(1102): App\Models\GroceryCrudModel->db_update(Array, '1010')
#3 /home/wwwinte/public_html/screening/app/Libraries/GroceryCrud.php(4570): App\Libraries\grocery_CRUD_Model_Driver->db_update(Object(stdClass))
#4 /home/wwwinte/public_html/screening/app/Controllers/Product.php(198): App\Libraries\GroceryCrud->render()
#5 /home/wwwinte/public_html/screening/system/CodeIgniter.php(936): App\Controllers\Product->screening_management('update', '1010')
#6 /home/wwwinte/public_html/screening/system/CodeIgniter.php(432): CodeIgniter\CodeIgniter->runController(Object(App\Controllers\Product))
#7 /home/wwwinte/public_html/screening/system/CodeIgniter.php(333): CodeIgniter\CodeIgniter->handleRequest(NULL, Object(Config\Cache), false)
#8 /home/wwwinte/public_html/screening/public/index.php(44): CodeIgniter\CodeIgniter->run()
#9 {main}
CRITICAL - 2021-04-04 00:13:45 --> You must use the "set" method to update an entry.
#0 /home/wwwinte/public_html/screening/system/Database/BaseBuilder.php(2442): CodeIgniter\Database\BaseBuilder->validateUpdate()
#1 /home/wwwinte/public_html/screening/app/Models/GroceryCrudModel.php(486): CodeIgniter\Database\BaseBuilder->update(Array, Array)
#2 /home/wwwinte/public_html/screening/app/Libraries/GroceryCrud.php(1102): App\Models\GroceryCrudModel->db_update(Array, '1008')
#3 /home/wwwinte/public_html/screening/app/Libraries/GroceryCrud.php(4570): App\Libraries\grocery_CRUD_Model_Driver->db_update(Object(stdClass))
#4 /home/wwwinte/public_html/screening/app/Controllers/Product.php(198): App\Libraries\GroceryCrud->render()
#5 /home/wwwinte/public_html/screening/system/CodeIgniter.php(936): App\Controllers\Product->screening_management('update', '1008')
#6 /home/wwwinte/public_html/screening/system/CodeIgniter.php(432): CodeIgniter\CodeIgniter->runController(Object(App\Controllers\Product))
#7 /home/wwwinte/public_html/screening/system/CodeIgniter.php(333): CodeIgniter\CodeIgniter->handleRequest(NULL, Object(Config\Cache), false)
#8 /home/wwwinte/public_html/screening/public/index.php(44): CodeIgniter\CodeIgniter->run()
#9 {main}
CRITICAL - 2021-04-04 00:15:50 --> You must use the "set" method to update an entry.
#0 /home/wwwinte/public_html/screening/system/Database/BaseBuilder.php(2442): CodeIgniter\Database\BaseBuilder->validateUpdate()
#1 /home/wwwinte/public_html/screening/app/Models/GroceryCrudModel.php(486): CodeIgniter\Database\BaseBuilder->update(Array, Array)
#2 /home/wwwinte/public_html/screening/app/Libraries/GroceryCrud.php(1102): App\Models\GroceryCrudModel->db_update(Array, '1008')
#3 /home/wwwinte/public_html/screening/app/Libraries/GroceryCrud.php(4570): App\Libraries\grocery_CRUD_Model_Driver->db_update(Object(stdClass))
#4 /home/wwwinte/public_html/screening/app/Controllers/Product.php(198): App\Libraries\GroceryCrud->render()
#5 /home/wwwinte/public_html/screening/system/CodeIgniter.php(936): App\Controllers\Product->screening_management('update', '1008')
#6 /home/wwwinte/public_html/screening/system/CodeIgniter.php(432): CodeIgniter\CodeIgniter->runController(Object(App\Controllers\Product))
#7 /home/wwwinte/public_html/screening/system/CodeIgniter.php(333): CodeIgniter\CodeIgniter->handleRequest(NULL, Object(Config\Cache), false)
#8 /home/wwwinte/public_html/screening/public/index.php(44): CodeIgniter\CodeIgniter->run()
#9 {main}
CRITICAL - 2021-04-04 00:19:34 --> You must use the "set" method to update an entry.
#0 /home/wwwinte/public_html/screening/system/Database/BaseBuilder.php(2442): CodeIgniter\Database\BaseBuilder->validateUpdate()
#1 /home/wwwinte/public_html/screening/app/Models/GroceryCrudModel.php(486): CodeIgniter\Database\BaseBuilder->update(Array, Array)
#2 /home/wwwinte/public_html/screening/app/Libraries/GroceryCrud.php(1102): App\Models\GroceryCrudModel->db_update(Array, '1008')
#3 /home/wwwinte/public_html/screening/app/Libraries/GroceryCrud.php(4570): App\Libraries\grocery_CRUD_Model_Driver->db_update(Object(stdClass))
#4 /home/wwwinte/public_html/screening/app/Controllers/Product.php(198): App\Libraries\GroceryCrud->render()
#5 /home/wwwinte/public_html/screening/system/CodeIgniter.php(936): App\Controllers\Product->screening_management('update', '1008')
#6 /home/wwwinte/public_html/screening/system/CodeIgniter.php(432): CodeIgniter\CodeIgniter->runController(Object(App\Controllers\Product))
#7 /home/wwwinte/public_html/screening/system/CodeIgniter.php(333): CodeIgniter\CodeIgniter->handleRequest(NULL, Object(Config\Cache), false)
#8 /home/wwwinte/public_html/screening/public/index.php(44): CodeIgniter\CodeIgniter->run()
#9 {main}
CRITICAL - 2021-04-04 00:19:38 --> You must use the "set" method to update an entry.
#0 /home/wwwinte/public_html/screening/system/Database/BaseBuilder.php(2442): CodeIgniter\Database\BaseBuilder->validateUpdate()
#1 /home/wwwinte/public_html/screening/app/Models/GroceryCrudModel.php(486): CodeIgniter\Database\BaseBuilder->update(Array, Array)
#2 /home/wwwinte/public_html/screening/app/Libraries/GroceryCrud.php(1102): App\Models\GroceryCrudModel->db_update(Array, '1008')
#3 /home/wwwinte/public_html/screening/app/Libraries/GroceryCrud.php(4570): App\Libraries\grocery_CRUD_Model_Driver->db_update(Object(stdClass))
#4 /home/wwwinte/public_html/screening/app/Controllers/Product.php(198): App\Libraries\GroceryCrud->render()
#5 /home/wwwinte/public_html/screening/system/CodeIgniter.php(936): App\Controllers\Product->screening_management('update', '1008')
#6 /home/wwwinte/public_html/screening/system/CodeIgniter.php(432): CodeIgniter\CodeIgniter->runController(Object(App\Controllers\Product))
#7 /home/wwwinte/public_html/screening/system/CodeIgniter.php(333): CodeIgniter\CodeIgniter->handleRequest(NULL, Object(Config\Cache), false)
#8 /home/wwwinte/public_html/screening/public/index.php(44): CodeIgniter\CodeIgniter->run()
#9 {main}
ERROR - 2021-04-04 00:20:03 --> mysqli_sql_exception: Operand should contain 1 column(s) in /home/wwwinte/public_html/screening/system/Database/MySQLi/Connection.php:314
Stack trace:
#0 /home/wwwinte/public_html/screening/system/Database/MySQLi/Connection.php(314): mysqli->query('UPDATE `screeni...')
#1 /home/wwwinte/public_html/screening/system/Database/BaseConnection.php(713): CodeIgniter\Database\MySQLi\Connection->execute('UPDATE `screeni...')
#2 /home/wwwinte/public_html/screening/system/Database/BaseConnection.php(641): CodeIgniter\Database\BaseConnection->simpleQuery('UPDATE `screeni...')
#3 /home/wwwinte/public_html/screening/system/Database/BaseBuilder.php(2468): CodeIgniter\Database\BaseConnection->query('UPDATE `screeni...', Array, false)
#4 /home/wwwinte/public_html/screening/app/Models/GroceryCrudModel.php(486): CodeIgniter\Database\BaseBuilder->update(Array, Array)
#5 /home/wwwinte/public_html/screening/app/Libraries/GroceryCrud.php(1102): App\Models\GroceryCrudModel->db_update(Array, '1008')
#6 /home/wwwinte/public_html/screening/app/Libraries/GroceryCrud.php(4570): App\Libraries\grocery_CRUD_Model_Driver->db_update(Object(stdClass))
#7 /home/wwwinte/public_html/screening/app/Controllers/Product.php(198): App\Libraries\GroceryCrud->render()
#8 /home/wwwinte/public_html/screening/system/CodeIgniter.php(936): App\Controllers\Product->screening_management('update', '1008')
#9 /home/wwwinte/public_html/screening/system/CodeIgniter.php(432): CodeIgniter\CodeIgniter->runController(Object(App\Controllers\Product))
#10 /home/wwwinte/public_html/screening/system/CodeIgniter.php(333): CodeIgniter\CodeIgniter->handleRequest(NULL, Object(Config\Cache), false)
#11 /home/wwwinte/public_html/screening/public/index.php(44): CodeIgniter\CodeIgniter->run()
#12 {main}
CRITICAL - 2021-04-04 00:20:03 --> Operand should contain 1 column(s)
#0 /home/wwwinte/public_html/screening/system/Database/MySQLi/Connection.php(314): mysqli->query('UPDATE `screeni...')
#1 /home/wwwinte/public_html/screening/system/Database/BaseConnection.php(713): CodeIgniter\Database\MySQLi\Connection->execute('UPDATE `screeni...')
#2 /home/wwwinte/public_html/screening/system/Database/BaseConnection.php(641): CodeIgniter\Database\BaseConnection->simpleQuery('UPDATE `screeni...')
#3 /home/wwwinte/public_html/screening/system/Database/BaseBuilder.php(2468): CodeIgniter\Database\BaseConnection->query('UPDATE `screeni...', Array, false)
#4 /home/wwwinte/public_html/screening/app/Models/GroceryCrudModel.php(486): CodeIgniter\Database\BaseBuilder->update(Array, Array)
#5 /home/wwwinte/public_html/screening/app/Libraries/GroceryCrud.php(1102): App\Models\GroceryCrudModel->db_update(Array, '1008')
#6 /home/wwwinte/public_html/screening/app/Libraries/GroceryCrud.php(4570): App\Libraries\grocery_CRUD_Model_Driver->db_update(Object(stdClass))
#7 /home/wwwinte/public_html/screening/app/Controllers/Product.php(198): App\Libraries\GroceryCrud->render()
#8 /home/wwwinte/public_html/screening/system/CodeIgniter.php(936): App\Controllers\Product->screening_management('update', '1008')
#9 /home/wwwinte/public_html/screening/system/CodeIgniter.php(432): CodeIgniter\CodeIgniter->runController(Object(App\Controllers\Product))
#10 /home/wwwinte/public_html/screening/system/CodeIgniter.php(333): CodeIgniter\CodeIgniter->handleRequest(NULL, Object(Config\Cache), false)
#11 /home/wwwinte/public_html/screening/public/index.php(44): CodeIgniter\CodeIgniter->run()
#12 {main}
ERROR - 2021-04-04 00:20:05 --> mysqli_sql_exception: Operand should contain 1 column(s) in /home/wwwinte/public_html/screening/system/Database/MySQLi/Connection.php:314
Stack trace:
#0 /home/wwwinte/public_html/screening/system/Database/MySQLi/Connection.php(314): mysqli->query('UPDATE `screeni...')
#1 /home/wwwinte/public_html/screening/system/Database/BaseConnection.php(713): CodeIgniter\Database\MySQLi\Connection->execute('UPDATE `screeni...')
#2 /home/wwwinte/public_html/screening/system/Database/BaseConnection.php(641): CodeIgniter\Database\BaseConnection->simpleQuery('UPDATE `screeni...')
#3 /home/wwwinte/public_html/screening/system/Database/BaseBuilder.php(2468): CodeIgniter\Database\BaseConnection->query('UPDATE `screeni...', Array, false)
#4 /home/wwwinte/public_html/screening/app/Models/GroceryCrudModel.php(486): CodeIgniter\Database\BaseBuilder->update(Array, Array)
#5 /home/wwwinte/public_html/screening/app/Libraries/GroceryCrud.php(1102): App\Models\GroceryCrudModel->db_update(Array, '1008')
#6 /home/wwwinte/public_html/screening/app/Libraries/GroceryCrud.php(4570): App\Libraries\grocery_CRUD_Model_Driver->db_update(Object(stdClass))
#7 /home/wwwinte/public_html/screening/app/Controllers/Product.php(198): App\Libraries\GroceryCrud->render()
#8 /home/wwwinte/public_html/screening/system/CodeIgniter.php(936): App\Controllers\Product->screening_management('update', '1008')
#9 /home/wwwinte/public_html/screening/system/CodeIgniter.php(432): CodeIgniter\CodeIgniter->runController(Object(App\Controllers\Product))
#10 /home/wwwinte/public_html/screening/system/CodeIgniter.php(333): CodeIgniter\CodeIgniter->handleRequest(NULL, Object(Config\Cache), false)
#11 /home/wwwinte/public_html/screening/public/index.php(44): CodeIgniter\CodeIgniter->run()
#12 {main}
CRITICAL - 2021-04-04 00:20:05 --> Operand should contain 1 column(s)
#0 /home/wwwinte/public_html/screening/system/Database/MySQLi/Connection.php(314): mysqli->query('UPDATE `screeni...')
#1 /home/wwwinte/public_html/screening/system/Database/BaseConnection.php(713): CodeIgniter\Database\MySQLi\Connection->execute('UPDATE `screeni...')
#2 /home/wwwinte/public_html/screening/system/Database/BaseConnection.php(641): CodeIgniter\Database\BaseConnection->simpleQuery('UPDATE `screeni...')
#3 /home/wwwinte/public_html/screening/system/Database/BaseBuilder.php(2468): CodeIgniter\Database\BaseConnection->query('UPDATE `screeni...', Array, false)
#4 /home/wwwinte/public_html/screening/app/Models/GroceryCrudModel.php(486): CodeIgniter\Database\BaseBuilder->update(Array, Array)
#5 /home/wwwinte/public_html/screening/app/Libraries/GroceryCrud.php(1102): App\Models\GroceryCrudModel->db_update(Array, '1008')
#6 /home/wwwinte/public_html/screening/app/Libraries/GroceryCrud.php(4570): App\Libraries\grocery_CRUD_Model_Driver->db_update(Object(stdClass))
#7 /home/wwwinte/public_html/screening/app/Controllers/Product.php(198): App\Libraries\GroceryCrud->render()
#8 /home/wwwinte/public_html/screening/system/CodeIgniter.php(936): App\Controllers\Product->screening_management('update', '1008')
#9 /home/wwwinte/public_html/screening/system/CodeIgniter.php(432): CodeIgniter\CodeIgniter->runController(Object(App\Controllers\Product))
#10 /home/wwwinte/public_html/screening/system/CodeIgniter.php(333): CodeIgniter\CodeIgniter->handleRequest(NULL, Object(Config\Cache), false)
#11 /home/wwwinte/public_html/screening/public/index.php(44): CodeIgniter\CodeIgniter->run()
#12 {main}
CRITICAL - 2021-04-04 00:21:24 --> You must use the "set" method to update an entry.
#0 /home/wwwinte/public_html/screening/system/Database/BaseBuilder.php(2442): CodeIgniter\Database\BaseBuilder->validateUpdate()
#1 /home/wwwinte/public_html/screening/app/Models/GroceryCrudModel.php(486): CodeIgniter\Database\BaseBuilder->update(Array, Array)
#2 /home/wwwinte/public_html/screening/app/Libraries/GroceryCrud.php(1102): App\Models\GroceryCrudModel->db_update(Array, '1008')
#3 /home/wwwinte/public_html/screening/app/Libraries/GroceryCrud.php(4570): App\Libraries\grocery_CRUD_Model_Driver->db_update(Object(stdClass))
#4 /home/wwwinte/public_html/screening/app/Controllers/Product.php(198): App\Libraries\GroceryCrud->render()
#5 /home/wwwinte/public_html/screening/system/CodeIgniter.php(936): App\Controllers\Product->screening_management('update', '1008')
#6 /home/wwwinte/public_html/screening/system/CodeIgniter.php(432): CodeIgniter\CodeIgniter->runController(Object(App\Controllers\Product))
#7 /home/wwwinte/public_html/screening/system/CodeIgniter.php(333): CodeIgniter\CodeIgniter->handleRequest(NULL, Object(Config\Cache), false)
#8 /home/wwwinte/public_html/screening/public/index.php(44): CodeIgniter\CodeIgniter->run()
#9 {main}
CRITICAL - 2021-04-04 00:26:11 --> You must use the "set" method to update an entry.
#0 /home/wwwinte/public_html/screening/system/Database/BaseBuilder.php(2442): CodeIgniter\Database\BaseBuilder->validateUpdate()
#1 /home/wwwinte/public_html/screening/app/Models/GroceryCrudModel.php(486): CodeIgniter\Database\BaseBuilder->update(Array, Array)
#2 /home/wwwinte/public_html/screening/app/Libraries/GroceryCrud.php(1102): App\Models\GroceryCrudModel->db_update(Array, '1008')
#3 /home/wwwinte/public_html/screening/app/Libraries/GroceryCrud.php(4570): App\Libraries\grocery_CRUD_Model_Driver->db_update(Object(stdClass))
#4 /home/wwwinte/public_html/screening/app/Controllers/Product.php(198): App\Libraries\GroceryCrud->render()
#5 /home/wwwinte/public_html/screening/system/CodeIgniter.php(936): App\Controllers\Product->screening_management('update', '1008')
#6 /home/wwwinte/public_html/screening/system/CodeIgniter.php(432): CodeIgniter\CodeIgniter->runController(Object(App\Controllers\Product))
#7 /home/wwwinte/public_html/screening/system/CodeIgniter.php(333): CodeIgniter\CodeIgniter->handleRequest(NULL, Object(Config\Cache), false)
#8 /home/wwwinte/public_html/screening/public/index.php(44): CodeIgniter\CodeIgniter->run()
#9 {main}
CRITICAL - 2021-04-04 01:00:23 --> You must use the "set" method to update an entry.
#0 /home/wwwinte/public_html/screening/system/Database/BaseBuilder.php(2442): CodeIgniter\Database\BaseBuilder->validateUpdate()
#1 /home/wwwinte/public_html/screening/app/Models/GroceryCrudModel.php(486): CodeIgniter\Database\BaseBuilder->update(Array, Array)
#2 /home/wwwinte/public_html/screening/app/Libraries/GroceryCrud.php(1102): App\Models\GroceryCrudModel->db_update(Array, '1008')
#3 /home/wwwinte/public_html/screening/app/Libraries/GroceryCrud.php(4570): App\Libraries\grocery_CRUD_Model_Driver->db_update(Object(stdClass))
#4 /home/wwwinte/public_html/screening/app/Controllers/Product.php(198): App\Libraries\GroceryCrud->render()
#5 /home/wwwinte/public_html/screening/system/CodeIgniter.php(936): App\Controllers\Product->screening_management('update', '1008')
#6 /home/wwwinte/public_html/screening/system/CodeIgniter.php(432): CodeIgniter\CodeIgniter->runController(Object(App\Controllers\Product))
#7 /home/wwwinte/public_html/screening/system/CodeIgniter.php(333): CodeIgniter\CodeIgniter->handleRequest(NULL, Object(Config\Cache), false)
#8 /home/wwwinte/public_html/screening/public/index.php(44): CodeIgniter\CodeIgniter->run()
#9 {main}
CRITICAL - 2021-04-04 01:12:35 --> You must use the "set" method to update an entry.
#0 /home/wwwinte/public_html/screening/system/Database/BaseBuilder.php(2442): CodeIgniter\Database\BaseBuilder->validateUpdate()
#1 /home/wwwinte/public_html/screening/app/Models/GroceryCrudModel.php(486): CodeIgniter\Database\BaseBuilder->update(Array, Array)
#2 /home/wwwinte/public_html/screening/app/Libraries/GroceryCrud.php(1102): App\Models\GroceryCrudModel->db_update(Array, '1008')
#3 /home/wwwinte/public_html/screening/app/Libraries/GroceryCrud.php(4570): App\Libraries\grocery_CRUD_Model_Driver->db_update(Object(stdClass))
#4 /home/wwwinte/public_html/screening/app/Controllers/Product.php(198): App\Libraries\GroceryCrud->render()
#5 /home/wwwinte/public_html/screening/system/CodeIgniter.php(936): App\Controllers\Product->screening_management('update', '1008')
#6 /home/wwwinte/public_html/screening/system/CodeIgniter.php(432): CodeIgniter\CodeIgniter->runController(Object(App\Controllers\Product))
#7 /home/wwwinte/public_html/screening/system/CodeIgniter.php(333): CodeIgniter\CodeIgniter->handleRequest(NULL, Object(Config\Cache), false)
#8 /home/wwwinte/public_html/screening/public/index.php(44): CodeIgniter\CodeIgniter->run()
#9 {main}
CRITICAL - 2021-04-04 01:15:07 --> You must use the "set" method to update an entry.
#0 /home/wwwinte/public_html/screening/system/Database/BaseBuilder.php(2442): CodeIgniter\Database\BaseBuilder->validateUpdate()
#1 /home/wwwinte/public_html/screening/app/Models/GroceryCrudModel.php(486): CodeIgniter\Database\BaseBuilder->update(Array, Array)
#2 /home/wwwinte/public_html/screening/app/Libraries/GroceryCrud.php(1102): App\Models\GroceryCrudModel->db_update(Array, '1009')
#3 /home/wwwinte/public_html/screening/app/Libraries/GroceryCrud.php(4570): App\Libraries\grocery_CRUD_Model_Driver->db_update(Object(stdClass))
#4 /home/wwwinte/public_html/screening/app/Controllers/Product.php(198): App\Libraries\GroceryCrud->render()
#5 /home/wwwinte/public_html/screening/system/CodeIgniter.php(936): App\Controllers\Product->screening_management('update', '1009')
#6 /home/wwwinte/public_html/screening/system/CodeIgniter.php(432): CodeIgniter\CodeIgniter->runController(Object(App\Controllers\Product))
#7 /home/wwwinte/public_html/screening/system/CodeIgniter.php(333): CodeIgniter\CodeIgniter->handleRequest(NULL, Object(Config\Cache), false)
#8 /home/wwwinte/public_html/screening/public/index.php(44): CodeIgniter\CodeIgniter->run()
#9 {main}
CRITICAL - 2021-04-04 01:21:38 --> You must use the "set" method to update an entry.
#0 /home/wwwinte/public_html/screening/system/Database/BaseBuilder.php(2442): CodeIgniter\Database\BaseBuilder->validateUpdate()
#1 /home/wwwinte/public_html/screening/app/Models/GroceryCrudModel.php(486): CodeIgniter\Database\BaseBuilder->update(Array, Array)
#2 /home/wwwinte/public_html/screening/app/Libraries/GroceryCrud.php(1102): App\Models\GroceryCrudModel->db_update(Array, '1008')
#3 /home/wwwinte/public_html/screening/app/Libraries/GroceryCrud.php(4570): App\Libraries\grocery_CRUD_Model_Driver->db_update(Object(stdClass))
#4 /home/wwwinte/public_html/screening/app/Controllers/Product.php(198): App\Libraries\GroceryCrud->render()
#5 /home/wwwinte/public_html/screening/system/CodeIgniter.php(936): App\Controllers\Product->screening_management('update', '1008')
#6 /home/wwwinte/public_html/screening/system/CodeIgniter.php(432): CodeIgniter\CodeIgniter->runController(Object(App\Controllers\Product))
#7 /home/wwwinte/public_html/screening/system/CodeIgniter.php(333): CodeIgniter\CodeIgniter->handleRequest(NULL, Object(Config\Cache), false)
#8 /home/wwwinte/public_html/screening/public/index.php(44): CodeIgniter\CodeIgniter->run()
#9 {main}
CRITICAL - 2021-04-04 01:27:38 --> On the state "insert" you must have post data
#0 /home/wwwinte/public_html/screening/app/Libraries/GroceryCrud.php(4471): App\Libraries\grocery_CRUD_States->getStateInfo()
#1 /home/wwwinte/public_html/screening/app/Controllers/Product.php(198): App\Libraries\GroceryCrud->render()
#2 /home/wwwinte/public_html/screening/system/CodeIgniter.php(936): App\Controllers\Product->screening_management('insert')
#3 /home/wwwinte/public_html/screening/system/CodeIgniter.php(432): CodeIgniter\CodeIgniter->runController(Object(App\Controllers\Product))
#4 /home/wwwinte/public_html/screening/system/CodeIgniter.php(333): CodeIgniter\CodeIgniter->handleRequest(NULL, Object(Config\Cache), false)
#5 /home/wwwinte/public_html/screening/public/index.php(44): CodeIgniter\CodeIgniter->run()
#6 {main}
CRITICAL - 2021-04-04 01:28:30 --> You must use the "set" method to update an entry.
#0 /home/wwwinte/public_html/screening/system/Database/BaseBuilder.php(2248): CodeIgniter\Database\BaseBuilder->validateInsert()
#1 /home/wwwinte/public_html/screening/app/Models/GroceryCrudModel.php(491): CodeIgniter\Database\BaseBuilder->insert(Array)
#2 /home/wwwinte/public_html/screening/app/Libraries/GroceryCrud.php(963): App\Models\GroceryCrudModel->db_insert(Array)
#3 /home/wwwinte/public_html/screening/app/Libraries/GroceryCrud.php(4557): App\Libraries\grocery_CRUD_Model_Driver->db_insert(Object(stdClass))
#4 /home/wwwinte/public_html/screening/app/Controllers/Product.php(198): App\Libraries\GroceryCrud->render()
#5 /home/wwwinte/public_html/screening/system/CodeIgniter.php(936): App\Controllers\Product->screening_management('insert')
#6 /home/wwwinte/public_html/screening/system/CodeIgniter.php(432): CodeIgniter\CodeIgniter->runController(Object(App\Controllers\Product))
#7 /home/wwwinte/public_html/screening/system/CodeIgniter.php(333): CodeIgniter\CodeIgniter->handleRequest(NULL, Object(Config\Cache), false)
#8 /home/wwwinte/public_html/screening/public/index.php(44): CodeIgniter\CodeIgniter->run()
#9 {main}
CRITICAL - 2021-04-04 18:28:59 --> You must set the database table to be used with your query.
#0 /home/wwwinte/public_html/screening/app/Models/GroceryCrudModel.php(371): CodeIgniter\Database\BaseConnection->table(NULL)
#1 /home/wwwinte/public_html/screening/app/Libraries/GroceryCrud.php(1426): App\Models\GroceryCrudModel->get_relation_n_n_unselected_array(NULL, NULL)
#2 /home/wwwinte/public_html/screening/app/Libraries/InterneticsLibrary.php(71): App\Libraries\grocery_CRUD_Model_Driver->get_relation_n_n_unselected_array(NULL, NULL)
#3 /home/wwwinte/public_html/screening/app/Libraries/GroceryCrud.php(231): App\Libraries\InterneticsLibrary->get_relation_n_n_input(NULL, Array)
#4 /home/wwwinte/public_html/screening/app/Libraries/GroceryCrud.php(2591): App\Libraries\grocery_CRUD_Field_Types->get_field_input(Object(stdClass), Array)
#5 /home/wwwinte/public_html/screening/app/Libraries/GroceryCrud.php(1832): App\Libraries\grocery_CRUD_Layout->get_edit_input_fields(Object(stdClass))
#6 /home/wwwinte/public_html/screening/app/Libraries/GroceryCrud.php(4532): App\Libraries\grocery_CRUD_Layout->showEditForm(Object(stdClass))
#7 /home/wwwinte/public_html/screening/app/Controllers/Product.php(193): App\Libraries\GroceryCrud->render()
#8 /home/wwwinte/public_html/screening/system/CodeIgniter.php(936): App\Controllers\Product->screening_management('edit', '1008')
#9 /home/wwwinte/public_html/screening/system/CodeIgniter.php(432): CodeIgniter\CodeIgniter->runController(Object(App\Controllers\Product))
#10 /home/wwwinte/public_html/screening/system/CodeIgniter.php(333): CodeIgniter\CodeIgniter->handleRequest(NULL, Object(Config\Cache), false)
#11 /home/wwwinte/public_html/screening/public/index.php(44): CodeIgniter\CodeIgniter->run()
#12 {main}
CRITICAL - 2021-04-04 18:32:33 --> syntax error, unexpected 'if' (T_IF)
#0 /home/wwwinte/public_html/screening/system/Autoloader/Autoloader.php(265): CodeIgniter\Autoloader\Autoloader->includeFile('/home/wwwinte/p...')
#1 /home/wwwinte/public_html/screening/system/Autoloader/Autoloader.php(228): CodeIgniter\Autoloader\Autoloader->loadInNamespace('App\\Libraries\\I...')
#2 [internal function]: CodeIgniter\Autoloader\Autoloader->loadClass('App\\Libraries\\I...')
#3 /home/wwwinte/public_html/screening/app/Controllers/Product.php(146): spl_autoload_call('App\\Libraries\\I...')
#4 /home/wwwinte/public_html/screening/system/CodeIgniter.php(936): App\Controllers\Product->screening_management('edit', '1008')
#5 /home/wwwinte/public_html/screening/system/CodeIgniter.php(432): CodeIgniter\CodeIgniter->runController(Object(App\Controllers\Product))
#6 /home/wwwinte/public_html/screening/system/CodeIgniter.php(333): CodeIgniter\CodeIgniter->handleRequest(NULL, Object(Config\Cache), false)
#7 /home/wwwinte/public_html/screening/public/index.php(44): CodeIgniter\CodeIgniter->run()
#8 {main}
CRITICAL - 2021-04-04 18:33:18 --> syntax error, unexpected 'if' (T_IF)
#0 /home/wwwinte/public_html/screening/system/Autoloader/Autoloader.php(265): CodeIgniter\Autoloader\Autoloader->includeFile('/home/wwwinte/p...')
#1 /home/wwwinte/public_html/screening/system/Autoloader/Autoloader.php(228): CodeIgniter\Autoloader\Autoloader->loadInNamespace('App\\Libraries\\I...')
#2 [internal function]: CodeIgniter\Autoloader\Autoloader->loadClass('App\\Libraries\\I...')
#3 /home/wwwinte/public_html/screening/app/Controllers/Product.php(146): spl_autoload_call('App\\Libraries\\I...')
#4 /home/wwwinte/public_html/screening/system/CodeIgniter.php(936): App\Controllers\Product->screening_management('edit', '1008')
#5 /home/wwwinte/public_html/screening/system/CodeIgniter.php(432): CodeIgniter\CodeIgniter->runController(Object(App\Controllers\Product))
#6 /home/wwwinte/public_html/screening/system/CodeIgniter.php(333): CodeIgniter\CodeIgniter->handleRequest(NULL, Object(Config\Cache), false)
#7 /home/wwwinte/public_html/screening/public/index.php(44): CodeIgniter\CodeIgniter->run()
#8 {main}
CRITICAL - 2021-04-04 18:35:24 --> syntax error, unexpected 'if' (T_IF)
#0 /home/wwwinte/public_html/screening/system/Autoloader/Autoloader.php(265): CodeIgniter\Autoloader\Autoloader->includeFile('/home/wwwinte/p...')
#1 /home/wwwinte/public_html/screening/system/Autoloader/Autoloader.php(228): CodeIgniter\Autoloader\Autoloader->loadInNamespace('App\\Libraries\\I...')
#2 [internal function]: CodeIgniter\Autoloader\Autoloader->loadClass('App\\Libraries\\I...')
#3 /home/wwwinte/public_html/screening/app/Controllers/Product.php(146): spl_autoload_call('App\\Libraries\\I...')
#4 /home/wwwinte/public_html/screening/system/CodeIgniter.php(936): App\Controllers\Product->screening_management('edit', '1008')
#5 /home/wwwinte/public_html/screening/system/CodeIgniter.php(432): CodeIgniter\CodeIgniter->runController(Object(App\Controllers\Product))
#6 /home/wwwinte/public_html/screening/system/CodeIgniter.php(333): CodeIgniter\CodeIgniter->handleRequest(NULL, Object(Config\Cache), false)
#7 /home/wwwinte/public_html/screening/public/index.php(44): CodeIgniter\CodeIgniter->run()
#8 {main}
CRITICAL - 2021-04-04 18:36:43 --> syntax error, unexpected 'if' (T_IF)
#0 /home/wwwinte/public_html/screening/system/Autoloader/Autoloader.php(265): CodeIgniter\Autoloader\Autoloader->includeFile('/home/wwwinte/p...')
#1 /home/wwwinte/public_html/screening/system/Autoloader/Autoloader.php(228): CodeIgniter\Autoloader\Autoloader->loadInNamespace('App\\Libraries\\I...')
#2 [internal function]: CodeIgniter\Autoloader\Autoloader->loadClass('App\\Libraries\\I...')
#3 /home/wwwinte/public_html/screening/app/Controllers/Product.php(146): spl_autoload_call('App\\Libraries\\I...')
#4 /home/wwwinte/public_html/screening/system/CodeIgniter.php(936): App\Controllers\Product->screening_management('edit', '1008')
#5 /home/wwwinte/public_html/screening/system/CodeIgniter.php(432): CodeIgniter\CodeIgniter->runController(Object(App\Controllers\Product))
#6 /home/wwwinte/public_html/screening/system/CodeIgniter.php(333): CodeIgniter\CodeIgniter->handleRequest(NULL, Object(Config\Cache), false)
#7 /home/wwwinte/public_html/screening/public/index.php(44): CodeIgniter\CodeIgniter->run()
#8 {main}
CRITICAL - 2021-04-04 18:58:21 --> Call to a member function db_table_exists() on string
#0 /home/wwwinte/public_html/screening/app/Libraries/GroceryCrud.php(4970): App\Libraries\grocery_CRUD_Model_Driver->table_exists('screenings')
#1 /home/wwwinte/public_html/screening/app/Libraries/GroceryCrud.php(4450): App\Libraries\GroceryCrud->get_table()
#2 /home/wwwinte/public_html/screening/app/Libraries/GroceryCrud.php(4467): App\Libraries\GroceryCrud->pre_render()
#3 /home/wwwinte/public_html/screening/app/Controllers/Product.php(194): App\Libraries\GroceryCrud->render()
#4 /home/wwwinte/public_html/screening/system/CodeIgniter.php(936): App\Controllers\Product->screening_management('edit', '1008')
#5 /home/wwwinte/public_html/screening/system/CodeIgniter.php(432): CodeIgniter\CodeIgniter->runController(Object(App\Controllers\Product))
#6 /home/wwwinte/public_html/screening/system/CodeIgniter.php(333): CodeIgniter\CodeIgniter->handleRequest(NULL, Object(Config\Cache), false)
#7 /home/wwwinte/public_html/screening/public/index.php(44): CodeIgniter\CodeIgniter->run()
#8 {main}
CRITICAL - 2021-04-04 18:58:42 --> Call to a member function db_table_exists() on string
#0 /home/wwwinte/public_html/screening/app/Libraries/GroceryCrud.php(4970): App\Libraries\grocery_CRUD_Model_Driver->table_exists('screenings')
#1 /home/wwwinte/public_html/screening/app/Libraries/GroceryCrud.php(4450): App\Libraries\GroceryCrud->get_table()
#2 /home/wwwinte/public_html/screening/app/Libraries/GroceryCrud.php(4467): App\Libraries\GroceryCrud->pre_render()
#3 /home/wwwinte/public_html/screening/app/Controllers/Product.php(194): App\Libraries\GroceryCrud->render()
#4 /home/wwwinte/public_html/screening/system/CodeIgniter.php(936): App\Controllers\Product->screening_management('edit', '1008')
#5 /home/wwwinte/public_html/screening/system/CodeIgniter.php(432): CodeIgniter\CodeIgniter->runController(Object(App\Controllers\Product))
#6 /home/wwwinte/public_html/screening/system/CodeIgniter.php(333): CodeIgniter\CodeIgniter->handleRequest(NULL, Object(Config\Cache), false)
#7 /home/wwwinte/public_html/screening/public/index.php(44): CodeIgniter\CodeIgniter->run()
#8 {main}
CRITICAL - 2021-04-04 18:59:41 --> Call to a member function db_table_exists() on string
#0 /home/wwwinte/public_html/screening/app/Libraries/GroceryCrud.php(4970): App\Libraries\grocery_CRUD_Model_Driver->table_exists('screenings')
#1 /home/wwwinte/public_html/screening/app/Libraries/GroceryCrud.php(4450): App\Libraries\GroceryCrud->get_table()
#2 /home/wwwinte/public_html/screening/app/Libraries/GroceryCrud.php(4467): App\Libraries\GroceryCrud->pre_render()
#3 /home/wwwinte/public_html/screening/app/Controllers/Product.php(194): App\Libraries\GroceryCrud->render()
#4 /home/wwwinte/public_html/screening/system/CodeIgniter.php(936): App\Controllers\Product->screening_management('edit', '1008')
#5 /home/wwwinte/public_html/screening/system/CodeIgniter.php(432): CodeIgniter\CodeIgniter->runController(Object(App\Controllers\Product))
#6 /home/wwwinte/public_html/screening/system/CodeIgniter.php(333): CodeIgniter\CodeIgniter->handleRequest(NULL, Object(Config\Cache), false)
#7 /home/wwwinte/public_html/screening/public/index.php(44): CodeIgniter\CodeIgniter->run()
#8 {main}
CRITICAL - 2021-04-04 19:00:03 --> Call to a member function db_table_exists() on string
#0 /home/wwwinte/public_html/screening/app/Libraries/GroceryCrud.php(4970): App\Libraries\grocery_CRUD_Model_Driver->table_exists('screenings')
#1 /home/wwwinte/public_html/screening/app/Libraries/GroceryCrud.php(4450): App\Libraries\GroceryCrud->get_table()
#2 /home/wwwinte/public_html/screening/app/Libraries/GroceryCrud.php(4467): App\Libraries\GroceryCrud->pre_render()
#3 /home/wwwinte/public_html/screening/app/Controllers/Product.php(194): App\Libraries\GroceryCrud->render()
#4 /home/wwwinte/public_html/screening/system/CodeIgniter.php(936): App\Controllers\Product->screening_management('edit', '1008')
#5 /home/wwwinte/public_html/screening/system/CodeIgniter.php(432): CodeIgniter\CodeIgniter->runController(Object(App\Controllers\Product))
#6 /home/wwwinte/public_html/screening/system/CodeIgniter.php(333): CodeIgniter\CodeIgniter->handleRequest(NULL, Object(Config\Cache), false)
#7 /home/wwwinte/public_html/screening/public/index.php(44): CodeIgniter\CodeIgniter->run()
#8 {main}
CRITICAL - 2021-04-04 20:24:27 --> Call to a member function db_table_exists() on string
#0 /home/wwwinte/public_html/screening/app/Libraries/GroceryCrud.php(4970): App\Libraries\grocery_CRUD_Model_Driver->table_exists('screenings')
#1 /home/wwwinte/public_html/screening/app/Libraries/GroceryCrud.php(4450): App\Libraries\GroceryCrud->get_table()
#2 /home/wwwinte/public_html/screening/app/Libraries/GroceryCrud.php(4467): App\Libraries\GroceryCrud->pre_render()
#3 /home/wwwinte/public_html/screening/app/Controllers/Product.php(194): App\Libraries\GroceryCrud->render()
#4 /home/wwwinte/public_html/screening/system/CodeIgniter.php(936): App\Controllers\Product->screening_management('edit', '1008')
#5 /home/wwwinte/public_html/screening/system/CodeIgniter.php(432): CodeIgniter\CodeIgniter->runController(Object(App\Controllers\Product))
#6 /home/wwwinte/public_html/screening/system/CodeIgniter.php(333): CodeIgniter\CodeIgniter->handleRequest(NULL, Object(Config\Cache), false)
#7 /home/wwwinte/public_html/screening/public/index.php(44): CodeIgniter\CodeIgniter->run()
#8 {main}
CRITICAL - 2021-04-04 20:25:54 --> Call to a member function db_table_exists() on string
#0 /home/wwwinte/public_html/screening/app/Libraries/GroceryCrud.php(4970): App\Libraries\grocery_CRUD_Model_Driver->table_exists('screenings')
#1 /home/wwwinte/public_html/screening/app/Libraries/GroceryCrud.php(4450): App\Libraries\GroceryCrud->get_table()
#2 /home/wwwinte/public_html/screening/app/Libraries/GroceryCrud.php(4467): App\Libraries\GroceryCrud->pre_render()
#3 /home/wwwinte/public_html/screening/app/Controllers/Product.php(194): App\Libraries\GroceryCrud->render()
#4 /home/wwwinte/public_html/screening/system/CodeIgniter.php(936): App\Controllers\Product->screening_management('edit', '1008')
#5 /home/wwwinte/public_html/screening/system/CodeIgniter.php(432): CodeIgniter\CodeIgniter->runController(Object(App\Controllers\Product))
#6 /home/wwwinte/public_html/screening/system/CodeIgniter.php(333): CodeIgniter\CodeIgniter->handleRequest(NULL, Object(Config\Cache), false)
#7 /home/wwwinte/public_html/screening/public/index.php(44): CodeIgniter\CodeIgniter->run()
#8 {main}
CRITICAL - 2021-04-04 20:27:09 --> Call to a member function db_table_exists() on string
#0 /home/wwwinte/public_html/screening/app/Libraries/GroceryCrud.php(4970): App\Libraries\grocery_CRUD_Model_Driver->table_exists('screenings')
#1 /home/wwwinte/public_html/screening/app/Libraries/GroceryCrud.php(4450): App\Libraries\GroceryCrud->get_table()
#2 /home/wwwinte/public_html/screening/app/Libraries/GroceryCrud.php(4467): App\Libraries\GroceryCrud->pre_render()
#3 /home/wwwinte/public_html/screening/app/Controllers/Product.php(194): App\Libraries\GroceryCrud->render()
#4 /home/wwwinte/public_html/screening/system/CodeIgniter.php(936): App\Controllers\Product->screening_management('edit', '1008')
#5 /home/wwwinte/public_html/screening/system/CodeIgniter.php(432): CodeIgniter\CodeIgniter->runController(Object(App\Controllers\Product))
#6 /home/wwwinte/public_html/screening/system/CodeIgniter.php(333): CodeIgniter\CodeIgniter->handleRequest(NULL, Object(Config\Cache), false)
#7 /home/wwwinte/public_html/screening/public/index.php(44): CodeIgniter\CodeIgniter->run()
#8 {main}
CRITICAL - 2021-04-04 20:28:57 --> Class 'App\Controllers\InterneticsModel' not found
#0 /home/wwwinte/public_html/screening/system/CodeIgniter.php(936): App\Controllers\Product->screening_management('edit', '1008')
#1 /home/wwwinte/public_html/screening/system/CodeIgniter.php(432): CodeIgniter\CodeIgniter->runController(Object(App\Controllers\Product))
#2 /home/wwwinte/public_html/screening/system/CodeIgniter.php(333): CodeIgniter\CodeIgniter->handleRequest(NULL, Object(Config\Cache), false)
#3 /home/wwwinte/public_html/screening/public/index.php(44): CodeIgniter\CodeIgniter->run()
#4 {main}
CRITICAL - 2021-04-04 20:30:19 --> Class 'App\Controllers\InterneticsModel' not found
#0 /home/wwwinte/public_html/screening/system/CodeIgniter.php(936): App\Controllers\Product->screening_management('edit', '1008')
#1 /home/wwwinte/public_html/screening/system/CodeIgniter.php(432): CodeIgniter\CodeIgniter->runController(Object(App\Controllers\Product))
#2 /home/wwwinte/public_html/screening/system/CodeIgniter.php(333): CodeIgniter\CodeIgniter->handleRequest(NULL, Object(Config\Cache), false)
#3 /home/wwwinte/public_html/screening/public/index.php(44): CodeIgniter\CodeIgniter->run()
#4 {main}
CRITICAL - 2021-04-04 20:32:16 --> Class 'App\Controllers\InterneticsModel' not found
#0 /home/wwwinte/public_html/screening/system/CodeIgniter.php(936): App\Controllers\Product->screening_management('edit', '1008')
#1 /home/wwwinte/public_html/screening/system/CodeIgniter.php(432): CodeIgniter\CodeIgniter->runController(Object(App\Controllers\Product))
#2 /home/wwwinte/public_html/screening/system/CodeIgniter.php(333): CodeIgniter\CodeIgniter->handleRequest(NULL, Object(Config\Cache), false)
#3 /home/wwwinte/public_html/screening/public/index.php(44): CodeIgniter\CodeIgniter->run()
#4 {main}
CRITICAL - 2021-04-04 20:33:12 --> Class 'App\Controllers\InterneticsModel' not found
#0 /home/wwwinte/public_html/screening/system/CodeIgniter.php(936): App\Controllers\Product->screening_management('edit', '1008')
#1 /home/wwwinte/public_html/screening/system/CodeIgniter.php(432): CodeIgniter\CodeIgniter->runController(Object(App\Controllers\Product))
#2 /home/wwwinte/public_html/screening/system/CodeIgniter.php(333): CodeIgniter\CodeIgniter->handleRequest(NULL, Object(Config\Cache), false)
#3 /home/wwwinte/public_html/screening/public/index.php(44): CodeIgniter\CodeIgniter->run()
#4 {main}
CRITICAL - 2021-04-04 20:33:49 --> Class 'App\Models\Model' not found
#0 /home/wwwinte/public_html/screening/system/Autoloader/Autoloader.php(294): include_once()
#1 /home/wwwinte/public_html/screening/system/Autoloader/Autoloader.php(265): CodeIgniter\Autoloader\Autoloader->includeFile('/home/wwwinte/p...')
#2 /home/wwwinte/public_html/screening/system/Autoloader/Autoloader.php(228): CodeIgniter\Autoloader\Autoloader->loadInNamespace('App\\Models\\Inte...')
#3 [internal function]: CodeIgniter\Autoloader\Autoloader->loadClass('App\\Models\\Inte...')
#4 /home/wwwinte/public_html/screening/app/Controllers/Product.php(149): spl_autoload_call('App\\Models\\Inte...')
#5 /home/wwwinte/public_html/screening/system/CodeIgniter.php(936): App\Controllers\Product->screening_management('edit', '1008')
#6 /home/wwwinte/public_html/screening/system/CodeIgniter.php(432): CodeIgniter\CodeIgniter->runController(Object(App\Controllers\Product))
#7 /home/wwwinte/public_html/screening/system/CodeIgniter.php(333): CodeIgniter\CodeIgniter->handleRequest(NULL, Object(Config\Cache), false)
#8 /home/wwwinte/public_html/screening/public/index.php(44): CodeIgniter\CodeIgniter->run()
#9 {main}
CRITICAL - 2021-04-04 20:34:31 --> You must set the database table to be used with your query.
#0 /home/wwwinte/public_html/screening/system/Model.php(615): CodeIgniter\Database\BaseConnection->table(NULL)
#1 /home/wwwinte/public_html/screening/system/Model.php(834): CodeIgniter\Model->builder()
#2 /home/wwwinte/public_html/screening/app/Controllers/Product.php(153): CodeIgniter\Model->__call('setTheme', Array)
#3 /home/wwwinte/public_html/screening/system/CodeIgniter.php(936): App\Controllers\Product->screening_management('edit', '1008')
#4 /home/wwwinte/public_html/screening/system/CodeIgniter.php(432): CodeIgniter\CodeIgniter->runController(Object(App\Controllers\Product))
#5 /home/wwwinte/public_html/screening/system/CodeIgniter.php(333): CodeIgniter\CodeIgniter->handleRequest(NULL, Object(Config\Cache), false)
#6 /home/wwwinte/public_html/screening/public/index.php(44): CodeIgniter\CodeIgniter->run()
#7 {main}
CRITICAL - 2021-04-04 20:35:54 --> Undefined variable: select
#0 /home/wwwinte/public_html/screening/app/Models/InterneticsModel.php(18): CodeIgniter\Debug\Exceptions->errorHandler(8, 'Undefined varia...', '/home/wwwinte/p...', 18, Array)
#1 /home/wwwinte/public_html/screening/app/Libraries/GroceryCrud.php(1421): App\Models\InterneticsModel->get_relation_n_n_selection_array('1008', Object(stdClass))
#2 /home/wwwinte/public_html/screening/app/Libraries/GroceryCrud.php(1397): App\Libraries\grocery_CRUD_Model_Driver->get_relation_n_n_selection_array('1008', Object(stdClass))
#3 /home/wwwinte/public_html/screening/app/Libraries/GroceryCrud.php(1825): App\Libraries\grocery_CRUD_Model_Driver->get_edit_values('1008')
#4 /home/wwwinte/public_html/screening/app/Libraries/GroceryCrud.php(4532): App\Libraries\grocery_CRUD_Layout->showEditForm(Object(stdClass))
#5 /home/wwwinte/public_html/screening/app/Controllers/Product.php(198): App\Libraries\GroceryCrud->render()
#6 /home/wwwinte/public_html/screening/system/CodeIgniter.php(936): App\Controllers\Product->screening_management('edit', '1008')
#7 /home/wwwinte/public_html/screening/system/CodeIgniter.php(432): CodeIgniter\CodeIgniter->runController(Object(App\Controllers\Product))
#8 /home/wwwinte/public_html/screening/system/CodeIgniter.php(333): CodeIgniter\CodeIgniter->handleRequest(NULL, Object(Config\Cache), false)
#9 /home/wwwinte/public_html/screening/public/index.php(44): CodeIgniter\CodeIgniter->run()
#10 {main}
