INFO - 2022-03-01 07:19:42 --> Session: Class initialized using 'CodeIgniter\Session\Handlers\FileHandler' driver.
WARNING - 2022-03-01 07:19:42 --> Session: Sessions is enabled, and one exists.Please don't $session->start();
INFO - 2022-03-01 07:20:04 --> Session: Class initialized using 'CodeIgniter\Session\Handlers\FileHandler' driver.
WARNING - 2022-03-01 07:20:04 --> Session: Sessions is enabled, and one exists.Please don't $session->start();
INFO - 2022-03-01 07:20:23 --> Session: Class initialized using 'CodeIgniter\Session\Handlers\FileHandler' driver.
WARNING - 2022-03-01 07:20:23 --> Session: Sessions is enabled, and one exists.Please don't $session->start();
INFO - 2022-03-01 07:21:17 --> Session: Class initialized using 'CodeIgniter\Session\Handlers\FileHandler' driver.
WARNING - 2022-03-01 07:21:17 --> Session: Sessions is enabled, and one exists.Please don't $session->start();
INFO - 2022-03-01 07:22:21 --> Session: Class initialized using 'CodeIgniter\Session\Handlers\FileHandler' driver.
WARNING - 2022-03-01 07:22:21 --> Session: Sessions is enabled, and one exists.Please don't $session->start();
INFO - 2022-03-01 07:26:04 --> Session: Class initialized using 'CodeIgniter\Session\Handlers\FileHandler' driver.
WARNING - 2022-03-01 07:26:04 --> Session: Sessions is enabled, and one exists.Please don't $session->start();
INFO - 2022-03-01 07:26:06 --> Session: Class initialized using 'CodeIgniter\Session\Handlers\FileHandler' driver.
WARNING - 2022-03-01 07:26:06 --> Session: Sessions is enabled, and one exists.Please don't $session->start();
INFO - 2022-03-01 07:26:22 --> Session: Class initialized using 'CodeIgniter\Session\Handlers\FileHandler' driver.
WARNING - 2022-03-01 07:26:22 --> Session: Sessions is enabled, and one exists.Please don't $session->start();
INFO - 2022-03-01 07:34:19 --> Session: Class initialized using 'CodeIgniter\Session\Handlers\FileHandler' driver.
WARNING - 2022-03-01 07:34:19 --> Session: Sessions is enabled, and one exists.Please don't $session->start();
INFO - 2022-03-01 07:34:24 --> Session: Class initialized using 'CodeIgniter\Session\Handlers\FileHandler' driver.
INFO - 2022-03-01 07:34:37 --> Session: Class initialized using 'CodeIgniter\Session\Handlers\FileHandler' driver.
INFO - 2022-03-01 07:34:45 --> Session: Class initialized using 'CodeIgniter\Session\Handlers\FileHandler' driver.
INFO - 2022-03-01 07:34:46 --> Session: Class initialized using 'CodeIgniter\Session\Handlers\FileHandler' driver.
INFO - 2022-03-01 07:34:48 --> Session: Class initialized using 'CodeIgniter\Session\Handlers\FileHandler' driver.
INFO - 2022-03-01 07:34:56 --> Session: Class initialized using 'CodeIgniter\Session\Handlers\FileHandler' driver.
WARNING - 2022-03-01 07:34:56 --> Session: Sessions is enabled, and one exists.Please don't $session->start();
INFO - 2022-03-01 07:35:01 --> Session: Class initialized using 'CodeIgniter\Session\Handlers\FileHandler' driver.
INFO - 2022-03-01 07:35:19 --> Session: Class initialized using 'CodeIgniter\Session\Handlers\FileHandler' driver.
INFO - 2022-03-01 07:35:21 --> Session: Class initialized using 'CodeIgniter\Session\Handlers\FileHandler' driver.
INFO - 2022-03-01 07:35:24 --> Session: Class initialized using 'CodeIgniter\Session\Handlers\FileHandler' driver.
INFO - 2022-03-01 07:35:38 --> Session: Class initialized using 'CodeIgniter\Session\Handlers\FileHandler' driver.
INFO - 2022-03-01 07:35:39 --> Session: Class initialized using 'CodeIgniter\Session\Handlers\FileHandler' driver.
INFO - 2022-03-01 07:35:43 --> Session: Class initialized using 'CodeIgniter\Session\Handlers\FileHandler' driver.
INFO - 2022-03-01 07:35:44 --> Session: Class initialized using 'CodeIgniter\Session\Handlers\FileHandler' driver.
INFO - 2022-03-01 07:35:45 --> Session: Class initialized using 'CodeIgniter\Session\Handlers\FileHandler' driver.
INFO - 2022-03-01 07:35:45 --> Session: Class initialized using 'CodeIgniter\Session\Handlers\FileHandler' driver.
INFO - 2022-03-01 07:35:46 --> Session: Class initialized using 'CodeIgniter\Session\Handlers\FileHandler' driver.
INFO - 2022-03-01 07:35:46 --> Session: Class initialized using 'CodeIgniter\Session\Handlers\FileHandler' driver.
INFO - 2022-03-01 07:35:59 --> Session: Class initialized using 'CodeIgniter\Session\Handlers\FileHandler' driver.
WARNING - 2022-03-01 07:35:59 --> Session: Sessions is enabled, and one exists.Please don't $session->start();
INFO - 2022-03-01 07:39:08 --> Session: Class initialized using 'CodeIgniter\Session\Handlers\FileHandler' driver.
WARNING - 2022-03-01 07:39:08 --> Session: Sessions is enabled, and one exists.Please don't $session->start();
INFO - 2022-03-01 07:39:10 --> Session: Class initialized using 'CodeIgniter\Session\Handlers\FileHandler' driver.
INFO - 2022-03-01 07:39:27 --> Session: Class initialized using 'CodeIgniter\Session\Handlers\FileHandler' driver.
INFO - 2022-03-01 07:39:40 --> Session: Class initialized using 'CodeIgniter\Session\Handlers\FileHandler' driver.
INFO - 2022-03-01 07:40:11 --> Session: Class initialized using 'CodeIgniter\Session\Handlers\FileHandler' driver.
INFO - 2022-03-01 07:40:20 --> Session: Class initialized using 'CodeIgniter\Session\Handlers\FileHandler' driver.
WARNING - 2022-03-01 07:40:20 --> Session: Sessions is enabled, and one exists.Please don't $session->start();
INFO - 2022-03-01 07:40:25 --> Session: Class initialized using 'CodeIgniter\Session\Handlers\FileHandler' driver.
INFO - 2022-03-01 07:40:52 --> Session: Class initialized using 'CodeIgniter\Session\Handlers\FileHandler' driver.
INFO - 2022-03-01 11:07:30 --> Session: Class initialized using 'CodeIgniter\Session\Handlers\FileHandler' driver.
WARNING - 2022-03-01 11:07:30 --> Session: Sessions is enabled, and one exists.Please don't $session->start();
INFO - 2022-03-01 11:07:33 --> Session: Class initialized using 'CodeIgniter\Session\Handlers\FileHandler' driver.
INFO - 2022-03-01 11:07:34 --> Session: Class initialized using 'CodeIgniter\Session\Handlers\FileHandler' driver.
INFO - 2022-03-01 11:07:36 --> Session: Class initialized using 'CodeIgniter\Session\Handlers\FileHandler' driver.
WARNING - 2022-03-01 11:07:36 --> Session: Sessions is enabled, and one exists.Please don't $session->start();
CRITICAL - 2022-03-01 11:07:36 --> Undefined variable: placeholder
#0 /var/www/html/mymisdiagnosis/app/Views/record_individual.php(45): CodeIgniter\Debug\Exceptions->errorHandler(8, 'Undefined varia...', '/var/www/html/m...', 45, Array)
#1 /var/www/html/mymisdiagnosis/system/View/View.php(220): include('/var/www/html/m...')
#2 /var/www/html/mymisdiagnosis/system/View/View.php(222): CodeIgniter\View\View->CodeIgniter\View\{closure}()
#3 /var/www/html/mymisdiagnosis/system/Common.php(1217): CodeIgniter\View\View->render('record_individu...', Array, true)
#4 /var/www/html/mymisdiagnosis/app/Controllers/Record.php(196): view('record_individu...', Array)
#5 /var/www/html/mymisdiagnosis/system/CodeIgniter.php(936): App\Controllers\Record->display('319', 'asthma')
#6 /var/www/html/mymisdiagnosis/system/CodeIgniter.php(432): CodeIgniter\CodeIgniter->runController(Object(App\Controllers\Record))
#7 /var/www/html/mymisdiagnosis/system/CodeIgniter.php(333): CodeIgniter\CodeIgniter->handleRequest(NULL, Object(Config\Cache), false)
#8 /var/www/html/mymisdiagnosis/index.php(44): CodeIgniter\CodeIgniter->run()
#9 {main}
INFO - 2022-03-01 11:07:52 --> Session: Class initialized using 'CodeIgniter\Session\Handlers\FileHandler' driver.
WARNING - 2022-03-01 11:07:52 --> Session: Sessions is enabled, and one exists.Please don't $session->start();
INFO - 2022-03-01 11:07:55 --> Session: Class initialized using 'CodeIgniter\Session\Handlers\FileHandler' driver.
INFO - 2022-03-01 11:07:57 --> Session: Class initialized using 'CodeIgniter\Session\Handlers\FileHandler' driver.
INFO - 2022-03-01 11:07:59 --> Session: Class initialized using 'CodeIgniter\Session\Handlers\FileHandler' driver.
WARNING - 2022-03-01 11:07:59 --> Session: Sessions is enabled, and one exists.Please don't $session->start();
INFO - 2022-03-01 11:09:29 --> Session: Class initialized using 'CodeIgniter\Session\Handlers\FileHandler' driver.
WARNING - 2022-03-01 11:09:29 --> Session: Sessions is enabled, and one exists.Please don't $session->start();
INFO - 2022-03-01 11:09:32 --> Session: Class initialized using 'CodeIgniter\Session\Handlers\FileHandler' driver.
INFO - 2022-03-01 11:09:34 --> Session: Class initialized using 'CodeIgniter\Session\Handlers\FileHandler' driver.
INFO - 2022-03-01 11:09:36 --> Session: Class initialized using 'CodeIgniter\Session\Handlers\FileHandler' driver.
WARNING - 2022-03-01 11:09:36 --> Session: Sessions is enabled, and one exists.Please don't $session->start();
INFO - 2022-03-01 11:16:40 --> Session: Class initialized using 'CodeIgniter\Session\Handlers\FileHandler' driver.
WARNING - 2022-03-01 11:16:40 --> Session: Sessions is enabled, and one exists.Please don't $session->start();
INFO - 2022-03-01 11:30:09 --> Session: Class initialized using 'CodeIgniter\Session\Handlers\FileHandler' driver.
WARNING - 2022-03-01 11:30:09 --> Session: Sessions is enabled, and one exists.Please don't $session->start();
INFO - 2022-03-01 11:30:23 --> Session: Class initialized using 'CodeIgniter\Session\Handlers\FileHandler' driver.
INFO - 2022-03-01 11:30:29 --> Session: Class initialized using 'CodeIgniter\Session\Handlers\FileHandler' driver.
INFO - 2022-03-01 11:30:31 --> Session: Class initialized using 'CodeIgniter\Session\Handlers\FileHandler' driver.
WARNING - 2022-03-01 11:30:31 --> Session: Sessions is enabled, and one exists.Please don't $session->start();
INFO - 2022-03-01 11:30:32 --> Session: Class initialized using 'CodeIgniter\Session\Handlers\FileHandler' driver.
INFO - 2022-03-01 11:30:33 --> Session: Class initialized using 'CodeIgniter\Session\Handlers\FileHandler' driver.
WARNING - 2022-03-01 11:30:33 --> Session: Sessions is enabled, and one exists.Please don't $session->start();
INFO - 2022-03-01 11:31:55 --> Session: Class initialized using 'CodeIgniter\Session\Handlers\FileHandler' driver.
WARNING - 2022-03-01 11:31:55 --> Session: Sessions is enabled, and one exists.Please don't $session->start();
INFO - 2022-03-01 11:34:13 --> Session: Class initialized using 'CodeIgniter\Session\Handlers\FileHandler' driver.
WARNING - 2022-03-01 11:34:13 --> Session: Sessions is enabled, and one exists.Please don't $session->start();
INFO - 2022-03-01 11:34:58 --> Session: Class initialized using 'CodeIgniter\Session\Handlers\FileHandler' driver.
WARNING - 2022-03-01 11:34:58 --> Session: Sessions is enabled, and one exists.Please don't $session->start();
INFO - 2022-03-01 11:35:43 --> Session: Class initialized using 'CodeIgniter\Session\Handlers\FileHandler' driver.
WARNING - 2022-03-01 11:35:43 --> Session: Sessions is enabled, and one exists.Please don't $session->start();
INFO - 2022-03-01 11:36:16 --> Session: Class initialized using 'CodeIgniter\Session\Handlers\FileHandler' driver.
WARNING - 2022-03-01 11:36:16 --> Session: Sessions is enabled, and one exists.Please don't $session->start();
INFO - 2022-03-01 11:36:30 --> Session: Class initialized using 'CodeIgniter\Session\Handlers\FileHandler' driver.
WARNING - 2022-03-01 11:36:30 --> Session: Sessions is enabled, and one exists.Please don't $session->start();
INFO - 2022-03-01 11:37:10 --> Session: Class initialized using 'CodeIgniter\Session\Handlers\FileHandler' driver.
WARNING - 2022-03-01 11:37:10 --> Session: Sessions is enabled, and one exists.Please don't $session->start();
INFO - 2022-03-01 11:40:16 --> Session: Class initialized using 'CodeIgniter\Session\Handlers\FileHandler' driver.
WARNING - 2022-03-01 11:40:16 --> Session: Sessions is enabled, and one exists.Please don't $session->start();
INFO - 2022-03-01 11:43:07 --> Session: Class initialized using 'CodeIgniter\Session\Handlers\FileHandler' driver.
WARNING - 2022-03-01 11:43:07 --> Session: Sessions is enabled, and one exists.Please don't $session->start();
INFO - 2022-03-01 11:58:08 --> Session: Class initialized using 'CodeIgniter\Session\Handlers\FileHandler' driver.
WARNING - 2022-03-01 11:58:08 --> Session: Sessions is enabled, and one exists.Please don't $session->start();
INFO - 2022-03-01 11:58:24 --> Session: Class initialized using 'CodeIgniter\Session\Handlers\FileHandler' driver.
INFO - 2022-03-01 11:59:22 --> Session: Class initialized using 'CodeIgniter\Session\Handlers\FileHandler' driver.
WARNING - 2022-03-01 11:59:22 --> Session: Sessions is enabled, and one exists.Please don't $session->start();
INFO - 2022-03-01 11:59:25 --> Session: Class initialized using 'CodeIgniter\Session\Handlers\FileHandler' driver.
INFO - 2022-03-01 11:59:28 --> Session: Class initialized using 'CodeIgniter\Session\Handlers\FileHandler' driver.
INFO - 2022-03-01 11:59:30 --> Session: Class initialized using 'CodeIgniter\Session\Handlers\FileHandler' driver.
WARNING - 2022-03-01 11:59:30 --> Session: Sessions is enabled, and one exists.Please don't $session->start();
INFO - 2022-03-01 11:59:32 --> Session: Class initialized using 'CodeIgniter\Session\Handlers\FileHandler' driver.
INFO - 2022-03-01 11:59:35 --> Session: Class initialized using 'CodeIgniter\Session\Handlers\FileHandler' driver.
INFO - 2022-03-01 11:59:40 --> Session: Class initialized using 'CodeIgniter\Session\Handlers\FileHandler' driver.
INFO - 2022-03-01 11:59:47 --> Session: Class initialized using 'CodeIgniter\Session\Handlers\FileHandler' driver.
WARNING - 2022-03-01 11:59:47 --> Session: Sessions is enabled, and one exists.Please don't $session->start();
INFO - 2022-03-01 12:01:29 --> Session: Class initialized using 'CodeIgniter\Session\Handlers\FileHandler' driver.
WARNING - 2022-03-01 12:01:29 --> Session: Sessions is enabled, and one exists.Please don't $session->start();
INFO - 2022-03-01 12:03:02 --> Session: Class initialized using 'CodeIgniter\Session\Handlers\FileHandler' driver.
WARNING - 2022-03-01 12:03:02 --> Session: Sessions is enabled, and one exists.Please don't $session->start();
INFO - 2022-03-01 12:03:45 --> Session: Class initialized using 'CodeIgniter\Session\Handlers\FileHandler' driver.
WARNING - 2022-03-01 12:03:45 --> Session: Sessions is enabled, and one exists.Please don't $session->start();
INFO - 2022-03-01 12:04:11 --> Session: Class initialized using 'CodeIgniter\Session\Handlers\FileHandler' driver.
WARNING - 2022-03-01 12:04:11 --> Session: Sessions is enabled, and one exists.Please don't $session->start();
INFO - 2022-03-01 12:05:40 --> Session: Class initialized using 'CodeIgniter\Session\Handlers\FileHandler' driver.
WARNING - 2022-03-01 12:05:40 --> Session: Sessions is enabled, and one exists.Please don't $session->start();
INFO - 2022-03-01 12:05:45 --> Session: Class initialized using 'CodeIgniter\Session\Handlers\FileHandler' driver.
WARNING - 2022-03-01 12:05:45 --> Session: Sessions is enabled, and one exists.Please don't $session->start();
INFO - 2022-03-01 12:07:00 --> Session: Class initialized using 'CodeIgniter\Session\Handlers\FileHandler' driver.
WARNING - 2022-03-01 12:07:00 --> Session: Sessions is enabled, and one exists.Please don't $session->start();
INFO - 2022-03-01 12:08:16 --> Session: Class initialized using 'CodeIgniter\Session\Handlers\FileHandler' driver.
WARNING - 2022-03-01 12:08:16 --> Session: Sessions is enabled, and one exists.Please don't $session->start();
INFO - 2022-03-01 12:09:07 --> Session: Class initialized using 'CodeIgniter\Session\Handlers\FileHandler' driver.
WARNING - 2022-03-01 12:09:07 --> Session: Sessions is enabled, and one exists.Please don't $session->start();
INFO - 2022-03-01 12:09:08 --> Session: Class initialized using 'CodeIgniter\Session\Handlers\FileHandler' driver.
INFO - 2022-03-01 12:09:10 --> Session: Class initialized using 'CodeIgniter\Session\Handlers\FileHandler' driver.
INFO - 2022-03-01 12:09:12 --> Session: Class initialized using 'CodeIgniter\Session\Handlers\FileHandler' driver.
WARNING - 2022-03-01 12:09:12 --> Session: Sessions is enabled, and one exists.Please don't $session->start();
INFO - 2022-03-01 12:09:55 --> Session: Class initialized using 'CodeIgniter\Session\Handlers\FileHandler' driver.
WARNING - 2022-03-01 12:09:55 --> Session: Sessions is enabled, and one exists.Please don't $session->start();
INFO - 2022-03-01 12:10:05 --> Session: Class initialized using 'CodeIgniter\Session\Handlers\FileHandler' driver.
INFO - 2022-03-01 12:10:08 --> Session: Class initialized using 'CodeIgniter\Session\Handlers\FileHandler' driver.
INFO - 2022-03-01 12:10:10 --> Session: Class initialized using 'CodeIgniter\Session\Handlers\FileHandler' driver.
WARNING - 2022-03-01 12:10:10 --> Session: Sessions is enabled, and one exists.Please don't $session->start();
INFO - 2022-03-01 12:10:13 --> Session: Class initialized using 'CodeIgniter\Session\Handlers\FileHandler' driver.
INFO - 2022-03-01 12:10:17 --> Session: Class initialized using 'CodeIgniter\Session\Handlers\FileHandler' driver.
INFO - 2022-03-01 12:11:13 --> Session: Class initialized using 'CodeIgniter\Session\Handlers\FileHandler' driver.
WARNING - 2022-03-01 12:11:13 --> Session: Sessions is enabled, and one exists.Please don't $session->start();
INFO - 2022-03-01 12:11:19 --> Session: Class initialized using 'CodeIgniter\Session\Handlers\FileHandler' driver.
WARNING - 2022-03-01 12:11:19 --> Session: Sessions is enabled, and one exists.Please don't $session->start();
INFO - 2022-03-01 12:11:27 --> Session: Class initialized using 'CodeIgniter\Session\Handlers\FileHandler' driver.
INFO - 2022-03-01 12:11:58 --> Session: Class initialized using 'CodeIgniter\Session\Handlers\FileHandler' driver.
INFO - 2022-03-01 12:12:43 --> Session: Class initialized using 'CodeIgniter\Session\Handlers\FileHandler' driver.
INFO - 2022-03-01 12:13:40 --> Session: Class initialized using 'CodeIgniter\Session\Handlers\FileHandler' driver.
INFO - 2022-03-01 12:13:47 --> Session: Class initialized using 'CodeIgniter\Session\Handlers\FileHandler' driver.
WARNING - 2022-03-01 12:13:47 --> Session: Sessions is enabled, and one exists.Please don't $session->start();
INFO - 2022-03-01 12:14:19 --> Session: Class initialized using 'CodeIgniter\Session\Handlers\FileHandler' driver.
INFO - 2022-03-01 12:14:21 --> Session: Class initialized using 'CodeIgniter\Session\Handlers\FileHandler' driver.
INFO - 2022-03-01 12:14:40 --> Session: Class initialized using 'CodeIgniter\Session\Handlers\FileHandler' driver.
INFO - 2022-03-01 12:14:43 --> Session: Class initialized using 'CodeIgniter\Session\Handlers\FileHandler' driver.
INFO - 2022-03-01 12:14:48 --> Session: Class initialized using 'CodeIgniter\Session\Handlers\FileHandler' driver.
INFO - 2022-03-01 12:14:55 --> Session: Class initialized using 'CodeIgniter\Session\Handlers\FileHandler' driver.
INFO - 2022-03-01 12:15:22 --> Session: Class initialized using 'CodeIgniter\Session\Handlers\FileHandler' driver.
INFO - 2022-03-01 12:15:24 --> Session: Class initialized using 'CodeIgniter\Session\Handlers\FileHandler' driver.
INFO - 2022-03-01 12:15:29 --> Session: Class initialized using 'CodeIgniter\Session\Handlers\FileHandler' driver.
WARNING - 2022-03-01 12:15:29 --> Session: Sessions is enabled, and one exists.Please don't $session->start();
INFO - 2022-03-01 12:15:32 --> Session: Class initialized using 'CodeIgniter\Session\Handlers\FileHandler' driver.
INFO - 2022-03-01 12:15:35 --> Session: Class initialized using 'CodeIgniter\Session\Handlers\FileHandler' driver.
WARNING - 2022-03-01 12:15:35 --> Session: Sessions is enabled, and one exists.Please don't $session->start();
INFO - 2022-03-01 12:18:35 --> Session: Class initialized using 'CodeIgniter\Session\Handlers\FileHandler' driver.
WARNING - 2022-03-01 12:18:35 --> Session: Sessions is enabled, and one exists.Please don't $session->start();
INFO - 2022-03-01 12:18:39 --> Session: Class initialized using 'CodeIgniter\Session\Handlers\FileHandler' driver.
INFO - 2022-03-01 12:18:41 --> Session: Class initialized using 'CodeIgniter\Session\Handlers\FileHandler' driver.
INFO - 2022-03-01 12:18:44 --> Session: Class initialized using 'CodeIgniter\Session\Handlers\FileHandler' driver.
WARNING - 2022-03-01 12:18:44 --> Session: Sessions is enabled, and one exists.Please don't $session->start();
INFO - 2022-03-01 12:19:01 --> Session: Class initialized using 'CodeIgniter\Session\Handlers\FileHandler' driver.
INFO - 2022-03-01 12:19:20 --> Session: Class initialized using 'CodeIgniter\Session\Handlers\FileHandler' driver.
WARNING - 2022-03-01 12:19:20 --> Session: Sessions is enabled, and one exists.Please don't $session->start();
INFO - 2022-03-01 19:37:28 --> Session: Class initialized using 'CodeIgniter\Session\Handlers\FileHandler' driver.
WARNING - 2022-03-01 19:37:28 --> Session: Sessions is enabled, and one exists.Please don't $session->start();
