ERROR - 2021-08-19 21:21:16 --> Error connecting to the database: No such file or directory
CRITICAL - 2021-08-19 21:21:16 --> Unable to connect to the database.
#0 /var/www/html/mymisdiagnosis/system/Database/BaseConnection.php(618): CodeIgniter\Database\BaseConnection->initialize()
#1 /var/www/html/mymisdiagnosis/system/Database/BaseBuilder.php(1866): CodeIgniter\Database\BaseConnection->query('SELECT `email`,...', Array, false)
#2 /var/www/html/mymisdiagnosis/app/ThirdParty/IonAuth/Models/IonAuthModel.php(892): CodeIgniter\Database\BaseBuilder->get()
#3 [internal function]: IonAuth\Models\IonAuthModel->login('testerboy@inter...', 'testerboy', false)
#4 /var/www/html/mymisdiagnosis/app/ThirdParty/IonAuth/Libraries/IonAuth.php(104): call_user_func_array(Array, Array)
#5 /var/www/html/mymisdiagnosis/app/ThirdParty/IonAuth/Controllers/Auth.php(138): IonAuth\Libraries\IonAuth->__call('login', Array)
#6 /var/www/html/mymisdiagnosis/system/CodeIgniter.php(936): IonAuth\Controllers\Auth->login()
#7 /var/www/html/mymisdiagnosis/system/CodeIgniter.php(432): CodeIgniter\CodeIgniter->runController(Object(App\Controllers\Auth))
#8 /var/www/html/mymisdiagnosis/system/CodeIgniter.php(333): CodeIgniter\CodeIgniter->handleRequest(NULL, Object(Config\Cache), false)
#9 /var/www/html/mymisdiagnosis/public/index.php(44): CodeIgniter\CodeIgniter->run()
#10 {main}
CRITICAL - 2021-08-19 21:21:16 --> Uncaught ErrorException: print_r(): Property access is not allowed yet in /var/www/html/mymisdiagnosis/app/Views/errors/html/error_exception.php:100
Stack trace:
#0 [internal function]: CodeIgniter\Debug\Exceptions->errorHandler(2, 'print_r(): Prop...', '/var/www/html/f...', 100, Array)
#1 /var/www/html/mymisdiagnosis/app/Views/errors/html/error_exception.php(100): print_r(Object(App\Controllers\Auth), true)
#2 /var/www/html/mymisdiagnosis/system/Debug/Exceptions.php(281): include('/var/www/html/f...')
#3 /var/www/html/mymisdiagnosis/system/Debug/Exceptions.php(147): CodeIgniter\Debug\Exceptions->render(Object(CodeIgniter\Database\Exceptions\DatabaseException), 500)
#4 [internal function]: CodeIgniter\Debug\Exceptions->exceptionHandler(Object(CodeIgniter\Database\Exceptions\DatabaseException))
#5 {main}
  thrown
#0 [internal function]: CodeIgniter\Debug\Exceptions->shutdownHandler()
#1 {main}
ERROR - 2021-08-19 21:21:52 --> Error connecting to the database: No such file or directory
CRITICAL - 2021-08-19 21:21:52 --> Unable to connect to the database.
#0 /var/www/html/mymisdiagnosis/system/Database/BaseConnection.php(618): CodeIgniter\Database\BaseConnection->initialize()
#1 /var/www/html/mymisdiagnosis/system/Database/BaseBuilder.php(1866): CodeIgniter\Database\BaseConnection->query('SELECT `email`,...', Array, false)
#2 /var/www/html/mymisdiagnosis/app/ThirdParty/IonAuth/Models/IonAuthModel.php(892): CodeIgniter\Database\BaseBuilder->get()
#3 [internal function]: IonAuth\Models\IonAuthModel->login('testerboy@inter...', 'testerboy', false)
#4 /var/www/html/mymisdiagnosis/app/ThirdParty/IonAuth/Libraries/IonAuth.php(104): call_user_func_array(Array, Array)
#5 /var/www/html/mymisdiagnosis/app/ThirdParty/IonAuth/Controllers/Auth.php(138): IonAuth\Libraries\IonAuth->__call('login', Array)
#6 /var/www/html/mymisdiagnosis/system/CodeIgniter.php(936): IonAuth\Controllers\Auth->login()
#7 /var/www/html/mymisdiagnosis/system/CodeIgniter.php(432): CodeIgniter\CodeIgniter->runController(Object(App\Controllers\Auth))
#8 /var/www/html/mymisdiagnosis/system/CodeIgniter.php(333): CodeIgniter\CodeIgniter->handleRequest(NULL, Object(Config\Cache), false)
#9 /var/www/html/mymisdiagnosis/public/index.php(44): CodeIgniter\CodeIgniter->run()
#10 {main}
CRITICAL - 2021-08-19 21:21:52 --> Uncaught ErrorException: print_r(): Property access is not allowed yet in /var/www/html/mymisdiagnosis/app/Views/errors/html/error_exception.php:100
Stack trace:
#0 [internal function]: CodeIgniter\Debug\Exceptions->errorHandler(2, 'print_r(): Prop...', '/var/www/html/f...', 100, Array)
#1 /var/www/html/mymisdiagnosis/app/Views/errors/html/error_exception.php(100): print_r(Object(App\Controllers\Auth), true)
#2 /var/www/html/mymisdiagnosis/system/Debug/Exceptions.php(281): include('/var/www/html/f...')
#3 /var/www/html/mymisdiagnosis/system/Debug/Exceptions.php(147): CodeIgniter\Debug\Exceptions->render(Object(CodeIgniter\Database\Exceptions\DatabaseException), 500)
#4 [internal function]: CodeIgniter\Debug\Exceptions->exceptionHandler(Object(CodeIgniter\Database\Exceptions\DatabaseException))
#5 {main}
  thrown
#0 [internal function]: CodeIgniter\Debug\Exceptions->shutdownHandler()
#1 {main}
ERROR - 2021-08-19 21:22:46 --> Error connecting to the database: No such file or directory
CRITICAL - 2021-08-19 21:22:46 --> Unable to connect to the database.
#0 /var/www/html/mymisdiagnosis/system/Database/BaseConnection.php(618): CodeIgniter\Database\BaseConnection->initialize()
#1 /var/www/html/mymisdiagnosis/system/Database/BaseBuilder.php(1866): CodeIgniter\Database\BaseConnection->query('SELECT `email`,...', Array, false)
#2 /var/www/html/mymisdiagnosis/app/ThirdParty/IonAuth/Models/IonAuthModel.php(892): CodeIgniter\Database\BaseBuilder->get()
#3 [internal function]: IonAuth\Models\IonAuthModel->login('testerboy@inter...', 'testerboy', false)
#4 /var/www/html/mymisdiagnosis/app/ThirdParty/IonAuth/Libraries/IonAuth.php(104): call_user_func_array(Array, Array)
#5 /var/www/html/mymisdiagnosis/app/ThirdParty/IonAuth/Controllers/Auth.php(138): IonAuth\Libraries\IonAuth->__call('login', Array)
#6 /var/www/html/mymisdiagnosis/system/CodeIgniter.php(936): IonAuth\Controllers\Auth->login()
#7 /var/www/html/mymisdiagnosis/system/CodeIgniter.php(432): CodeIgniter\CodeIgniter->runController(Object(App\Controllers\Auth))
#8 /var/www/html/mymisdiagnosis/system/CodeIgniter.php(333): CodeIgniter\CodeIgniter->handleRequest(NULL, Object(Config\Cache), false)
#9 /var/www/html/mymisdiagnosis/public/index.php(44): CodeIgniter\CodeIgniter->run()
#10 {main}
CRITICAL - 2021-08-19 21:22:46 --> Uncaught ErrorException: print_r(): Property access is not allowed yet in /var/www/html/mymisdiagnosis/app/Views/errors/html/error_exception.php:100
Stack trace:
#0 [internal function]: CodeIgniter\Debug\Exceptions->errorHandler(2, 'print_r(): Prop...', '/var/www/html/f...', 100, Array)
#1 /var/www/html/mymisdiagnosis/app/Views/errors/html/error_exception.php(100): print_r(Object(App\Controllers\Auth), true)
#2 /var/www/html/mymisdiagnosis/system/Debug/Exceptions.php(281): include('/var/www/html/f...')
#3 /var/www/html/mymisdiagnosis/system/Debug/Exceptions.php(147): CodeIgniter\Debug\Exceptions->render(Object(CodeIgniter\Database\Exceptions\DatabaseException), 500)
#4 [internal function]: CodeIgniter\Debug\Exceptions->exceptionHandler(Object(CodeIgniter\Database\Exceptions\DatabaseException))
#5 {main}
  thrown
#0 [internal function]: CodeIgniter\Debug\Exceptions->shutdownHandler()
#1 {main}
ERROR - 2021-08-19 21:23:18 --> Error connecting to the database: No such file or directory
CRITICAL - 2021-08-19 21:23:19 --> Unable to connect to the database.
#0 /var/www/html/mymisdiagnosis/system/Database/BaseConnection.php(618): CodeIgniter\Database\BaseConnection->initialize()
#1 /var/www/html/mymisdiagnosis/system/Database/BaseBuilder.php(1866): CodeIgniter\Database\BaseConnection->query('SELECT `email`,...', Array, false)
#2 /var/www/html/mymisdiagnosis/app/ThirdParty/IonAuth/Models/IonAuthModel.php(892): CodeIgniter\Database\BaseBuilder->get()
#3 [internal function]: IonAuth\Models\IonAuthModel->login('testerboy@inter...', 'testerboy', false)
#4 /var/www/html/mymisdiagnosis/app/ThirdParty/IonAuth/Libraries/IonAuth.php(104): call_user_func_array(Array, Array)
#5 /var/www/html/mymisdiagnosis/app/ThirdParty/IonAuth/Controllers/Auth.php(138): IonAuth\Libraries\IonAuth->__call('login', Array)
#6 /var/www/html/mymisdiagnosis/system/CodeIgniter.php(936): IonAuth\Controllers\Auth->login()
#7 /var/www/html/mymisdiagnosis/system/CodeIgniter.php(432): CodeIgniter\CodeIgniter->runController(Object(App\Controllers\Auth))
#8 /var/www/html/mymisdiagnosis/system/CodeIgniter.php(333): CodeIgniter\CodeIgniter->handleRequest(NULL, Object(Config\Cache), false)
#9 /var/www/html/mymisdiagnosis/public/index.php(44): CodeIgniter\CodeIgniter->run()
#10 {main}
CRITICAL - 2021-08-19 21:23:19 --> Uncaught ErrorException: print_r(): Property access is not allowed yet in /var/www/html/mymisdiagnosis/app/Views/errors/html/error_exception.php:100
Stack trace:
#0 [internal function]: CodeIgniter\Debug\Exceptions->errorHandler(2, 'print_r(): Prop...', '/var/www/html/f...', 100, Array)
#1 /var/www/html/mymisdiagnosis/app/Views/errors/html/error_exception.php(100): print_r(Object(App\Controllers\Auth), true)
#2 /var/www/html/mymisdiagnosis/system/Debug/Exceptions.php(281): include('/var/www/html/f...')
#3 /var/www/html/mymisdiagnosis/system/Debug/Exceptions.php(147): CodeIgniter\Debug\Exceptions->render(Object(CodeIgniter\Database\Exceptions\DatabaseException), 500)
#4 [internal function]: CodeIgniter\Debug\Exceptions->exceptionHandler(Object(CodeIgniter\Database\Exceptions\DatabaseException))
#5 {main}
  thrown
#0 [internal function]: CodeIgniter\Debug\Exceptions->shutdownHandler()
#1 {main}
ERROR - 2021-08-19 22:25:35 --> Error connecting to the database: Access denied for user '****'@'172.18.0.5' (using password: YES)
CRITICAL - 2021-08-19 22:25:35 --> Unable to connect to the database.
#0 /var/www/html/mymisdiagnosis/system/Database/BaseConnection.php(618): CodeIgniter\Database\BaseConnection->initialize()
#1 /var/www/html/mymisdiagnosis/system/Database/BaseBuilder.php(1866): CodeIgniter\Database\BaseConnection->query('SELECT `email`,...', Array, false)
#2 /var/www/html/mymisdiagnosis/app/ThirdParty/IonAuth/Models/IonAuthModel.php(892): CodeIgniter\Database\BaseBuilder->get()
#3 [internal function]: IonAuth\Models\IonAuthModel->login('testerboy@inter...', 'testerboy', false)
#4 /var/www/html/mymisdiagnosis/app/ThirdParty/IonAuth/Libraries/IonAuth.php(104): call_user_func_array(Array, Array)
#5 /var/www/html/mymisdiagnosis/app/ThirdParty/IonAuth/Controllers/Auth.php(138): IonAuth\Libraries\IonAuth->__call('login', Array)
#6 /var/www/html/mymisdiagnosis/system/CodeIgniter.php(936): IonAuth\Controllers\Auth->login()
#7 /var/www/html/mymisdiagnosis/system/CodeIgniter.php(432): CodeIgniter\CodeIgniter->runController(Object(App\Controllers\Auth))
#8 /var/www/html/mymisdiagnosis/system/CodeIgniter.php(333): CodeIgniter\CodeIgniter->handleRequest(NULL, Object(Config\Cache), false)
#9 /var/www/html/mymisdiagnosis/public/index.php(44): CodeIgniter\CodeIgniter->run()
#10 {main}
CRITICAL - 2021-08-19 22:25:35 --> Uncaught ErrorException: print_r(): Property access is not allowed yet in /var/www/html/mymisdiagnosis/app/Views/errors/html/error_exception.php:100
Stack trace:
#0 [internal function]: CodeIgniter\Debug\Exceptions->errorHandler(2, 'print_r(): Prop...', '/var/www/html/f...', 100, Array)
#1 /var/www/html/mymisdiagnosis/app/Views/errors/html/error_exception.php(100): print_r(Object(App\Controllers\Auth), true)
#2 /var/www/html/mymisdiagnosis/system/Debug/Exceptions.php(281): include('/var/www/html/f...')
#3 /var/www/html/mymisdiagnosis/system/Debug/Exceptions.php(147): CodeIgniter\Debug\Exceptions->render(Object(CodeIgniter\Database\Exceptions\DatabaseException), 500)
#4 [internal function]: CodeIgniter\Debug\Exceptions->exceptionHandler(Object(CodeIgniter\Database\Exceptions\DatabaseException))
#5 {main}
  thrown
#0 [internal function]: CodeIgniter\Debug\Exceptions->shutdownHandler()
#1 {main}
ERROR - 2021-08-19 22:27:22 --> Error connecting to the database: Access denied for user '****'@'172.18.0.5' (using password: YES)
CRITICAL - 2021-08-19 22:27:22 --> Unable to connect to the database.
#0 /var/www/html/mymisdiagnosis/system/Database/BaseConnection.php(618): CodeIgniter\Database\BaseConnection->initialize()
#1 /var/www/html/mymisdiagnosis/system/Database/BaseBuilder.php(1866): CodeIgniter\Database\BaseConnection->query('SELECT `email`,...', Array, false)
#2 /var/www/html/mymisdiagnosis/app/ThirdParty/IonAuth/Models/IonAuthModel.php(892): CodeIgniter\Database\BaseBuilder->get()
#3 [internal function]: IonAuth\Models\IonAuthModel->login('testerboy@inter...', 'testerboy', true)
#4 /var/www/html/mymisdiagnosis/app/ThirdParty/IonAuth/Libraries/IonAuth.php(104): call_user_func_array(Array, Array)
#5 /var/www/html/mymisdiagnosis/app/ThirdParty/IonAuth/Controllers/Auth.php(138): IonAuth\Libraries\IonAuth->__call('login', Array)
#6 /var/www/html/mymisdiagnosis/system/CodeIgniter.php(936): IonAuth\Controllers\Auth->login()
#7 /var/www/html/mymisdiagnosis/system/CodeIgniter.php(432): CodeIgniter\CodeIgniter->runController(Object(App\Controllers\Auth))
#8 /var/www/html/mymisdiagnosis/system/CodeIgniter.php(333): CodeIgniter\CodeIgniter->handleRequest(NULL, Object(Config\Cache), false)
#9 /var/www/html/mymisdiagnosis/public/index.php(44): CodeIgniter\CodeIgniter->run()
#10 {main}
CRITICAL - 2021-08-19 22:27:23 --> Uncaught ErrorException: print_r(): Property access is not allowed yet in /var/www/html/mymisdiagnosis/app/Views/errors/html/error_exception.php:100
Stack trace:
#0 [internal function]: CodeIgniter\Debug\Exceptions->errorHandler(2, 'print_r(): Prop...', '/var/www/html/f...', 100, Array)
#1 /var/www/html/mymisdiagnosis/app/Views/errors/html/error_exception.php(100): print_r(Object(App\Controllers\Auth), true)
#2 /var/www/html/mymisdiagnosis/system/Debug/Exceptions.php(281): include('/var/www/html/f...')
#3 /var/www/html/mymisdiagnosis/system/Debug/Exceptions.php(147): CodeIgniter\Debug\Exceptions->render(Object(CodeIgniter\Database\Exceptions\DatabaseException), 500)
#4 [internal function]: CodeIgniter\Debug\Exceptions->exceptionHandler(Object(CodeIgniter\Database\Exceptions\DatabaseException))
#5 {main}
  thrown
#0 [internal function]: CodeIgniter\Debug\Exceptions->shutdownHandler()
#1 {main}
CRITICAL - 2021-08-19 22:34:32 --> Undefined index: pack
#0 /var/www/html/mymisdiagnosis/app/Controllers/Product.php(233): CodeIgniter\Debug\Exceptions->errorHandler(8, 'Undefined index...', '/var/www/html/f...', 233, Array)
#1 /var/www/html/mymisdiagnosis/system/CodeIgniter.php(936): App\Controllers\Product->cards('index.php', 'edit', 'Silhouette.PNG')
#2 /var/www/html/mymisdiagnosis/system/CodeIgniter.php(432): CodeIgniter\CodeIgniter->runController(Object(App\Controllers\Product))
#3 /var/www/html/mymisdiagnosis/system/CodeIgniter.php(333): CodeIgniter\CodeIgniter->handleRequest(NULL, Object(Config\Cache), false)
#4 /var/www/html/mymisdiagnosis/public/index.php(44): CodeIgniter\CodeIgniter->run()
#5 {main}
CRITICAL - 2021-08-19 22:34:32 --> Undefined index: pack
#0 /var/www/html/mymisdiagnosis/app/Controllers/Product.php(233): CodeIgniter\Debug\Exceptions->errorHandler(8, 'Undefined index...', '/var/www/html/f...', 233, Array)
#1 /var/www/html/mymisdiagnosis/system/CodeIgniter.php(936): App\Controllers\Product->cards('index.php', 'edit', '10')
#2 /var/www/html/mymisdiagnosis/system/CodeIgniter.php(432): CodeIgniter\CodeIgniter->runController(Object(App\Controllers\Product))
#3 /var/www/html/mymisdiagnosis/system/CodeIgniter.php(333): CodeIgniter\CodeIgniter->handleRequest(NULL, Object(Config\Cache), false)
#4 /var/www/html/mymisdiagnosis/public/index.php(44): CodeIgniter\CodeIgniter->run()
#5 {main}
