INFO - 2022-01-05 07:44:45 --> Session: Class initialized using 'CodeIgniter\Session\Handlers\FileHandler' driver.
WARNING - 2022-01-05 07:44:45 --> Session: Sessions is enabled, and one exists.Please don't $session->start();
INFO - 2022-01-05 07:45:06 --> Session: Class initialized using 'CodeIgniter\Session\Handlers\FileHandler' driver.
WARNING - 2022-01-05 07:45:06 --> Session: Sessions is enabled, and one exists.Please don't $session->start();
INFO - 2022-01-05 07:46:57 --> Session: Class initialized using 'CodeIgniter\Session\Handlers\FileHandler' driver.
WARNING - 2022-01-05 07:46:57 --> Session: Sessions is enabled, and one exists.Please don't $session->start();
INFO - 2022-01-05 07:47:11 --> Session: Class initialized using 'CodeIgniter\Session\Handlers\FileHandler' driver.
INFO - 2022-01-05 07:47:18 --> Session: Class initialized using 'CodeIgniter\Session\Handlers\FileHandler' driver.
INFO - 2022-01-05 07:47:18 --> Session: Class initialized using 'CodeIgniter\Session\Handlers\FileHandler' driver.
INFO - 2022-01-05 07:47:20 --> Session: Class initialized using 'CodeIgniter\Session\Handlers\FileHandler' driver.
INFO - 2022-01-05 07:47:22 --> Session: Class initialized using 'CodeIgniter\Session\Handlers\FileHandler' driver.
INFO - 2022-01-05 07:47:24 --> Session: Class initialized using 'CodeIgniter\Session\Handlers\FileHandler' driver.
INFO - 2022-01-05 07:47:25 --> Session: Class initialized using 'CodeIgniter\Session\Handlers\FileHandler' driver.
INFO - 2022-01-05 07:47:27 --> Session: Class initialized using 'CodeIgniter\Session\Handlers\FileHandler' driver.
INFO - 2022-01-05 07:47:27 --> Session: Class initialized using 'CodeIgniter\Session\Handlers\FileHandler' driver.
INFO - 2022-01-05 07:47:28 --> Session: Class initialized using 'CodeIgniter\Session\Handlers\FileHandler' driver.
INFO - 2022-01-05 07:47:35 --> Session: Class initialized using 'CodeIgniter\Session\Handlers\FileHandler' driver.
INFO - 2022-01-05 07:47:35 --> Session: Class initialized using 'CodeIgniter\Session\Handlers\FileHandler' driver.
INFO - 2022-01-05 07:47:38 --> Session: Class initialized using 'CodeIgniter\Session\Handlers\FileHandler' driver.
INFO - 2022-01-05 07:47:41 --> Session: Class initialized using 'CodeIgniter\Session\Handlers\FileHandler' driver.
INFO - 2022-01-05 07:47:51 --> Session: Class initialized using 'CodeIgniter\Session\Handlers\FileHandler' driver.
INFO - 2022-01-05 07:47:51 --> Session: Class initialized using 'CodeIgniter\Session\Handlers\FileHandler' driver.
INFO - 2022-01-05 07:47:53 --> Session: Class initialized using 'CodeIgniter\Session\Handlers\FileHandler' driver.
INFO - 2022-01-05 07:48:00 --> Session: Class initialized using 'CodeIgniter\Session\Handlers\FileHandler' driver.
INFO - 2022-01-05 07:48:05 --> Session: Class initialized using 'CodeIgniter\Session\Handlers\FileHandler' driver.
INFO - 2022-01-05 07:48:05 --> Session: Class initialized using 'CodeIgniter\Session\Handlers\FileHandler' driver.
INFO - 2022-01-05 07:48:07 --> Session: Class initialized using 'CodeIgniter\Session\Handlers\FileHandler' driver.
INFO - 2022-01-05 07:48:11 --> Session: Class initialized using 'CodeIgniter\Session\Handlers\FileHandler' driver.
WARNING - 2022-01-05 07:48:11 --> Session: Sessions is enabled, and one exists.Please don't $session->start();
INFO - 2022-01-05 07:48:40 --> Session: Class initialized using 'CodeIgniter\Session\Handlers\FileHandler' driver.
INFO - 2022-01-05 07:48:46 --> Session: Class initialized using 'CodeIgniter\Session\Handlers\FileHandler' driver.
INFO - 2022-01-05 07:48:46 --> Session: Class initialized using 'CodeIgniter\Session\Handlers\FileHandler' driver.
INFO - 2022-01-05 07:48:49 --> Session: Class initialized using 'CodeIgniter\Session\Handlers\FileHandler' driver.
INFO - 2022-01-05 07:48:50 --> Session: Class initialized using 'CodeIgniter\Session\Handlers\FileHandler' driver.
INFO - 2022-01-05 07:48:56 --> Session: Class initialized using 'CodeIgniter\Session\Handlers\FileHandler' driver.
INFO - 2022-01-05 07:48:56 --> Session: Class initialized using 'CodeIgniter\Session\Handlers\FileHandler' driver.
INFO - 2022-01-05 07:48:58 --> Session: Class initialized using 'CodeIgniter\Session\Handlers\FileHandler' driver.
INFO - 2022-01-05 07:49:04 --> Session: Class initialized using 'CodeIgniter\Session\Handlers\FileHandler' driver.
INFO - 2022-01-05 07:49:12 --> Session: Class initialized using 'CodeIgniter\Session\Handlers\FileHandler' driver.
INFO - 2022-01-05 07:49:13 --> Session: Class initialized using 'CodeIgniter\Session\Handlers\FileHandler' driver.
INFO - 2022-01-05 07:49:15 --> Session: Class initialized using 'CodeIgniter\Session\Handlers\FileHandler' driver.
INFO - 2022-01-05 07:49:17 --> Session: Class initialized using 'CodeIgniter\Session\Handlers\FileHandler' driver.
INFO - 2022-01-05 07:49:25 --> Session: Class initialized using 'CodeIgniter\Session\Handlers\FileHandler' driver.
INFO - 2022-01-05 07:49:25 --> Session: Class initialized using 'CodeIgniter\Session\Handlers\FileHandler' driver.
INFO - 2022-01-05 07:49:27 --> Session: Class initialized using 'CodeIgniter\Session\Handlers\FileHandler' driver.
INFO - 2022-01-05 07:49:33 --> Session: Class initialized using 'CodeIgniter\Session\Handlers\FileHandler' driver.
INFO - 2022-01-05 07:49:40 --> Session: Class initialized using 'CodeIgniter\Session\Handlers\FileHandler' driver.
INFO - 2022-01-05 07:49:40 --> Session: Class initialized using 'CodeIgniter\Session\Handlers\FileHandler' driver.
INFO - 2022-01-05 07:49:43 --> Session: Class initialized using 'CodeIgniter\Session\Handlers\FileHandler' driver.
INFO - 2022-01-05 07:49:45 --> Session: Class initialized using 'CodeIgniter\Session\Handlers\FileHandler' driver.
INFO - 2022-01-05 07:49:54 --> Session: Class initialized using 'CodeIgniter\Session\Handlers\FileHandler' driver.
INFO - 2022-01-05 07:49:55 --> Session: Class initialized using 'CodeIgniter\Session\Handlers\FileHandler' driver.
INFO - 2022-01-05 07:49:57 --> Session: Class initialized using 'CodeIgniter\Session\Handlers\FileHandler' driver.
INFO - 2022-01-05 07:49:59 --> Session: Class initialized using 'CodeIgniter\Session\Handlers\FileHandler' driver.
INFO - 2022-01-05 07:50:05 --> Session: Class initialized using 'CodeIgniter\Session\Handlers\FileHandler' driver.
INFO - 2022-01-05 07:50:05 --> Session: Class initialized using 'CodeIgniter\Session\Handlers\FileHandler' driver.
INFO - 2022-01-05 07:50:07 --> Session: Class initialized using 'CodeIgniter\Session\Handlers\FileHandler' driver.
INFO - 2022-01-05 07:50:26 --> Session: Class initialized using 'CodeIgniter\Session\Handlers\FileHandler' driver.
WARNING - 2022-01-05 07:50:26 --> Session: Sessions is enabled, and one exists.Please don't $session->start();
INFO - 2022-01-05 07:50:50 --> Session: Class initialized using 'CodeIgniter\Session\Handlers\FileHandler' driver.
INFO - 2022-01-05 07:51:02 --> Session: Class initialized using 'CodeIgniter\Session\Handlers\FileHandler' driver.
INFO - 2022-01-05 07:51:17 --> Session: Class initialized using 'CodeIgniter\Session\Handlers\FileHandler' driver.
INFO - 2022-01-05 07:51:17 --> Session: Class initialized using 'CodeIgniter\Session\Handlers\FileHandler' driver.
INFO - 2022-01-05 07:51:19 --> Session: Class initialized using 'CodeIgniter\Session\Handlers\FileHandler' driver.
INFO - 2022-01-05 07:51:22 --> Session: Class initialized using 'CodeIgniter\Session\Handlers\FileHandler' driver.
INFO - 2022-01-05 07:51:27 --> Session: Class initialized using 'CodeIgniter\Session\Handlers\FileHandler' driver.
INFO - 2022-01-05 07:51:28 --> Session: Class initialized using 'CodeIgniter\Session\Handlers\FileHandler' driver.
INFO - 2022-01-05 07:51:30 --> Session: Class initialized using 'CodeIgniter\Session\Handlers\FileHandler' driver.
INFO - 2022-01-05 07:53:03 --> Session: Class initialized using 'CodeIgniter\Session\Handlers\FileHandler' driver.
WARNING - 2022-01-05 07:53:03 --> Session: Sessions is enabled, and one exists.Please don't $session->start();
INFO - 2022-01-05 07:54:54 --> Session: Class initialized using 'CodeIgniter\Session\Handlers\FileHandler' driver.
WARNING - 2022-01-05 07:54:54 --> Session: Sessions is enabled, and one exists.Please don't $session->start();
INFO - 2022-01-05 07:56:16 --> Session: Class initialized using 'CodeIgniter\Session\Handlers\FileHandler' driver.
WARNING - 2022-01-05 07:56:16 --> Session: Sessions is enabled, and one exists.Please don't $session->start();
INFO - 2022-01-05 07:56:39 --> Session: Class initialized using 'CodeIgniter\Session\Handlers\FileHandler' driver.
WARNING - 2022-01-05 07:56:39 --> Session: Sessions is enabled, and one exists.Please don't $session->start();
INFO - 2022-01-05 07:57:28 --> Session: Class initialized using 'CodeIgniter\Session\Handlers\FileHandler' driver.
WARNING - 2022-01-05 07:57:28 --> Session: Sessions is enabled, and one exists.Please don't $session->start();
INFO - 2022-01-05 07:58:26 --> Session: Class initialized using 'CodeIgniter\Session\Handlers\FileHandler' driver.
WARNING - 2022-01-05 07:58:26 --> Session: Sessions is enabled, and one exists.Please don't $session->start();
INFO - 2022-01-05 07:58:46 --> Session: Class initialized using 'CodeIgniter\Session\Handlers\FileHandler' driver.
WARNING - 2022-01-05 07:58:46 --> Session: Sessions is enabled, and one exists.Please don't $session->start();
INFO - 2022-01-05 08:00:07 --> Session: Class initialized using 'CodeIgniter\Session\Handlers\FileHandler' driver.
WARNING - 2022-01-05 08:00:07 --> Session: Sessions is enabled, and one exists.Please don't $session->start();
INFO - 2022-01-05 08:00:51 --> Session: Class initialized using 'CodeIgniter\Session\Handlers\FileHandler' driver.
WARNING - 2022-01-05 08:00:51 --> Session: Sessions is enabled, and one exists.Please don't $session->start();
INFO - 2022-01-05 08:01:15 --> Session: Class initialized using 'CodeIgniter\Session\Handlers\FileHandler' driver.
WARNING - 2022-01-05 08:01:15 --> Session: Sessions is enabled, and one exists.Please don't $session->start();
INFO - 2022-01-05 08:03:09 --> Session: Class initialized using 'CodeIgniter\Session\Handlers\FileHandler' driver.
WARNING - 2022-01-05 08:03:09 --> Session: Sessions is enabled, and one exists.Please don't $session->start();
INFO - 2022-01-05 08:03:31 --> Session: Class initialized using 'CodeIgniter\Session\Handlers\FileHandler' driver.
WARNING - 2022-01-05 08:03:31 --> Session: Sessions is enabled, and one exists.Please don't $session->start();
INFO - 2022-01-05 08:03:45 --> Session: Class initialized using 'CodeIgniter\Session\Handlers\FileHandler' driver.
WARNING - 2022-01-05 08:03:45 --> Session: Sessions is enabled, and one exists.Please don't $session->start();
INFO - 2022-01-05 08:05:52 --> Session: Class initialized using 'CodeIgniter\Session\Handlers\FileHandler' driver.
WARNING - 2022-01-05 08:05:52 --> Session: Sessions is enabled, and one exists.Please don't $session->start();
INFO - 2022-01-05 08:07:24 --> Session: Class initialized using 'CodeIgniter\Session\Handlers\FileHandler' driver.
WARNING - 2022-01-05 08:07:24 --> Session: Sessions is enabled, and one exists.Please don't $session->start();
INFO - 2022-01-05 08:07:42 --> Session: Class initialized using 'CodeIgniter\Session\Handlers\FileHandler' driver.
WARNING - 2022-01-05 08:07:42 --> Session: Sessions is enabled, and one exists.Please don't $session->start();
INFO - 2022-01-05 08:07:59 --> Session: Class initialized using 'CodeIgniter\Session\Handlers\FileHandler' driver.
WARNING - 2022-01-05 08:07:59 --> Session: Sessions is enabled, and one exists.Please don't $session->start();
INFO - 2022-01-05 08:08:47 --> Session: Class initialized using 'CodeIgniter\Session\Handlers\FileHandler' driver.
WARNING - 2022-01-05 08:08:47 --> Session: Sessions is enabled, and one exists.Please don't $session->start();
INFO - 2022-01-05 08:09:41 --> Session: Class initialized using 'CodeIgniter\Session\Handlers\FileHandler' driver.
WARNING - 2022-01-05 08:09:41 --> Session: Sessions is enabled, and one exists.Please don't $session->start();
INFO - 2022-01-05 08:09:53 --> Session: Class initialized using 'CodeIgniter\Session\Handlers\FileHandler' driver.
WARNING - 2022-01-05 08:09:53 --> Session: Sessions is enabled, and one exists.Please don't $session->start();
INFO - 2022-01-05 08:11:35 --> Session: Class initialized using 'CodeIgniter\Session\Handlers\FileHandler' driver.
INFO - 2022-01-05 08:11:40 --> Session: Class initialized using 'CodeIgniter\Session\Handlers\FileHandler' driver.
INFO - 2022-01-05 08:11:40 --> Session: Class initialized using 'CodeIgniter\Session\Handlers\FileHandler' driver.
INFO - 2022-01-05 08:12:01 --> Session: Class initialized using 'CodeIgniter\Session\Handlers\FileHandler' driver.
INFO - 2022-01-05 08:12:02 --> Session: Class initialized using 'CodeIgniter\Session\Handlers\FileHandler' driver.
INFO - 2022-01-05 08:12:05 --> Session: Class initialized using 'CodeIgniter\Session\Handlers\FileHandler' driver.
WARNING - 2022-01-05 08:12:05 --> Session: Sessions is enabled, and one exists.Please don't $session->start();
INFO - 2022-01-05 08:15:14 --> Session: Class initialized using 'CodeIgniter\Session\Handlers\FileHandler' driver.
WARNING - 2022-01-05 08:15:14 --> Session: Sessions is enabled, and one exists.Please don't $session->start();
INFO - 2022-01-05 08:16:43 --> Session: Class initialized using 'CodeIgniter\Session\Handlers\FileHandler' driver.
WARNING - 2022-01-05 08:16:43 --> Session: Sessions is enabled, and one exists.Please don't $session->start();
INFO - 2022-01-05 08:17:23 --> Session: Class initialized using 'CodeIgniter\Session\Handlers\FileHandler' driver.
WARNING - 2022-01-05 08:17:23 --> Session: Sessions is enabled, and one exists.Please don't $session->start();
INFO - 2022-01-05 08:17:41 --> Session: Class initialized using 'CodeIgniter\Session\Handlers\FileHandler' driver.
WARNING - 2022-01-05 08:17:41 --> Session: Sessions is enabled, and one exists.Please don't $session->start();
INFO - 2022-01-05 08:17:58 --> Session: Class initialized using 'CodeIgniter\Session\Handlers\FileHandler' driver.
WARNING - 2022-01-05 08:17:58 --> Session: Sessions is enabled, and one exists.Please don't $session->start();
INFO - 2022-01-05 08:18:33 --> Session: Class initialized using 'CodeIgniter\Session\Handlers\FileHandler' driver.
WARNING - 2022-01-05 08:18:33 --> Session: Sessions is enabled, and one exists.Please don't $session->start();
INFO - 2022-01-05 08:19:03 --> Session: Class initialized using 'CodeIgniter\Session\Handlers\FileHandler' driver.
WARNING - 2022-01-05 08:19:03 --> Session: Sessions is enabled, and one exists.Please don't $session->start();
INFO - 2022-01-05 08:19:18 --> Session: Class initialized using 'CodeIgniter\Session\Handlers\FileHandler' driver.
WARNING - 2022-01-05 08:19:18 --> Session: Sessions is enabled, and one exists.Please don't $session->start();
INFO - 2022-01-05 08:19:33 --> Session: Class initialized using 'CodeIgniter\Session\Handlers\FileHandler' driver.
WARNING - 2022-01-05 08:19:33 --> Session: Sessions is enabled, and one exists.Please don't $session->start();
INFO - 2022-01-05 08:19:45 --> Session: Class initialized using 'CodeIgniter\Session\Handlers\FileHandler' driver.
WARNING - 2022-01-05 08:19:45 --> Session: Sessions is enabled, and one exists.Please don't $session->start();
INFO - 2022-01-05 08:20:21 --> Session: Class initialized using 'CodeIgniter\Session\Handlers\FileHandler' driver.
INFO - 2022-01-05 08:20:38 --> Session: Class initialized using 'CodeIgniter\Session\Handlers\FileHandler' driver.
WARNING - 2022-01-05 08:20:38 --> Session: Sessions is enabled, and one exists.Please don't $session->start();
INFO - 2022-01-05 08:23:49 --> Session: Class initialized using 'CodeIgniter\Session\Handlers\FileHandler' driver.
WARNING - 2022-01-05 08:23:49 --> Session: Sessions is enabled, and one exists.Please don't $session->start();
INFO - 2022-01-05 08:24:08 --> Session: Class initialized using 'CodeIgniter\Session\Handlers\FileHandler' driver.
WARNING - 2022-01-05 08:24:08 --> Session: Sessions is enabled, and one exists.Please don't $session->start();
INFO - 2022-01-05 08:24:21 --> Session: Class initialized using 'CodeIgniter\Session\Handlers\FileHandler' driver.
WARNING - 2022-01-05 08:24:21 --> Session: Sessions is enabled, and one exists.Please don't $session->start();
INFO - 2022-01-05 08:25:22 --> Session: Class initialized using 'CodeIgniter\Session\Handlers\FileHandler' driver.
WARNING - 2022-01-05 08:25:22 --> Session: Sessions is enabled, and one exists.Please don't $session->start();
INFO - 2022-01-05 08:26:52 --> Session: Class initialized using 'CodeIgniter\Session\Handlers\FileHandler' driver.
WARNING - 2022-01-05 08:26:52 --> Session: Sessions is enabled, and one exists.Please don't $session->start();
INFO - 2022-01-05 08:29:22 --> Session: Class initialized using 'CodeIgniter\Session\Handlers\FileHandler' driver.
WARNING - 2022-01-05 08:29:22 --> Session: Sessions is enabled, and one exists.Please don't $session->start();
INFO - 2022-01-05 08:29:56 --> Session: Class initialized using 'CodeIgniter\Session\Handlers\FileHandler' driver.
WARNING - 2022-01-05 08:29:56 --> Session: Sessions is enabled, and one exists.Please don't $session->start();
INFO - 2022-01-05 08:30:27 --> Session: Class initialized using 'CodeIgniter\Session\Handlers\FileHandler' driver.
WARNING - 2022-01-05 08:30:27 --> Session: Sessions is enabled, and one exists.Please don't $session->start();
INFO - 2022-01-05 08:30:53 --> Session: Class initialized using 'CodeIgniter\Session\Handlers\FileHandler' driver.
WARNING - 2022-01-05 08:30:53 --> Session: Sessions is enabled, and one exists.Please don't $session->start();
INFO - 2022-01-05 08:32:42 --> Session: Class initialized using 'CodeIgniter\Session\Handlers\FileHandler' driver.
WARNING - 2022-01-05 08:32:42 --> Session: Sessions is enabled, and one exists.Please don't $session->start();
INFO - 2022-01-05 08:32:59 --> Session: Class initialized using 'CodeIgniter\Session\Handlers\FileHandler' driver.
WARNING - 2022-01-05 08:32:59 --> Session: Sessions is enabled, and one exists.Please don't $session->start();
INFO - 2022-01-05 08:34:09 --> Session: Class initialized using 'CodeIgniter\Session\Handlers\FileHandler' driver.
WARNING - 2022-01-05 08:34:09 --> Session: Sessions is enabled, and one exists.Please don't $session->start();
INFO - 2022-01-05 08:34:24 --> Session: Class initialized using 'CodeIgniter\Session\Handlers\FileHandler' driver.
WARNING - 2022-01-05 08:34:24 --> Session: Sessions is enabled, and one exists.Please don't $session->start();
INFO - 2022-01-05 08:34:42 --> Session: Class initialized using 'CodeIgniter\Session\Handlers\FileHandler' driver.
WARNING - 2022-01-05 08:34:42 --> Session: Sessions is enabled, and one exists.Please don't $session->start();
INFO - 2022-01-05 08:35:10 --> Session: Class initialized using 'CodeIgniter\Session\Handlers\FileHandler' driver.
WARNING - 2022-01-05 08:35:10 --> Session: Sessions is enabled, and one exists.Please don't $session->start();
INFO - 2022-01-05 08:35:17 --> Session: Class initialized using 'CodeIgniter\Session\Handlers\FileHandler' driver.
WARNING - 2022-01-05 08:35:17 --> Session: Sessions is enabled, and one exists.Please don't $session->start();
INFO - 2022-01-05 08:43:03 --> Session: Class initialized using 'CodeIgniter\Session\Handlers\FileHandler' driver.
WARNING - 2022-01-05 08:43:03 --> Session: Sessions is enabled, and one exists.Please don't $session->start();
INFO - 2022-01-05 08:44:03 --> Session: Class initialized using 'CodeIgniter\Session\Handlers\FileHandler' driver.
WARNING - 2022-01-05 08:44:03 --> Session: Sessions is enabled, and one exists.Please don't $session->start();
INFO - 2022-01-05 08:45:16 --> Session: Class initialized using 'CodeIgniter\Session\Handlers\FileHandler' driver.
WARNING - 2022-01-05 08:45:16 --> Session: Sessions is enabled, and one exists.Please don't $session->start();
INFO - 2022-01-05 08:46:21 --> Session: Class initialized using 'CodeIgniter\Session\Handlers\FileHandler' driver.
WARNING - 2022-01-05 08:46:21 --> Session: Sessions is enabled, and one exists.Please don't $session->start();
INFO - 2022-01-05 08:48:11 --> Session: Class initialized using 'CodeIgniter\Session\Handlers\FileHandler' driver.
WARNING - 2022-01-05 08:48:11 --> Session: Sessions is enabled, and one exists.Please don't $session->start();
INFO - 2022-01-05 08:48:27 --> Session: Class initialized using 'CodeIgniter\Session\Handlers\FileHandler' driver.
WARNING - 2022-01-05 08:48:27 --> Session: Sessions is enabled, and one exists.Please don't $session->start();
INFO - 2022-01-05 08:49:46 --> Session: Class initialized using 'CodeIgniter\Session\Handlers\FileHandler' driver.
WARNING - 2022-01-05 08:49:46 --> Session: Sessions is enabled, and one exists.Please don't $session->start();
INFO - 2022-01-05 08:49:49 --> Session: Class initialized using 'CodeIgniter\Session\Handlers\FileHandler' driver.
WARNING - 2022-01-05 08:49:49 --> Session: Sessions is enabled, and one exists.Please don't $session->start();
INFO - 2022-01-05 08:50:34 --> Session: Class initialized using 'CodeIgniter\Session\Handlers\FileHandler' driver.
WARNING - 2022-01-05 08:50:34 --> Session: Sessions is enabled, and one exists.Please don't $session->start();
CRITICAL - 2022-01-05 08:50:34 --> syntax error, unexpected '.', expecting end of file
#0 /var/www/html/mymisdiagnosis/system/View/View.php(222): CodeIgniter\View\View->CodeIgniter\View\{closure}()
#1 /var/www/html/mymisdiagnosis/system/Common.php(1217): CodeIgniter\View\View->render('home', Array, true)
#2 /var/www/html/mymisdiagnosis/app/Controllers/Home.php(56): view('home', Array)
#3 /var/www/html/mymisdiagnosis/system/CodeIgniter.php(936): App\Controllers\Home->index()
#4 /var/www/html/mymisdiagnosis/system/CodeIgniter.php(432): CodeIgniter\CodeIgniter->runController(Object(App\Controllers\Home))
#5 /var/www/html/mymisdiagnosis/system/CodeIgniter.php(333): CodeIgniter\CodeIgniter->handleRequest(NULL, Object(Config\Cache), false)
#6 /var/www/html/mymisdiagnosis/index.php(44): CodeIgniter\CodeIgniter->run()
#7 {main}
INFO - 2022-01-05 08:50:48 --> Session: Class initialized using 'CodeIgniter\Session\Handlers\FileHandler' driver.
WARNING - 2022-01-05 08:50:48 --> Session: Sessions is enabled, and one exists.Please don't $session->start();
INFO - 2022-01-05 08:51:43 --> Session: Class initialized using 'CodeIgniter\Session\Handlers\FileHandler' driver.
WARNING - 2022-01-05 08:51:43 --> Session: Sessions is enabled, and one exists.Please don't $session->start();
INFO - 2022-01-05 08:52:56 --> Session: Class initialized using 'CodeIgniter\Session\Handlers\FileHandler' driver.
WARNING - 2022-01-05 08:52:56 --> Session: Sessions is enabled, and one exists.Please don't $session->start();
INFO - 2022-01-05 08:55:14 --> Session: Class initialized using 'CodeIgniter\Session\Handlers\FileHandler' driver.
WARNING - 2022-01-05 08:55:14 --> Session: Sessions is enabled, and one exists.Please don't $session->start();
INFO - 2022-01-05 08:58:09 --> Session: Class initialized using 'CodeIgniter\Session\Handlers\FileHandler' driver.
WARNING - 2022-01-05 08:58:09 --> Session: Sessions is enabled, and one exists.Please don't $session->start();
INFO - 2022-01-05 08:59:10 --> Session: Class initialized using 'CodeIgniter\Session\Handlers\FileHandler' driver.
WARNING - 2022-01-05 08:59:11 --> Session: Sessions is enabled, and one exists.Please don't $session->start();
INFO - 2022-01-05 08:59:13 --> Session: Class initialized using 'CodeIgniter\Session\Handlers\FileHandler' driver.
WARNING - 2022-01-05 08:59:13 --> Session: Sessions is enabled, and one exists.Please don't $session->start();
INFO - 2022-01-05 09:00:12 --> Session: Class initialized using 'CodeIgniter\Session\Handlers\FileHandler' driver.
WARNING - 2022-01-05 09:00:12 --> Session: Sessions is enabled, and one exists.Please don't $session->start();
INFO - 2022-01-05 09:01:39 --> Session: Class initialized using 'CodeIgniter\Session\Handlers\FileHandler' driver.
WARNING - 2022-01-05 09:01:39 --> Session: Sessions is enabled, and one exists.Please don't $session->start();
INFO - 2022-01-05 09:02:35 --> Session: Class initialized using 'CodeIgniter\Session\Handlers\FileHandler' driver.
WARNING - 2022-01-05 09:02:35 --> Session: Sessions is enabled, and one exists.Please don't $session->start();
INFO - 2022-01-05 09:04:17 --> Session: Class initialized using 'CodeIgniter\Session\Handlers\FileHandler' driver.
WARNING - 2022-01-05 09:04:17 --> Session: Sessions is enabled, and one exists.Please don't $session->start();
INFO - 2022-01-05 09:04:53 --> Session: Class initialized using 'CodeIgniter\Session\Handlers\FileHandler' driver.
WARNING - 2022-01-05 09:04:53 --> Session: Sessions is enabled, and one exists.Please don't $session->start();
INFO - 2022-01-05 09:12:00 --> Session: Class initialized using 'CodeIgniter\Session\Handlers\FileHandler' driver.
WARNING - 2022-01-05 09:12:00 --> Session: Sessions is enabled, and one exists.Please don't $session->start();
INFO - 2022-01-05 09:12:41 --> Session: Class initialized using 'CodeIgniter\Session\Handlers\FileHandler' driver.
WARNING - 2022-01-05 09:12:41 --> Session: Sessions is enabled, and one exists.Please don't $session->start();
INFO - 2022-01-05 09:12:54 --> Session: Class initialized using 'CodeIgniter\Session\Handlers\FileHandler' driver.
WARNING - 2022-01-05 09:12:54 --> Session: Sessions is enabled, and one exists.Please don't $session->start();
INFO - 2022-01-05 09:13:29 --> Session: Class initialized using 'CodeIgniter\Session\Handlers\FileHandler' driver.
WARNING - 2022-01-05 09:13:29 --> Session: Sessions is enabled, and one exists.Please don't $session->start();
INFO - 2022-01-05 09:13:48 --> Session: Class initialized using 'CodeIgniter\Session\Handlers\FileHandler' driver.
WARNING - 2022-01-05 09:13:48 --> Session: Sessions is enabled, and one exists.Please don't $session->start();
INFO - 2022-01-05 09:15:08 --> Session: Class initialized using 'CodeIgniter\Session\Handlers\FileHandler' driver.
WARNING - 2022-01-05 09:15:08 --> Session: Sessions is enabled, and one exists.Please don't $session->start();
INFO - 2022-01-05 09:16:35 --> Session: Class initialized using 'CodeIgniter\Session\Handlers\FileHandler' driver.
WARNING - 2022-01-05 09:16:35 --> Session: Sessions is enabled, and one exists.Please don't $session->start();
INFO - 2022-01-05 09:18:09 --> Session: Class initialized using 'CodeIgniter\Session\Handlers\FileHandler' driver.
WARNING - 2022-01-05 09:18:09 --> Session: Sessions is enabled, and one exists.Please don't $session->start();
INFO - 2022-01-05 09:19:36 --> Session: Class initialized using 'CodeIgniter\Session\Handlers\FileHandler' driver.
WARNING - 2022-01-05 09:19:36 --> Session: Sessions is enabled, and one exists.Please don't $session->start();
INFO - 2022-01-05 09:22:12 --> Session: Class initialized using 'CodeIgniter\Session\Handlers\FileHandler' driver.
WARNING - 2022-01-05 09:22:12 --> Session: Sessions is enabled, and one exists.Please don't $session->start();
INFO - 2022-01-05 09:22:15 --> Session: Class initialized using 'CodeIgniter\Session\Handlers\FileHandler' driver.
WARNING - 2022-01-05 09:22:15 --> Session: Sessions is enabled, and one exists.Please don't $session->start();
INFO - 2022-01-05 09:23:43 --> Session: Class initialized using 'CodeIgniter\Session\Handlers\FileHandler' driver.
WARNING - 2022-01-05 09:23:43 --> Session: Sessions is enabled, and one exists.Please don't $session->start();
INFO - 2022-01-05 09:24:18 --> Session: Class initialized using 'CodeIgniter\Session\Handlers\FileHandler' driver.
WARNING - 2022-01-05 09:24:18 --> Session: Sessions is enabled, and one exists.Please don't $session->start();
INFO - 2022-01-05 09:27:17 --> Session: Class initialized using 'CodeIgniter\Session\Handlers\FileHandler' driver.
WARNING - 2022-01-05 09:27:17 --> Session: Sessions is enabled, and one exists.Please don't $session->start();
INFO - 2022-01-05 09:28:33 --> Session: Class initialized using 'CodeIgniter\Session\Handlers\FileHandler' driver.
WARNING - 2022-01-05 09:28:33 --> Session: Sessions is enabled, and one exists.Please don't $session->start();
INFO - 2022-01-05 09:30:56 --> Session: Class initialized using 'CodeIgniter\Session\Handlers\FileHandler' driver.
WARNING - 2022-01-05 09:30:56 --> Session: Sessions is enabled, and one exists.Please don't $session->start();
INFO - 2022-01-05 09:32:34 --> Session: Class initialized using 'CodeIgniter\Session\Handlers\FileHandler' driver.
WARNING - 2022-01-05 09:32:34 --> Session: Sessions is enabled, and one exists.Please don't $session->start();
INFO - 2022-01-05 09:33:57 --> Session: Class initialized using 'CodeIgniter\Session\Handlers\FileHandler' driver.
WARNING - 2022-01-05 09:33:57 --> Session: Sessions is enabled, and one exists.Please don't $session->start();
INFO - 2022-01-05 09:35:05 --> Session: Class initialized using 'CodeIgniter\Session\Handlers\FileHandler' driver.
WARNING - 2022-01-05 09:35:05 --> Session: Sessions is enabled, and one exists.Please don't $session->start();
INFO - 2022-01-05 09:36:43 --> Session: Class initialized using 'CodeIgniter\Session\Handlers\FileHandler' driver.
WARNING - 2022-01-05 09:36:43 --> Session: Sessions is enabled, and one exists.Please don't $session->start();
INFO - 2022-01-05 09:40:58 --> Session: Class initialized using 'CodeIgniter\Session\Handlers\FileHandler' driver.
WARNING - 2022-01-05 09:40:58 --> Session: Sessions is enabled, and one exists.Please don't $session->start();
INFO - 2022-01-05 09:43:51 --> Session: Class initialized using 'CodeIgniter\Session\Handlers\FileHandler' driver.
WARNING - 2022-01-05 09:43:51 --> Session: Sessions is enabled, and one exists.Please don't $session->start();
INFO - 2022-01-05 09:46:01 --> Session: Class initialized using 'CodeIgniter\Session\Handlers\FileHandler' driver.
WARNING - 2022-01-05 09:46:02 --> Session: Sessions is enabled, and one exists.Please don't $session->start();
INFO - 2022-01-05 09:48:59 --> Session: Class initialized using 'CodeIgniter\Session\Handlers\FileHandler' driver.
WARNING - 2022-01-05 09:48:59 --> Session: Sessions is enabled, and one exists.Please don't $session->start();
INFO - 2022-01-05 09:51:00 --> Session: Class initialized using 'CodeIgniter\Session\Handlers\FileHandler' driver.
WARNING - 2022-01-05 09:51:00 --> Session: Sessions is enabled, and one exists.Please don't $session->start();
INFO - 2022-01-05 09:51:40 --> Session: Class initialized using 'CodeIgniter\Session\Handlers\FileHandler' driver.
WARNING - 2022-01-05 09:51:40 --> Session: Sessions is enabled, and one exists.Please don't $session->start();
INFO - 2022-01-05 09:52:58 --> Session: Class initialized using 'CodeIgniter\Session\Handlers\FileHandler' driver.
WARNING - 2022-01-05 09:52:58 --> Session: Sessions is enabled, and one exists.Please don't $session->start();
INFO - 2022-01-05 09:56:43 --> Session: Class initialized using 'CodeIgniter\Session\Handlers\FileHandler' driver.
WARNING - 2022-01-05 09:56:44 --> Session: Sessions is enabled, and one exists.Please don't $session->start();
INFO - 2022-01-05 10:35:44 --> Session: Class initialized using 'CodeIgniter\Session\Handlers\FileHandler' driver.
WARNING - 2022-01-05 10:35:44 --> Session: Sessions is enabled, and one exists.Please don't $session->start();
INFO - 2022-01-05 10:36:10 --> Session: Class initialized using 'CodeIgniter\Session\Handlers\FileHandler' driver.
WARNING - 2022-01-05 10:36:10 --> Session: Sessions is enabled, and one exists.Please don't $session->start();
INFO - 2022-01-05 10:39:18 --> Session: Class initialized using 'CodeIgniter\Session\Handlers\FileHandler' driver.
WARNING - 2022-01-05 10:39:18 --> Session: Sessions is enabled, and one exists.Please don't $session->start();
INFO - 2022-01-05 10:39:21 --> Session: Class initialized using 'CodeIgniter\Session\Handlers\FileHandler' driver.
WARNING - 2022-01-05 10:39:21 --> Session: Sessions is enabled, and one exists.Please don't $session->start();
INFO - 2022-01-05 10:39:50 --> Session: Class initialized using 'CodeIgniter\Session\Handlers\FileHandler' driver.
WARNING - 2022-01-05 10:39:50 --> Session: Sessions is enabled, and one exists.Please don't $session->start();
INFO - 2022-01-05 10:40:11 --> Session: Class initialized using 'CodeIgniter\Session\Handlers\FileHandler' driver.
WARNING - 2022-01-05 10:40:11 --> Session: Sessions is enabled, and one exists.Please don't $session->start();
INFO - 2022-01-05 10:41:06 --> Session: Class initialized using 'CodeIgniter\Session\Handlers\FileHandler' driver.
WARNING - 2022-01-05 10:41:06 --> Session: Sessions is enabled, and one exists.Please don't $session->start();
INFO - 2022-01-05 10:41:20 --> Session: Class initialized using 'CodeIgniter\Session\Handlers\FileHandler' driver.
WARNING - 2022-01-05 10:41:20 --> Session: Sessions is enabled, and one exists.Please don't $session->start();
INFO - 2022-01-05 10:41:46 --> Session: Class initialized using 'CodeIgniter\Session\Handlers\FileHandler' driver.
WARNING - 2022-01-05 10:41:46 --> Session: Sessions is enabled, and one exists.Please don't $session->start();
INFO - 2022-01-05 10:43:41 --> Session: Class initialized using 'CodeIgniter\Session\Handlers\FileHandler' driver.
WARNING - 2022-01-05 10:43:41 --> Session: Sessions is enabled, and one exists.Please don't $session->start();
INFO - 2022-01-05 10:44:08 --> Session: Class initialized using 'CodeIgniter\Session\Handlers\FileHandler' driver.
WARNING - 2022-01-05 10:44:08 --> Session: Sessions is enabled, and one exists.Please don't $session->start();
INFO - 2022-01-05 10:44:42 --> Session: Class initialized using 'CodeIgniter\Session\Handlers\FileHandler' driver.
WARNING - 2022-01-05 10:44:42 --> Session: Sessions is enabled, and one exists.Please don't $session->start();
INFO - 2022-01-05 10:46:05 --> Session: Class initialized using 'CodeIgniter\Session\Handlers\FileHandler' driver.
WARNING - 2022-01-05 10:46:05 --> Session: Sessions is enabled, and one exists.Please don't $session->start();
INFO - 2022-01-05 10:47:08 --> Session: Class initialized using 'CodeIgniter\Session\Handlers\FileHandler' driver.
WARNING - 2022-01-05 10:47:08 --> Session: Sessions is enabled, and one exists.Please don't $session->start();
INFO - 2022-01-05 10:47:15 --> Session: Class initialized using 'CodeIgniter\Session\Handlers\FileHandler' driver.
INFO - 2022-01-05 10:47:15 --> Session: Class initialized using 'CodeIgniter\Session\Handlers\FileHandler' driver.
INFO - 2022-01-05 10:47:17 --> Session: Class initialized using 'CodeIgniter\Session\Handlers\FileHandler' driver.
WARNING - 2022-01-05 10:47:17 --> Session: Sessions is enabled, and one exists.Please don't $session->start();
INFO - 2022-01-05 10:47:20 --> Session: Class initialized using 'CodeIgniter\Session\Handlers\FileHandler' driver.
WARNING - 2022-01-05 10:47:20 --> Session: Sessions is enabled, and one exists.Please don't $session->start();
INFO - 2022-01-05 10:48:37 --> Session: Class initialized using 'CodeIgniter\Session\Handlers\FileHandler' driver.
WARNING - 2022-01-05 10:48:37 --> Session: Sessions is enabled, and one exists.Please don't $session->start();
INFO - 2022-01-05 10:49:07 --> Session: Class initialized using 'CodeIgniter\Session\Handlers\FileHandler' driver.
WARNING - 2022-01-05 10:49:07 --> Session: Sessions is enabled, and one exists.Please don't $session->start();
INFO - 2022-01-05 10:49:09 --> Session: Class initialized using 'CodeIgniter\Session\Handlers\FileHandler' driver.
WARNING - 2022-01-05 10:49:09 --> Session: Sessions is enabled, and one exists.Please don't $session->start();
INFO - 2022-01-05 10:49:12 --> Session: Class initialized using 'CodeIgniter\Session\Handlers\FileHandler' driver.
WARNING - 2022-01-05 10:49:12 --> Session: Sessions is enabled, and one exists.Please don't $session->start();
INFO - 2022-01-05 10:49:14 --> Session: Class initialized using 'CodeIgniter\Session\Handlers\FileHandler' driver.
INFO - 2022-01-05 10:49:16 --> Session: Class initialized using 'CodeIgniter\Session\Handlers\FileHandler' driver.
WARNING - 2022-01-05 10:49:16 --> Session: Sessions is enabled, and one exists.Please don't $session->start();
INFO - 2022-01-05 10:49:23 --> Session: Class initialized using 'CodeIgniter\Session\Handlers\FileHandler' driver.
INFO - 2022-01-05 10:49:27 --> Session: Class initialized using 'CodeIgniter\Session\Handlers\FileHandler' driver.
INFO - 2022-01-05 10:49:27 --> Session: Class initialized using 'CodeIgniter\Session\Handlers\FileHandler' driver.
INFO - 2022-01-05 10:49:29 --> Session: Class initialized using 'CodeIgniter\Session\Handlers\FileHandler' driver.
WARNING - 2022-01-05 10:49:29 --> Session: Sessions is enabled, and one exists.Please don't $session->start();
