CRITICAL - 2021-07-21 00:26:07 --> Undefined variable: css_files
#0 /home/interne1/public_html/mymisdiagnosis/app/Views/product_view.php(7): CodeIgniter\Debug\Exceptions->errorHandler(8, 'Undefined varia...', '/home/interne1/...', 7, Array)
#1 /home/interne1/public_html/mymisdiagnosis/system/View/View.php(220): include('/home/interne1/...')
#2 /home/interne1/public_html/mymisdiagnosis/system/View/View.php(222): CodeIgniter\View\View->CodeIgniter\View\{closure}()
#3 /home/interne1/public_html/mymisdiagnosis/system/Common.php(1217): CodeIgniter\View\View->render('product_view', Array, true)
#4 /home/interne1/public_html/mymisdiagnosis/app/Controllers/Home.php(9): view('product_view')
#5 /home/interne1/public_html/mymisdiagnosis/system/CodeIgniter.php(936): App\Controllers\Home->index()
#6 /home/interne1/public_html/mymisdiagnosis/system/CodeIgniter.php(432): CodeIgniter\CodeIgniter->runController(Object(App\Controllers\Home))
#7 /home/interne1/public_html/mymisdiagnosis/system/CodeIgniter.php(333): CodeIgniter\CodeIgniter->handleRequest(NULL, Object(Config\Cache), false)
#8 /home/interne1/public_html/mymisdiagnosis/public/index.php(44): CodeIgniter\CodeIgniter->run()
#9 {main}
CRITICAL - 2021-07-21 00:26:22 --> Undefined variable: css_files
#0 /home/interne1/public_html/mymisdiagnosis/app/Views/product_view.php(7): CodeIgniter\Debug\Exceptions->errorHandler(8, 'Undefined varia...', '/home/interne1/...', 7, Array)
#1 /home/interne1/public_html/mymisdiagnosis/system/View/View.php(220): include('/home/interne1/...')
#2 /home/interne1/public_html/mymisdiagnosis/system/View/View.php(222): CodeIgniter\View\View->CodeIgniter\View\{closure}()
#3 /home/interne1/public_html/mymisdiagnosis/system/Common.php(1217): CodeIgniter\View\View->render('product_view', Array, true)
#4 /home/interne1/public_html/mymisdiagnosis/app/Controllers/Home.php(9): view('product_view')
#5 /home/interne1/public_html/mymisdiagnosis/system/CodeIgniter.php(936): App\Controllers\Home->index()
#6 /home/interne1/public_html/mymisdiagnosis/system/CodeIgniter.php(432): CodeIgniter\CodeIgniter->runController(Object(App\Controllers\Home))
#7 /home/interne1/public_html/mymisdiagnosis/system/CodeIgniter.php(333): CodeIgniter\CodeIgniter->handleRequest(NULL, Object(Config\Cache), false)
#8 /home/interne1/public_html/mymisdiagnosis/public/index.php(44): CodeIgniter\CodeIgniter->run()
#9 {main}
CRITICAL - 2021-07-21 00:26:23 --> Undefined variable: css_files
#0 /home/interne1/public_html/mymisdiagnosis/app/Views/product_view.php(7): CodeIgniter\Debug\Exceptions->errorHandler(8, 'Undefined varia...', '/home/interne1/...', 7, Array)
#1 /home/interne1/public_html/mymisdiagnosis/system/View/View.php(220): include('/home/interne1/...')
#2 /home/interne1/public_html/mymisdiagnosis/system/View/View.php(222): CodeIgniter\View\View->CodeIgniter\View\{closure}()
#3 /home/interne1/public_html/mymisdiagnosis/system/Common.php(1217): CodeIgniter\View\View->render('product_view', Array, true)
#4 /home/interne1/public_html/mymisdiagnosis/app/Controllers/Home.php(9): view('product_view')
#5 /home/interne1/public_html/mymisdiagnosis/system/CodeIgniter.php(936): App\Controllers\Home->index()
#6 /home/interne1/public_html/mymisdiagnosis/system/CodeIgniter.php(432): CodeIgniter\CodeIgniter->runController(Object(App\Controllers\Home))
#7 /home/interne1/public_html/mymisdiagnosis/system/CodeIgniter.php(333): CodeIgniter\CodeIgniter->handleRequest(NULL, Object(Config\Cache), false)
#8 /home/interne1/public_html/mymisdiagnosis/public/index.php(44): CodeIgniter\CodeIgniter->run()
#9 {main}
CRITICAL - 2021-07-21 00:26:24 --> Undefined variable: css_files
#0 /home/interne1/public_html/mymisdiagnosis/app/Views/product_view.php(7): CodeIgniter\Debug\Exceptions->errorHandler(8, 'Undefined varia...', '/home/interne1/...', 7, Array)
#1 /home/interne1/public_html/mymisdiagnosis/system/View/View.php(220): include('/home/interne1/...')
#2 /home/interne1/public_html/mymisdiagnosis/system/View/View.php(222): CodeIgniter\View\View->CodeIgniter\View\{closure}()
#3 /home/interne1/public_html/mymisdiagnosis/system/Common.php(1217): CodeIgniter\View\View->render('product_view', Array, true)
#4 /home/interne1/public_html/mymisdiagnosis/app/Controllers/Home.php(9): view('product_view')
#5 /home/interne1/public_html/mymisdiagnosis/system/CodeIgniter.php(936): App\Controllers\Home->index()
#6 /home/interne1/public_html/mymisdiagnosis/system/CodeIgniter.php(432): CodeIgniter\CodeIgniter->runController(Object(App\Controllers\Home))
#7 /home/interne1/public_html/mymisdiagnosis/system/CodeIgniter.php(333): CodeIgniter\CodeIgniter->handleRequest(NULL, Object(Config\Cache), false)
#8 /home/interne1/public_html/mymisdiagnosis/public/index.php(44): CodeIgniter\CodeIgniter->run()
#9 {main}
CRITICAL - 2021-07-21 00:27:30 --> Undefined variable: css_files
#0 /home/interne1/public_html/mymisdiagnosis/app/Views/product_view.php(7): CodeIgniter\Debug\Exceptions->errorHandler(8, 'Undefined varia...', '/home/interne1/...', 7, Array)
#1 /home/interne1/public_html/mymisdiagnosis/system/View/View.php(220): include('/home/interne1/...')
#2 /home/interne1/public_html/mymisdiagnosis/system/View/View.php(222): CodeIgniter\View\View->CodeIgniter\View\{closure}()
#3 /home/interne1/public_html/mymisdiagnosis/system/Common.php(1217): CodeIgniter\View\View->render('product_view', Array, true)
#4 /home/interne1/public_html/mymisdiagnosis/app/Controllers/Home.php(9): view('product_view')
#5 /home/interne1/public_html/mymisdiagnosis/system/CodeIgniter.php(936): App\Controllers\Home->index()
#6 /home/interne1/public_html/mymisdiagnosis/system/CodeIgniter.php(432): CodeIgniter\CodeIgniter->runController(Object(App\Controllers\Home))
#7 /home/interne1/public_html/mymisdiagnosis/system/CodeIgniter.php(333): CodeIgniter\CodeIgniter->handleRequest(NULL, Object(Config\Cache), false)
#8 /home/interne1/public_html/mymisdiagnosis/public/index.php(44): CodeIgniter\CodeIgniter->run()
#9 {main}
CRITICAL - 2021-07-21 00:27:32 --> Undefined variable: css_files
#0 /home/interne1/public_html/mymisdiagnosis/app/Views/product_view.php(7): CodeIgniter\Debug\Exceptions->errorHandler(8, 'Undefined varia...', '/home/interne1/...', 7, Array)
#1 /home/interne1/public_html/mymisdiagnosis/system/View/View.php(220): include('/home/interne1/...')
#2 /home/interne1/public_html/mymisdiagnosis/system/View/View.php(222): CodeIgniter\View\View->CodeIgniter\View\{closure}()
#3 /home/interne1/public_html/mymisdiagnosis/system/Common.php(1217): CodeIgniter\View\View->render('product_view', Array, true)
#4 /home/interne1/public_html/mymisdiagnosis/app/Controllers/Home.php(9): view('product_view')
#5 /home/interne1/public_html/mymisdiagnosis/system/CodeIgniter.php(936): App\Controllers\Home->index()
#6 /home/interne1/public_html/mymisdiagnosis/system/CodeIgniter.php(432): CodeIgniter\CodeIgniter->runController(Object(App\Controllers\Home))
#7 /home/interne1/public_html/mymisdiagnosis/system/CodeIgniter.php(333): CodeIgniter\CodeIgniter->handleRequest(NULL, Object(Config\Cache), false)
#8 /home/interne1/public_html/mymisdiagnosis/public/index.php(44): CodeIgniter\CodeIgniter->run()
#9 {main}
CRITICAL - 2021-07-21 00:31:21 --> toolbar filter must have a matching alias defined.
#0 /home/interne1/public_html/mymisdiagnosis/system/Filters/Filters.php(527): CodeIgniter\Filters\Exceptions\FilterException::forNoAlias('toolbar')
#1 /home/interne1/public_html/mymisdiagnosis/system/Filters/Filters.php(265): CodeIgniter\Filters\Filters->processAliasesToClass('after')
#2 /home/interne1/public_html/mymisdiagnosis/system/Filters/Filters.php(168): CodeIgniter\Filters\Filters->initialize('auth/login')
#3 /home/interne1/public_html/mymisdiagnosis/system/CodeIgniter.php(403): CodeIgniter\Filters\Filters->run('auth/login', 'before')
#4 /home/interne1/public_html/mymisdiagnosis/system/CodeIgniter.php(333): CodeIgniter\CodeIgniter->handleRequest(NULL, Object(Config\Cache), false)
#5 /home/interne1/public_html/mymisdiagnosis/public/index.php(44): CodeIgniter\CodeIgniter->run()
#6 {main}
CRITICAL - 2021-07-21 00:52:12 --> Undefined index: pack
#0 /home/interne1/public_html/mymisdiagnosis/app/Controllers/Product.php(233): CodeIgniter\Debug\Exceptions->errorHandler(8, 'Undefined index...', '/home/interne1/...', 233, Array)
#1 /home/interne1/public_html/mymisdiagnosis/system/CodeIgniter.php(936): App\Controllers\Product->cards('index.php', 'edit', 'Silhouette.PNG')
#2 /home/interne1/public_html/mymisdiagnosis/system/CodeIgniter.php(432): CodeIgniter\CodeIgniter->runController(Object(App\Controllers\Product))
#3 /home/interne1/public_html/mymisdiagnosis/system/CodeIgniter.php(333): CodeIgniter\CodeIgniter->handleRequest(NULL, Object(Config\Cache), false)
#4 /home/interne1/public_html/mymisdiagnosis/public/index.php(44): CodeIgniter\CodeIgniter->run()
#5 {main}
CRITICAL - 2021-07-21 00:52:13 --> Undefined index: pack
#0 /home/interne1/public_html/mymisdiagnosis/app/Controllers/Product.php(233): CodeIgniter\Debug\Exceptions->errorHandler(8, 'Undefined index...', '/home/interne1/...', 233, Array)
#1 /home/interne1/public_html/mymisdiagnosis/system/CodeIgniter.php(936): App\Controllers\Product->cards('index.php', 'edit', '10')
#2 /home/interne1/public_html/mymisdiagnosis/system/CodeIgniter.php(432): CodeIgniter\CodeIgniter->runController(Object(App\Controllers\Product))
#3 /home/interne1/public_html/mymisdiagnosis/system/CodeIgniter.php(333): CodeIgniter\CodeIgniter->handleRequest(NULL, Object(Config\Cache), false)
#4 /home/interne1/public_html/mymisdiagnosis/public/index.php(44): CodeIgniter\CodeIgniter->run()
#5 {main}
CRITICAL - 2021-07-21 00:52:20 --> Undefined index: pack
#0 /home/interne1/public_html/mymisdiagnosis/app/Controllers/Product.php(233): CodeIgniter\Debug\Exceptions->errorHandler(8, 'Undefined index...', '/home/interne1/...', 233, Array)
#1 /home/interne1/public_html/mymisdiagnosis/system/CodeIgniter.php(936): App\Controllers\Product->cards('edit', '7')
#2 /home/interne1/public_html/mymisdiagnosis/system/CodeIgniter.php(432): CodeIgniter\CodeIgniter->runController(Object(App\Controllers\Product))
#3 /home/interne1/public_html/mymisdiagnosis/system/CodeIgniter.php(333): CodeIgniter\CodeIgniter->handleRequest(NULL, Object(Config\Cache), false)
#4 /home/interne1/public_html/mymisdiagnosis/public/index.php(44): CodeIgniter\CodeIgniter->run()
#5 {main}
