CRITICAL - 2021-03-20 22:43:00 --> Your zlib.output_compression ini directive is turned on. This will not work well with output buffers.
#0 /home/wwwinte/public_html/screening/app/Config/Events.php(30): CodeIgniter\Exceptions\FrameworkException::forEnabledZlibOutputCompression()
#1 [internal function]: CodeIgniter\Events\Events::Config\{closure}()
#2 /home/wwwinte/public_html/screening/system/Events/Events.php(166): call_user_func(Object(Closure))
#3 /home/wwwinte/public_html/screening/system/CodeIgniter.php(314): CodeIgniter\Events\Events::trigger('pre_system')
#4 /home/wwwinte/public_html/screening/public/index.php(44): CodeIgniter\CodeIgniter->run()
#5 {main}
CRITICAL - 2021-03-20 22:43:04 --> Your zlib.output_compression ini directive is turned on. This will not work well with output buffers.
#0 /home/wwwinte/public_html/screening/app/Config/Events.php(30): CodeIgniter\Exceptions\FrameworkException::forEnabledZlibOutputCompression()
#1 [internal function]: CodeIgniter\Events\Events::Config\{closure}()
#2 /home/wwwinte/public_html/screening/system/Events/Events.php(166): call_user_func(Object(Closure))
#3 /home/wwwinte/public_html/screening/system/CodeIgniter.php(314): CodeIgniter\Events\Events::trigger('pre_system')
#4 /home/wwwinte/public_html/screening/public/index.php(44): CodeIgniter\CodeIgniter->run()
#5 {main}
CRITICAL - 2021-03-20 22:45:23 --> Your zlib.output_compression ini directive is turned on. This will not work well with output buffers.
#0 /home/wwwinte/public_html/screening/app/Config/Events.php(30): CodeIgniter\Exceptions\FrameworkException::forEnabledZlibOutputCompression()
#1 [internal function]: CodeIgniter\Events\Events::Config\{closure}()
#2 /home/wwwinte/public_html/screening/system/Events/Events.php(166): call_user_func(Object(Closure))
#3 /home/wwwinte/public_html/screening/system/CodeIgniter.php(314): CodeIgniter\Events\Events::trigger('pre_system')
#4 /home/wwwinte/public_html/screening/public/index.php(44): CodeIgniter\CodeIgniter->run()
#5 {main}
CRITICAL - 2021-03-20 22:46:19 --> Your zlib.output_compression ini directive is turned on. This will not work well with output buffers.
#0 /home/wwwinte/public_html/screening/app/Config/Events.php(30): CodeIgniter\Exceptions\FrameworkException::forEnabledZlibOutputCompression()
#1 [internal function]: CodeIgniter\Events\Events::Config\{closure}()
#2 /home/wwwinte/public_html/screening/system/Events/Events.php(166): call_user_func(Object(Closure))
#3 /home/wwwinte/public_html/screening/system/CodeIgniter.php(314): CodeIgniter\Events\Events::trigger('pre_system')
#4 /home/wwwinte/public_html/screening/public/index.php(44): CodeIgniter\CodeIgniter->run()
#5 {main}
CRITICAL - 2021-03-20 22:46:43 --> Your zlib.output_compression ini directive is turned on. This will not work well with output buffers.
#0 /home/wwwinte/public_html/screening/app/Config/Events.php(30): CodeIgniter\Exceptions\FrameworkException::forEnabledZlibOutputCompression()
#1 [internal function]: CodeIgniter\Events\Events::Config\{closure}()
#2 /home/wwwinte/public_html/screening/system/Events/Events.php(166): call_user_func(Object(Closure))
#3 /home/wwwinte/public_html/screening/system/CodeIgniter.php(314): CodeIgniter\Events\Events::trigger('pre_system')
#4 /home/wwwinte/public_html/screening/public/index.php(44): CodeIgniter\CodeIgniter->run()
#5 {main}
ERROR - 2021-03-20 23:03:53 --> Error connecting to the database: Access denied for user ''@'localhost' (using password: NO)
CRITICAL - 2021-03-20 23:03:53 --> Unable to connect to the database.
#0 /home/wwwinte/public_html/screening/system/Database/BaseConnection.php(618): CodeIgniter\Database\BaseConnection->initialize()
#1 /home/wwwinte/public_html/screening/system/Database/BaseConnection.php(1532): CodeIgniter\Database\BaseConnection->query('SHOW TABLES FRO...')
#2 /home/wwwinte/public_html/screening/system/Database/BaseConnection.php(1575): CodeIgniter\Database\BaseConnection->listTables()
#3 /home/wwwinte/public_html/screening/app/Models/GroceryCrudModel.php(43): CodeIgniter\Database\BaseConnection->tableExists('customers')
#4 /home/wwwinte/public_html/screening/app/Libraries/GroceryCrud.php(635): App\Models\GroceryCrudModel->db_table_exists('customers')
#5 /home/wwwinte/public_html/screening/app/Libraries/GroceryCrud.php(4970): App\Libraries\grocery_CRUD_Model_Driver->table_exists('customers')
#6 /home/wwwinte/public_html/screening/app/Libraries/GroceryCrud.php(4450): App\Libraries\GroceryCrud->get_table()
#7 /home/wwwinte/public_html/screening/app/Libraries/GroceryCrud.php(4467): App\Libraries\GroceryCrud->pre_render()
#8 /home/wwwinte/public_html/screening/app/Controllers/Examples.php(13): App\Libraries\GroceryCrud->render()
#9 /home/wwwinte/public_html/screening/system/CodeIgniter.php(936): App\Controllers\Examples->customers_management()
#10 /home/wwwinte/public_html/screening/system/CodeIgniter.php(432): CodeIgniter\CodeIgniter->runController(Object(App\Controllers\Examples))
#11 /home/wwwinte/public_html/screening/system/CodeIgniter.php(333): CodeIgniter\CodeIgniter->handleRequest(NULL, Object(Config\Cache), false)
#12 /home/wwwinte/public_html/screening/public/index.php(44): CodeIgniter\CodeIgniter->run()
#13 {main}
CRITICAL - 2021-03-20 23:05:02 --> The table name does not exist. Please check you database and try again.
#0 /home/wwwinte/public_html/screening/app/Libraries/GroceryCrud.php(4450): App\Libraries\GroceryCrud->get_table()
#1 /home/wwwinte/public_html/screening/app/Libraries/GroceryCrud.php(4467): App\Libraries\GroceryCrud->pre_render()
#2 /home/wwwinte/public_html/screening/app/Controllers/Examples.php(13): App\Libraries\GroceryCrud->render()
#3 /home/wwwinte/public_html/screening/system/CodeIgniter.php(936): App\Controllers\Examples->customers_management()
#4 /home/wwwinte/public_html/screening/system/CodeIgniter.php(432): CodeIgniter\CodeIgniter->runController(Object(App\Controllers\Examples))
#5 /home/wwwinte/public_html/screening/system/CodeIgniter.php(333): CodeIgniter\CodeIgniter->handleRequest(NULL, Object(Config\Cache), false)
#6 /home/wwwinte/public_html/screening/public/index.php(44): CodeIgniter\CodeIgniter->run()
#7 {main}
