CRITICAL - 2021-03-24 00:03:38 --> Class 'GroceryCrudModel' not found
#0 /home/wwwinte/public_html/screening/app/Controllers/Examples.php(126): include()
#1 /home/wwwinte/public_html/screening/system/CodeIgniter.php(936): App\Controllers\Examples->screening_management('edit', '1001')
#2 /home/wwwinte/public_html/screening/system/CodeIgniter.php(432): CodeIgniter\CodeIgniter->runController(Object(App\Controllers\Examples))
#3 /home/wwwinte/public_html/screening/system/CodeIgniter.php(333): CodeIgniter\CodeIgniter->handleRequest(NULL, Object(Config\Cache), false)
#4 /home/wwwinte/public_html/screening/public/index.php(44): CodeIgniter\CodeIgniter->run()
#5 {main}
CRITICAL - 2021-03-24 00:05:52 --> Class 'GroceryCrud\Model' not found
#0 /home/wwwinte/public_html/screening/app/Controllers/Examples.php(126): include()
#1 /home/wwwinte/public_html/screening/system/CodeIgniter.php(936): App\Controllers\Examples->screening_management('edit', '1001')
#2 /home/wwwinte/public_html/screening/system/CodeIgniter.php(432): CodeIgniter\CodeIgniter->runController(Object(App\Controllers\Examples))
#3 /home/wwwinte/public_html/screening/system/CodeIgniter.php(333): CodeIgniter\CodeIgniter->handleRequest(NULL, Object(Config\Cache), false)
#4 /home/wwwinte/public_html/screening/public/index.php(44): CodeIgniter\CodeIgniter->run()
#5 {main}
CRITICAL - 2021-03-24 00:06:20 --> Class 'GroceryCrud\Core\Model' not found
#0 /home/wwwinte/public_html/screening/app/Controllers/Examples.php(126): include()
#1 /home/wwwinte/public_html/screening/system/CodeIgniter.php(936): App\Controllers\Examples->screening_management('edit', '1001')
#2 /home/wwwinte/public_html/screening/system/CodeIgniter.php(432): CodeIgniter\CodeIgniter->runController(Object(App\Controllers\Examples))
#3 /home/wwwinte/public_html/screening/system/CodeIgniter.php(333): CodeIgniter\CodeIgniter->handleRequest(NULL, Object(Config\Cache), false)
#4 /home/wwwinte/public_html/screening/public/index.php(44): CodeIgniter\CodeIgniter->run()
#5 {main}
CRITICAL - 2021-03-24 00:06:47 --> The use statement with non-compound name 'Model' has no effect
#0 /home/wwwinte/public_html/screening/app/Controllers/Examples.php(126): CodeIgniter\Debug\Exceptions->errorHandler(2, 'The use stateme...', '/home/wwwinte/p...', 3, Array)
#1 /home/wwwinte/public_html/screening/app/Controllers/Examples.php(126): include()
#2 /home/wwwinte/public_html/screening/system/CodeIgniter.php(936): App\Controllers\Examples->screening_management('edit', '1001')
#3 /home/wwwinte/public_html/screening/system/CodeIgniter.php(432): CodeIgniter\CodeIgniter->runController(Object(App\Controllers\Examples))
#4 /home/wwwinte/public_html/screening/system/CodeIgniter.php(333): CodeIgniter\CodeIgniter->handleRequest(NULL, Object(Config\Cache), false)
#5 /home/wwwinte/public_html/screening/public/index.php(44): CodeIgniter\CodeIgniter->run()
#6 {main}
CRITICAL - 2021-03-24 00:07:02 --> Class 'GroceryCrud\Core\Model' not found
#0 /home/wwwinte/public_html/screening/app/Controllers/Examples.php(126): include()
#1 /home/wwwinte/public_html/screening/system/CodeIgniter.php(936): App\Controllers\Examples->screening_management('edit', '1001')
#2 /home/wwwinte/public_html/screening/system/CodeIgniter.php(432): CodeIgniter\CodeIgniter->runController(Object(App\Controllers\Examples))
#3 /home/wwwinte/public_html/screening/system/CodeIgniter.php(333): CodeIgniter\CodeIgniter->handleRequest(NULL, Object(Config\Cache), false)
#4 /home/wwwinte/public_html/screening/public/index.php(44): CodeIgniter\CodeIgniter->run()
#5 {main}
CRITICAL - 2021-03-24 00:07:59 --> Class 'GroceryCrud\Core\Model' not found
#0 /home/wwwinte/public_html/screening/app/Controllers/Examples.php(126): include()
#1 /home/wwwinte/public_html/screening/system/CodeIgniter.php(936): App\Controllers\Examples->screening_management('edit', '1001')
#2 /home/wwwinte/public_html/screening/system/CodeIgniter.php(432): CodeIgniter\CodeIgniter->runController(Object(App\Controllers\Examples))
#3 /home/wwwinte/public_html/screening/system/CodeIgniter.php(333): CodeIgniter\CodeIgniter->handleRequest(NULL, Object(Config\Cache), false)
#4 /home/wwwinte/public_html/screening/public/index.php(44): CodeIgniter\CodeIgniter->run()
#5 {main}
CRITICAL - 2021-03-24 00:08:35 --> Class 'GroceryCrud\Core\Model' not found
#0 /home/wwwinte/public_html/screening/app/Controllers/Examples.php(126): include()
#1 /home/wwwinte/public_html/screening/system/CodeIgniter.php(936): App\Controllers\Examples->screening_management('edit', '1001')
#2 /home/wwwinte/public_html/screening/system/CodeIgniter.php(432): CodeIgniter\CodeIgniter->runController(Object(App\Controllers\Examples))
#3 /home/wwwinte/public_html/screening/system/CodeIgniter.php(333): CodeIgniter\CodeIgniter->handleRequest(NULL, Object(Config\Cache), false)
#4 /home/wwwinte/public_html/screening/public/index.php(44): CodeIgniter\CodeIgniter->run()
#5 {main}
CRITICAL - 2021-03-24 00:10:21 --> Class 'GroceryCrud\Core\Model' not found
#0 /home/wwwinte/public_html/screening/app/Controllers/Examples.php(126): include()
#1 /home/wwwinte/public_html/screening/system/CodeIgniter.php(936): App\Controllers\Examples->screening_management('edit', '1001')
#2 /home/wwwinte/public_html/screening/system/CodeIgniter.php(432): CodeIgniter\CodeIgniter->runController(Object(App\Controllers\Examples))
#3 /home/wwwinte/public_html/screening/system/CodeIgniter.php(333): CodeIgniter\CodeIgniter->handleRequest(NULL, Object(Config\Cache), false)
#4 /home/wwwinte/public_html/screening/public/index.php(44): CodeIgniter\CodeIgniter->run()
#5 {main}
CRITICAL - 2021-03-24 00:12:57 --> Class 'GroceryCrud\Core\Model' not found
#0 /home/wwwinte/public_html/screening/app/Controllers/Examples.php(126): include()
#1 /home/wwwinte/public_html/screening/system/CodeIgniter.php(936): App\Controllers\Examples->screening_management('edit', '1001')
#2 /home/wwwinte/public_html/screening/system/CodeIgniter.php(432): CodeIgniter\CodeIgniter->runController(Object(App\Controllers\Examples))
#3 /home/wwwinte/public_html/screening/system/CodeIgniter.php(333): CodeIgniter\CodeIgniter->handleRequest(NULL, Object(Config\Cache), false)
#4 /home/wwwinte/public_html/screening/public/index.php(44): CodeIgniter\CodeIgniter->run()
#5 {main}
CRITICAL - 2021-03-24 00:13:34 --> include(/home/wwwinte/public_html/screening/app/models/InterneticsModel.php): failed to open stream: No such file or directory
#0 /home/wwwinte/public_html/screening/app/Controllers/Examples.php(126): CodeIgniter\Debug\Exceptions->errorHandler(2, 'include(/home/w...', '/home/wwwinte/p...', 126, Array)
#1 /home/wwwinte/public_html/screening/app/Controllers/Examples.php(126): include()
#2 /home/wwwinte/public_html/screening/system/CodeIgniter.php(936): App\Controllers\Examples->screening_management('edit', '1001')
#3 /home/wwwinte/public_html/screening/system/CodeIgniter.php(432): CodeIgniter\CodeIgniter->runController(Object(App\Controllers\Examples))
#4 /home/wwwinte/public_html/screening/system/CodeIgniter.php(333): CodeIgniter\CodeIgniter->handleRequest(NULL, Object(Config\Cache), false)
#5 /home/wwwinte/public_html/screening/public/index.php(44): CodeIgniter\CodeIgniter->run()
#6 {main}
CRITICAL - 2021-03-24 00:13:57 --> Class 'GroceryCrud\Core\Model' not found
#0 /home/wwwinte/public_html/screening/app/Controllers/Examples.php(126): include()
#1 /home/wwwinte/public_html/screening/system/CodeIgniter.php(936): App\Controllers\Examples->screening_management('edit', '1001')
#2 /home/wwwinte/public_html/screening/system/CodeIgniter.php(432): CodeIgniter\CodeIgniter->runController(Object(App\Controllers\Examples))
#3 /home/wwwinte/public_html/screening/system/CodeIgniter.php(333): CodeIgniter\CodeIgniter->handleRequest(NULL, Object(Config\Cache), false)
#4 /home/wwwinte/public_html/screening/public/index.php(44): CodeIgniter\CodeIgniter->run()
#5 {main}
CRITICAL - 2021-03-24 00:14:46 --> Call to undefined method App\Controllers\Examples::_getDbData()
#0 /home/wwwinte/public_html/screening/system/CodeIgniter.php(936): App\Controllers\Examples->screening_management('edit', '1001')
#1 /home/wwwinte/public_html/screening/system/CodeIgniter.php(432): CodeIgniter\CodeIgniter->runController(Object(App\Controllers\Examples))
#2 /home/wwwinte/public_html/screening/system/CodeIgniter.php(333): CodeIgniter\CodeIgniter->handleRequest(NULL, Object(Config\Cache), false)
#3 /home/wwwinte/public_html/screening/public/index.php(44): CodeIgniter\CodeIgniter->run()
#4 {main}
CRITICAL - 2021-03-24 00:15:06 --> Class 'InterneticsModel' not found
#0 /home/wwwinte/public_html/screening/system/CodeIgniter.php(936): App\Controllers\Examples->screening_management('edit', '1001')
#1 /home/wwwinte/public_html/screening/system/CodeIgniter.php(432): CodeIgniter\CodeIgniter->runController(Object(App\Controllers\Examples))
#2 /home/wwwinte/public_html/screening/system/CodeIgniter.php(333): CodeIgniter\CodeIgniter->handleRequest(NULL, Object(Config\Cache), false)
#3 /home/wwwinte/public_html/screening/public/index.php(44): CodeIgniter\CodeIgniter->run()
#4 {main}
CRITICAL - 2021-03-24 00:15:32 --> Class 'App\Controllers\InterneticsModel' not found
#0 /home/wwwinte/public_html/screening/system/CodeIgniter.php(936): App\Controllers\Examples->screening_management('edit', '1001')
#1 /home/wwwinte/public_html/screening/system/CodeIgniter.php(432): CodeIgniter\CodeIgniter->runController(Object(App\Controllers\Examples))
#2 /home/wwwinte/public_html/screening/system/CodeIgniter.php(333): CodeIgniter\CodeIgniter->handleRequest(NULL, Object(Config\Cache), false)
#3 /home/wwwinte/public_html/screening/public/index.php(44): CodeIgniter\CodeIgniter->run()
#4 {main}
CRITICAL - 2021-03-24 00:16:14 --> Class 'Models' not found
#0 /home/wwwinte/public_html/screening/system/CodeIgniter.php(936): App\Controllers\Examples->screening_management('edit', '1001')
#1 /home/wwwinte/public_html/screening/system/CodeIgniter.php(432): CodeIgniter\CodeIgniter->runController(Object(App\Controllers\Examples))
#2 /home/wwwinte/public_html/screening/system/CodeIgniter.php(333): CodeIgniter\CodeIgniter->handleRequest(NULL, Object(Config\Cache), false)
#3 /home/wwwinte/public_html/screening/public/index.php(44): CodeIgniter\CodeIgniter->run()
#4 {main}
CRITICAL - 2021-03-24 00:17:52 --> Class 'GroceryCrudModel' not found
#0 /home/wwwinte/public_html/screening/app/Controllers/Examples.php(126): include()
#1 /home/wwwinte/public_html/screening/system/CodeIgniter.php(936): App\Controllers\Examples->screening_management('edit', '1001')
#2 /home/wwwinte/public_html/screening/system/CodeIgniter.php(432): CodeIgniter\CodeIgniter->runController(Object(App\Controllers\Examples))
#3 /home/wwwinte/public_html/screening/system/CodeIgniter.php(333): CodeIgniter\CodeIgniter->handleRequest(NULL, Object(Config\Cache), false)
#4 /home/wwwinte/public_html/screening/public/index.php(44): CodeIgniter\CodeIgniter->run()
#5 {main}
CRITICAL - 2021-03-24 00:18:37 --> Class 'InterneticsModel' not found
#0 /home/wwwinte/public_html/screening/system/CodeIgniter.php(936): App\Controllers\Examples->screening_management('edit', '1001')
#1 /home/wwwinte/public_html/screening/system/CodeIgniter.php(432): CodeIgniter\CodeIgniter->runController(Object(App\Controllers\Examples))
#2 /home/wwwinte/public_html/screening/system/CodeIgniter.php(333): CodeIgniter\CodeIgniter->handleRequest(NULL, Object(Config\Cache), false)
#3 /home/wwwinte/public_html/screening/public/index.php(44): CodeIgniter\CodeIgniter->run()
#4 {main}
CRITICAL - 2021-03-24 00:18:58 --> Class 'App\Controllers\InterneticsModel' not found
#0 /home/wwwinte/public_html/screening/system/CodeIgniter.php(936): App\Controllers\Examples->screening_management('edit', '1001')
#1 /home/wwwinte/public_html/screening/system/CodeIgniter.php(432): CodeIgniter\CodeIgniter->runController(Object(App\Controllers\Examples))
#2 /home/wwwinte/public_html/screening/system/CodeIgniter.php(333): CodeIgniter\CodeIgniter->handleRequest(NULL, Object(Config\Cache), false)
#3 /home/wwwinte/public_html/screening/public/index.php(44): CodeIgniter\CodeIgniter->run()
#4 {main}
CRITICAL - 2021-03-24 00:19:12 --> Class 'InterneticsModel' not found
#0 /home/wwwinte/public_html/screening/system/CodeIgniter.php(936): App\Controllers\Examples->screening_management('edit', '1001')
#1 /home/wwwinte/public_html/screening/system/CodeIgniter.php(432): CodeIgniter\CodeIgniter->runController(Object(App\Controllers\Examples))
#2 /home/wwwinte/public_html/screening/system/CodeIgniter.php(333): CodeIgniter\CodeIgniter->handleRequest(NULL, Object(Config\Cache), false)
#3 /home/wwwinte/public_html/screening/public/index.php(44): CodeIgniter\CodeIgniter->run()
#4 {main}
CRITICAL - 2021-03-24 00:19:47 --> Class 'App\Controllers\APPPATH' not found
#0 /home/wwwinte/public_html/screening/system/CodeIgniter.php(936): App\Controllers\Examples->screening_management('edit', '1001')
#1 /home/wwwinte/public_html/screening/system/CodeIgniter.php(432): CodeIgniter\CodeIgniter->runController(Object(App\Controllers\Examples))
#2 /home/wwwinte/public_html/screening/system/CodeIgniter.php(333): CodeIgniter\CodeIgniter->handleRequest(NULL, Object(Config\Cache), false)
#3 /home/wwwinte/public_html/screening/public/index.php(44): CodeIgniter\CodeIgniter->run()
#4 {main}
CRITICAL - 2021-03-24 00:20:30 --> Call to undefined function App\Controllers\xxx\InterneticsModel()
#0 /home/wwwinte/public_html/screening/system/CodeIgniter.php(936): App\Controllers\Examples->screening_management('edit', '1001')
#1 /home/wwwinte/public_html/screening/system/CodeIgniter.php(432): CodeIgniter\CodeIgniter->runController(Object(App\Controllers\Examples))
#2 /home/wwwinte/public_html/screening/system/CodeIgniter.php(333): CodeIgniter\CodeIgniter->handleRequest(NULL, Object(Config\Cache), false)
#3 /home/wwwinte/public_html/screening/public/index.php(44): CodeIgniter\CodeIgniter->run()
#4 {main}
CRITICAL - 2021-03-24 00:20:55 --> Call to undefined function App\Controllers\InterneticsModel()
#0 /home/wwwinte/public_html/screening/system/CodeIgniter.php(936): App\Controllers\Examples->screening_management('edit', '1001')
#1 /home/wwwinte/public_html/screening/system/CodeIgniter.php(432): CodeIgniter\CodeIgniter->runController(Object(App\Controllers\Examples))
#2 /home/wwwinte/public_html/screening/system/CodeIgniter.php(333): CodeIgniter\CodeIgniter->handleRequest(NULL, Object(Config\Cache), false)
#3 /home/wwwinte/public_html/screening/public/index.php(44): CodeIgniter\CodeIgniter->run()
#4 {main}
CRITICAL - 2021-03-24 00:21:44 --> Call to undefined function App\Controllers\InterneticsModel()
#0 /home/wwwinte/public_html/screening/system/CodeIgniter.php(936): App\Controllers\Examples->screening_management('edit', '1001')
#1 /home/wwwinte/public_html/screening/system/CodeIgniter.php(432): CodeIgniter\CodeIgniter->runController(Object(App\Controllers\Examples))
#2 /home/wwwinte/public_html/screening/system/CodeIgniter.php(333): CodeIgniter\CodeIgniter->handleRequest(NULL, Object(Config\Cache), false)
#3 /home/wwwinte/public_html/screening/public/index.php(44): CodeIgniter\CodeIgniter->run()
#4 {main}
CRITICAL - 2021-03-24 00:22:29 --> Call to undefined method App\Controllers\Examples::_getDbData()
#0 /home/wwwinte/public_html/screening/system/CodeIgniter.php(936): App\Controllers\Examples->screening_management('edit', '1001')
#1 /home/wwwinte/public_html/screening/system/CodeIgniter.php(432): CodeIgniter\CodeIgniter->runController(Object(App\Controllers\Examples))
#2 /home/wwwinte/public_html/screening/system/CodeIgniter.php(333): CodeIgniter\CodeIgniter->handleRequest(NULL, Object(Config\Cache), false)
#3 /home/wwwinte/public_html/screening/public/index.php(44): CodeIgniter\CodeIgniter->run()
#4 {main}
CRITICAL - 2021-03-24 00:29:42 --> Call to undefined method App\Controllers\Examples::_getDbData()
#0 /home/wwwinte/public_html/screening/system/CodeIgniter.php(936): App\Controllers\Examples->screening_management('edit', '1001')
#1 /home/wwwinte/public_html/screening/system/CodeIgniter.php(432): CodeIgniter\CodeIgniter->runController(Object(App\Controllers\Examples))
#2 /home/wwwinte/public_html/screening/system/CodeIgniter.php(333): CodeIgniter\CodeIgniter->handleRequest(NULL, Object(Config\Cache), false)
#3 /home/wwwinte/public_html/screening/public/index.php(44): CodeIgniter\CodeIgniter->run()
#4 {main}
CRITICAL - 2021-03-24 00:29:51 --> Class 'InterneticsModel' not found
#0 /home/wwwinte/public_html/screening/system/CodeIgniter.php(936): App\Controllers\Examples->screening_management('edit', '1001')
#1 /home/wwwinte/public_html/screening/system/CodeIgniter.php(432): CodeIgniter\CodeIgniter->runController(Object(App\Controllers\Examples))
#2 /home/wwwinte/public_html/screening/system/CodeIgniter.php(333): CodeIgniter\CodeIgniter->handleRequest(NULL, Object(Config\Cache), false)
#3 /home/wwwinte/public_html/screening/public/index.php(44): CodeIgniter\CodeIgniter->run()
#4 {main}
CRITICAL - 2021-03-24 00:30:35 --> syntax error, unexpected ''Models/'' (T_CONSTANT_ENCAPSED_STRING)
#0 /home/wwwinte/public_html/screening/system/Router/Router.php(170): CodeIgniter\Router\Router->autoRoute('examples/screen...')
#1 /home/wwwinte/public_html/screening/system/CodeIgniter.php(816): CodeIgniter\Router\Router->handle('examples/screen...')
#2 /home/wwwinte/public_html/screening/system/CodeIgniter.php(385): CodeIgniter\CodeIgniter->tryToRouteIt(Object(CodeIgniter\Router\RouteCollection))
#3 /home/wwwinte/public_html/screening/system/CodeIgniter.php(333): CodeIgniter\CodeIgniter->handleRequest(NULL, Object(Config\Cache), false)
#4 /home/wwwinte/public_html/screening/public/index.php(44): CodeIgniter\CodeIgniter->run()
#5 {main}
CRITICAL - 2021-03-24 00:31:16 --> syntax error, unexpected '\' (T_NS_SEPARATOR), expecting identifier (T_STRING)
#0 /home/wwwinte/public_html/screening/system/Router/Router.php(170): CodeIgniter\Router\Router->autoRoute('examples/screen...')
#1 /home/wwwinte/public_html/screening/system/CodeIgniter.php(816): CodeIgniter\Router\Router->handle('examples/screen...')
#2 /home/wwwinte/public_html/screening/system/CodeIgniter.php(385): CodeIgniter\CodeIgniter->tryToRouteIt(Object(CodeIgniter\Router\RouteCollection))
#3 /home/wwwinte/public_html/screening/system/CodeIgniter.php(333): CodeIgniter\CodeIgniter->handleRequest(NULL, Object(Config\Cache), false)
#4 /home/wwwinte/public_html/screening/public/index.php(44): CodeIgniter\CodeIgniter->run()
#5 {main}
CRITICAL - 2021-03-24 00:31:31 --> Class 'InterneticsModel' not found
#0 /home/wwwinte/public_html/screening/system/CodeIgniter.php(936): App\Controllers\Examples->screening_management('edit', '1001')
#1 /home/wwwinte/public_html/screening/system/CodeIgniter.php(432): CodeIgniter\CodeIgniter->runController(Object(App\Controllers\Examples))
#2 /home/wwwinte/public_html/screening/system/CodeIgniter.php(333): CodeIgniter\CodeIgniter->handleRequest(NULL, Object(Config\Cache), false)
#3 /home/wwwinte/public_html/screening/public/index.php(44): CodeIgniter\CodeIgniter->run()
#4 {main}
CRITICAL - 2021-03-24 00:37:46 --> Cannot redeclare App\Models\InterneticsModel::get_multiselect_input()
#0 [internal function]: CodeIgniter\Debug\Exceptions->shutdownHandler()
#1 {main}
CRITICAL - 2021-03-24 00:40:12 --> Class 'GroceryCrud\Core\Model' not found
#0 /home/wwwinte/public_html/screening/system/Autoloader/Autoloader.php(294): include_once()
#1 /home/wwwinte/public_html/screening/system/Autoloader/Autoloader.php(265): CodeIgniter\Autoloader\Autoloader->includeFile('/home/wwwinte/p...')
#2 /home/wwwinte/public_html/screening/system/Autoloader/Autoloader.php(228): CodeIgniter\Autoloader\Autoloader->loadInNamespace('App\\Models\\Inte...')
#3 [internal function]: CodeIgniter\Autoloader\Autoloader->loadClass('App\\Models\\Inte...')
#4 [internal function]: spl_autoload_call('App\\Models\\Inte...')
#5 /home/wwwinte/public_html/screening/system/Config/Factories.php(144): class_exists('App\\Models\\Inte...')
#6 /home/wwwinte/public_html/screening/system/Config/Factories.php(109): CodeIgniter\Config\Factories::locateClass(Array, 'App\\Models\\Inte...')
#7 /home/wwwinte/public_html/screening/system/Common.php(847): CodeIgniter\Config\Factories::__callStatic('models', Array)
#8 /home/wwwinte/public_html/screening/app/Controllers/Examples.php(128): model('App\\Models\\Inte...')
#9 /home/wwwinte/public_html/screening/system/CodeIgniter.php(936): App\Controllers\Examples->screening_management('edit', '1001')
#10 /home/wwwinte/public_html/screening/system/CodeIgniter.php(432): CodeIgniter\CodeIgniter->runController(Object(App\Controllers\Examples))
#11 /home/wwwinte/public_html/screening/system/CodeIgniter.php(333): CodeIgniter\CodeIgniter->handleRequest(NULL, Object(Config\Cache), false)
#12 /home/wwwinte/public_html/screening/public/index.php(44): CodeIgniter\CodeIgniter->run()
#13 {main}
CRITICAL - 2021-03-24 00:58:10 --> Class 'InterneticsModel' not found
#0 /home/wwwinte/public_html/screening/system/CodeIgniter.php(936): App\Controllers\Examples->screening_management('add')
#1 /home/wwwinte/public_html/screening/system/CodeIgniter.php(432): CodeIgniter\CodeIgniter->runController(Object(App\Controllers\Examples))
#2 /home/wwwinte/public_html/screening/system/CodeIgniter.php(333): CodeIgniter\CodeIgniter->handleRequest(NULL, Object(Config\Cache), false)
#3 /home/wwwinte/public_html/screening/public/index.php(44): CodeIgniter\CodeIgniter->run()
#4 {main}
CRITICAL - 2021-03-24 00:59:38 --> syntax error, unexpected 'echo' (T_ECHO), expecting function (T_FUNCTION) or const (T_CONST)
#0 /home/wwwinte/public_html/screening/system/Autoloader/Autoloader.php(265): CodeIgniter\Autoloader\Autoloader->includeFile('/home/wwwinte/p...')
#1 /home/wwwinte/public_html/screening/system/Autoloader/Autoloader.php(228): CodeIgniter\Autoloader\Autoloader->loadInNamespace('App\\Models\\Inte...')
#2 [internal function]: CodeIgniter\Autoloader\Autoloader->loadClass('App\\Models\\Inte...')
#3 [internal function]: spl_autoload_call('App\\Models\\Inte...')
#4 /home/wwwinte/public_html/screening/system/Config/Factories.php(144): class_exists('App\\Models\\Inte...')
#5 /home/wwwinte/public_html/screening/system/Config/Factories.php(109): CodeIgniter\Config\Factories::locateClass(Array, 'App\\Models\\Inte...')
#6 /home/wwwinte/public_html/screening/system/Common.php(847): CodeIgniter\Config\Factories::__callStatic('models', Array)
#7 /home/wwwinte/public_html/screening/app/Controllers/Examples.php(128): model('App\\Models\\Inte...')
#8 /home/wwwinte/public_html/screening/system/CodeIgniter.php(936): App\Controllers\Examples->screening_management('edit', '1002')
#9 /home/wwwinte/public_html/screening/system/CodeIgniter.php(432): CodeIgniter\CodeIgniter->runController(Object(App\Controllers\Examples))
#10 /home/wwwinte/public_html/screening/system/CodeIgniter.php(333): CodeIgniter\CodeIgniter->handleRequest(NULL, Object(Config\Cache), false)
#11 /home/wwwinte/public_html/screening/public/index.php(44): CodeIgniter\CodeIgniter->run()
#12 {main}
CRITICAL - 2021-03-24 01:00:30 --> syntax error, unexpected '}', expecting end of file
#0 /home/wwwinte/public_html/screening/system/Autoloader/Autoloader.php(265): CodeIgniter\Autoloader\Autoloader->includeFile('/home/wwwinte/p...')
#1 /home/wwwinte/public_html/screening/system/Autoloader/Autoloader.php(228): CodeIgniter\Autoloader\Autoloader->loadInNamespace('App\\Models\\Inte...')
#2 [internal function]: CodeIgniter\Autoloader\Autoloader->loadClass('App\\Models\\Inte...')
#3 [internal function]: spl_autoload_call('App\\Models\\Inte...')
#4 /home/wwwinte/public_html/screening/system/Config/Factories.php(144): class_exists('App\\Models\\Inte...')
#5 /home/wwwinte/public_html/screening/system/Config/Factories.php(109): CodeIgniter\Config\Factories::locateClass(Array, 'App\\Models\\Inte...')
#6 /home/wwwinte/public_html/screening/system/Common.php(847): CodeIgniter\Config\Factories::__callStatic('models', Array)
#7 /home/wwwinte/public_html/screening/app/Controllers/Examples.php(128): model('App\\Models\\Inte...')
#8 /home/wwwinte/public_html/screening/system/CodeIgniter.php(936): App\Controllers\Examples->screening_management('edit', '1002')
#9 /home/wwwinte/public_html/screening/system/CodeIgniter.php(432): CodeIgniter\CodeIgniter->runController(Object(App\Controllers\Examples))
#10 /home/wwwinte/public_html/screening/system/CodeIgniter.php(333): CodeIgniter\CodeIgniter->handleRequest(NULL, Object(Config\Cache), false)
#11 /home/wwwinte/public_html/screening/public/index.php(44): CodeIgniter\CodeIgniter->run()
#12 {main}
CRITICAL - 2021-03-24 01:02:13 --> syntax error, unexpected 'class' (T_CLASS), expecting function (T_FUNCTION) or const (T_CONST)
#0 /home/wwwinte/public_html/screening/system/Autoloader/Autoloader.php(265): CodeIgniter\Autoloader\Autoloader->includeFile('/home/wwwinte/p...')
#1 /home/wwwinte/public_html/screening/system/Autoloader/Autoloader.php(228): CodeIgniter\Autoloader\Autoloader->loadInNamespace('App\\Models\\Inte...')
#2 [internal function]: CodeIgniter\Autoloader\Autoloader->loadClass('App\\Models\\Inte...')
#3 [internal function]: spl_autoload_call('App\\Models\\Inte...')
#4 /home/wwwinte/public_html/screening/system/Config/Factories.php(144): class_exists('App\\Models\\Inte...')
#5 /home/wwwinte/public_html/screening/system/Config/Factories.php(109): CodeIgniter\Config\Factories::locateClass(Array, 'App\\Models\\Inte...')
#6 /home/wwwinte/public_html/screening/system/Common.php(847): CodeIgniter\Config\Factories::__callStatic('models', Array)
#7 /home/wwwinte/public_html/screening/app/Controllers/Examples.php(128): model('App\\Models\\Inte...')
#8 /home/wwwinte/public_html/screening/system/CodeIgniter.php(936): App\Controllers\Examples->screening_management('edit', '1002')
#9 /home/wwwinte/public_html/screening/system/CodeIgniter.php(432): CodeIgniter\CodeIgniter->runController(Object(App\Controllers\Examples))
#10 /home/wwwinte/public_html/screening/system/CodeIgniter.php(333): CodeIgniter\CodeIgniter->handleRequest(NULL, Object(Config\Cache), false)
#11 /home/wwwinte/public_html/screening/public/index.php(44): CodeIgniter\CodeIgniter->run()
#12 {main}
CRITICAL - 2021-03-24 19:26:04 --> syntax error, unexpected 'echo' (T_ECHO), expecting function (T_FUNCTION) or const (T_CONST)
#0 /home/wwwinte/public_html/screening/system/Autoloader/Autoloader.php(265): CodeIgniter\Autoloader\Autoloader->includeFile('/home/wwwinte/p...')
#1 /home/wwwinte/public_html/screening/system/Autoloader/Autoloader.php(228): CodeIgniter\Autoloader\Autoloader->loadInNamespace('App\\Models\\Inte...')
#2 [internal function]: CodeIgniter\Autoloader\Autoloader->loadClass('App\\Models\\Inte...')
#3 [internal function]: spl_autoload_call('App\\Models\\Inte...')
#4 /home/wwwinte/public_html/screening/system/Config/Factories.php(144): class_exists('App\\Models\\Inte...')
#5 /home/wwwinte/public_html/screening/system/Config/Factories.php(109): CodeIgniter\Config\Factories::locateClass(Array, 'App\\Models\\Inte...')
#6 /home/wwwinte/public_html/screening/system/Common.php(847): CodeIgniter\Config\Factories::__callStatic('models', Array)
#7 /home/wwwinte/public_html/screening/app/Controllers/Examples.php(128): model('App\\Models\\Inte...')
#8 /home/wwwinte/public_html/screening/system/CodeIgniter.php(936): App\Controllers\Examples->screening_management('edit', '1001')
#9 /home/wwwinte/public_html/screening/system/CodeIgniter.php(432): CodeIgniter\CodeIgniter->runController(Object(App\Controllers\Examples))
#10 /home/wwwinte/public_html/screening/system/CodeIgniter.php(333): CodeIgniter\CodeIgniter->handleRequest(NULL, Object(Config\Cache), false)
#11 /home/wwwinte/public_html/screening/public/index.php(44): CodeIgniter\CodeIgniter->run()
#12 {main}
CRITICAL - 2021-03-24 19:26:40 --> syntax error, unexpected 'echo' (T_ECHO), expecting function (T_FUNCTION) or const (T_CONST)
#0 /home/wwwinte/public_html/screening/system/Autoloader/Autoloader.php(265): CodeIgniter\Autoloader\Autoloader->includeFile('/home/wwwinte/p...')
#1 /home/wwwinte/public_html/screening/system/Autoloader/Autoloader.php(228): CodeIgniter\Autoloader\Autoloader->loadInNamespace('App\\Models\\Inte...')
#2 [internal function]: CodeIgniter\Autoloader\Autoloader->loadClass('App\\Models\\Inte...')
#3 [internal function]: spl_autoload_call('App\\Models\\Inte...')
#4 /home/wwwinte/public_html/screening/system/Config/Factories.php(144): class_exists('App\\Models\\Inte...')
#5 /home/wwwinte/public_html/screening/system/Config/Factories.php(109): CodeIgniter\Config\Factories::locateClass(Array, 'App\\Models\\Inte...')
#6 /home/wwwinte/public_html/screening/system/Common.php(847): CodeIgniter\Config\Factories::__callStatic('models', Array)
#7 /home/wwwinte/public_html/screening/app/Controllers/Examples.php(128): model('App\\Models\\Inte...')
#8 /home/wwwinte/public_html/screening/system/CodeIgniter.php(936): App\Controllers\Examples->screening_management('edit', '1001')
#9 /home/wwwinte/public_html/screening/system/CodeIgniter.php(432): CodeIgniter\CodeIgniter->runController(Object(App\Controllers\Examples))
#10 /home/wwwinte/public_html/screening/system/CodeIgniter.php(333): CodeIgniter\CodeIgniter->handleRequest(NULL, Object(Config\Cache), false)
#11 /home/wwwinte/public_html/screening/public/index.php(44): CodeIgniter\CodeIgniter->run()
#12 {main}
CRITICAL - 2021-03-24 19:28:16 --> syntax error, unexpected 'console' (T_STRING), expecting function (T_FUNCTION) or const (T_CONST)
#0 /home/wwwinte/public_html/screening/system/Autoloader/Autoloader.php(265): CodeIgniter\Autoloader\Autoloader->includeFile('/home/wwwinte/p...')
#1 /home/wwwinte/public_html/screening/system/Autoloader/Autoloader.php(228): CodeIgniter\Autoloader\Autoloader->loadInNamespace('App\\Models\\Inte...')
#2 [internal function]: CodeIgniter\Autoloader\Autoloader->loadClass('App\\Models\\Inte...')
#3 [internal function]: spl_autoload_call('App\\Models\\Inte...')
#4 /home/wwwinte/public_html/screening/system/Config/Factories.php(144): class_exists('App\\Models\\Inte...')
#5 /home/wwwinte/public_html/screening/system/Config/Factories.php(109): CodeIgniter\Config\Factories::locateClass(Array, 'App\\Models\\Inte...')
#6 /home/wwwinte/public_html/screening/system/Common.php(847): CodeIgniter\Config\Factories::__callStatic('models', Array)
#7 /home/wwwinte/public_html/screening/app/Controllers/Examples.php(128): model('App\\Models\\Inte...')
#8 /home/wwwinte/public_html/screening/system/CodeIgniter.php(936): App\Controllers\Examples->screening_management('edit', '1001')
#9 /home/wwwinte/public_html/screening/system/CodeIgniter.php(432): CodeIgniter\CodeIgniter->runController(Object(App\Controllers\Examples))
#10 /home/wwwinte/public_html/screening/system/CodeIgniter.php(333): CodeIgniter\CodeIgniter->handleRequest(NULL, Object(Config\Cache), false)
#11 /home/wwwinte/public_html/screening/public/index.php(44): CodeIgniter\CodeIgniter->run()
#12 {main}
CRITICAL - 2021-03-24 19:28:37 --> Use of undefined constant console - assumed 'console' (this will throw an Error in a future version of PHP)
#0 /home/wwwinte/public_html/screening/app/Models/InterneticsModel.php(5): CodeIgniter\Debug\Exceptions->errorHandler(2, 'Use of undefine...', '/home/wwwinte/p...', 5, Array)
#1 /home/wwwinte/public_html/screening/system/Autoloader/Autoloader.php(294): include_once('/home/wwwinte/p...')
#2 /home/wwwinte/public_html/screening/system/Autoloader/Autoloader.php(265): CodeIgniter\Autoloader\Autoloader->includeFile('/home/wwwinte/p...')
#3 /home/wwwinte/public_html/screening/system/Autoloader/Autoloader.php(228): CodeIgniter\Autoloader\Autoloader->loadInNamespace('App\\Models\\Inte...')
#4 [internal function]: CodeIgniter\Autoloader\Autoloader->loadClass('App\\Models\\Inte...')
#5 [internal function]: spl_autoload_call('App\\Models\\Inte...')
#6 /home/wwwinte/public_html/screening/system/Config/Factories.php(144): class_exists('App\\Models\\Inte...')
#7 /home/wwwinte/public_html/screening/system/Config/Factories.php(109): CodeIgniter\Config\Factories::locateClass(Array, 'App\\Models\\Inte...')
#8 /home/wwwinte/public_html/screening/system/Common.php(847): CodeIgniter\Config\Factories::__callStatic('models', Array)
#9 /home/wwwinte/public_html/screening/app/Controllers/Examples.php(128): model('App\\Models\\Inte...')
#10 /home/wwwinte/public_html/screening/system/CodeIgniter.php(936): App\Controllers\Examples->screening_management('edit', '1001')
#11 /home/wwwinte/public_html/screening/system/CodeIgniter.php(432): CodeIgniter\CodeIgniter->runController(Object(App\Controllers\Examples))
#12 /home/wwwinte/public_html/screening/system/CodeIgniter.php(333): CodeIgniter\CodeIgniter->handleRequest(NULL, Object(Config\Cache), false)
#13 /home/wwwinte/public_html/screening/public/index.php(44): CodeIgniter\CodeIgniter->run()
#14 {main}
CRITICAL - 2021-03-24 19:29:28 --> syntax error, unexpected 'public' (T_PUBLIC), expecting end of file
#0 /home/wwwinte/public_html/screening/system/Autoloader/Autoloader.php(265): CodeIgniter\Autoloader\Autoloader->includeFile('/home/wwwinte/p...')
#1 /home/wwwinte/public_html/screening/system/Autoloader/Autoloader.php(228): CodeIgniter\Autoloader\Autoloader->loadInNamespace('App\\Models\\Inte...')
#2 [internal function]: CodeIgniter\Autoloader\Autoloader->loadClass('App\\Models\\Inte...')
#3 [internal function]: spl_autoload_call('App\\Models\\Inte...')
#4 /home/wwwinte/public_html/screening/system/Config/Factories.php(144): class_exists('App\\Models\\Inte...')
#5 /home/wwwinte/public_html/screening/system/Config/Factories.php(109): CodeIgniter\Config\Factories::locateClass(Array, 'App\\Models\\Inte...')
#6 /home/wwwinte/public_html/screening/system/Common.php(847): CodeIgniter\Config\Factories::__callStatic('models', Array)
#7 /home/wwwinte/public_html/screening/app/Controllers/Examples.php(128): model('App\\Models\\Inte...')
#8 /home/wwwinte/public_html/screening/system/CodeIgniter.php(936): App\Controllers\Examples->screening_management('edit', '1001')
#9 /home/wwwinte/public_html/screening/system/CodeIgniter.php(432): CodeIgniter\CodeIgniter->runController(Object(App\Controllers\Examples))
#10 /home/wwwinte/public_html/screening/system/CodeIgniter.php(333): CodeIgniter\CodeIgniter->handleRequest(NULL, Object(Config\Cache), false)
#11 /home/wwwinte/public_html/screening/public/index.php(44): CodeIgniter\CodeIgniter->run()
#12 {main}
CRITICAL - 2021-03-24 19:29:52 --> syntax error, unexpected 'public' (T_PUBLIC), expecting end of file
#0 /home/wwwinte/public_html/screening/system/Autoloader/Autoloader.php(265): CodeIgniter\Autoloader\Autoloader->includeFile('/home/wwwinte/p...')
#1 /home/wwwinte/public_html/screening/system/Autoloader/Autoloader.php(228): CodeIgniter\Autoloader\Autoloader->loadInNamespace('App\\Models\\Inte...')
#2 [internal function]: CodeIgniter\Autoloader\Autoloader->loadClass('App\\Models\\Inte...')
#3 [internal function]: spl_autoload_call('App\\Models\\Inte...')
#4 /home/wwwinte/public_html/screening/system/Config/Factories.php(144): class_exists('App\\Models\\Inte...')
#5 /home/wwwinte/public_html/screening/system/Config/Factories.php(109): CodeIgniter\Config\Factories::locateClass(Array, 'App\\Models\\Inte...')
#6 /home/wwwinte/public_html/screening/system/Common.php(847): CodeIgniter\Config\Factories::__callStatic('models', Array)
#7 /home/wwwinte/public_html/screening/app/Controllers/Examples.php(128): model('App\\Models\\Inte...')
#8 /home/wwwinte/public_html/screening/system/CodeIgniter.php(936): App\Controllers\Examples->screening_management('edit', '1001')
#9 /home/wwwinte/public_html/screening/system/CodeIgniter.php(432): CodeIgniter\CodeIgniter->runController(Object(App\Controllers\Examples))
#10 /home/wwwinte/public_html/screening/system/CodeIgniter.php(333): CodeIgniter\CodeIgniter->handleRequest(NULL, Object(Config\Cache), false)
#11 /home/wwwinte/public_html/screening/public/index.php(44): CodeIgniter\CodeIgniter->run()
#12 {main}
