CRITICAL - 2021-04-09 01:36:57 --> Undefined variable: css_files
#0 /home/wwwinte/public_html/screening/app/Views/product_view.php(7): CodeIgniter\Debug\Exceptions->errorHandler(8, 'Undefined varia...', '/home/wwwinte/p...', 7, Array)
#1 /home/wwwinte/public_html/screening/system/View/View.php(220): include('/home/wwwinte/p...')
#2 /home/wwwinte/public_html/screening/system/View/View.php(222): CodeIgniter\View\View->CodeIgniter\View\{closure}()
#3 /home/wwwinte/public_html/screening/system/Common.php(1217): CodeIgniter\View\View->render('product_view', Array, true)
#4 /home/wwwinte/public_html/screening/app/Controllers/Home.php(9): view('product_view')
#5 /home/wwwinte/public_html/screening/system/CodeIgniter.php(936): App\Controllers\Home->index()
#6 /home/wwwinte/public_html/screening/system/CodeIgniter.php(432): CodeIgniter\CodeIgniter->runController(Object(App\Controllers\Home))
#7 /home/wwwinte/public_html/screening/system/CodeIgniter.php(333): CodeIgniter\CodeIgniter->handleRequest(NULL, Object(Config\Cache), false)
#8 /home/wwwinte/public_html/screening/public/index.php(44): CodeIgniter\CodeIgniter->run()
#9 {main}
CRITICAL - 2021-04-09 02:44:08 --> implode(): Invalid arguments passed
#0 [internal function]: CodeIgniter\Debug\Exceptions->errorHandler(2, 'implode(): Inva...', '/home/wwwinte/p...', 1089, Array)
#1 /home/wwwinte/public_html/screening/app/Libraries/GroceryCrud.php(1089): implode(',', '2')
#2 /home/wwwinte/public_html/screening/app/Libraries/GroceryCrud.php(4570): App\Libraries\grocery_CRUD_Model_Driver->db_update(Object(stdClass))
#3 /home/wwwinte/public_html/screening/app/Controllers/Product.php(265): App\Libraries\GroceryCrud->render()
#4 /home/wwwinte/public_html/screening/system/CodeIgniter.php(936): App\Controllers\Product->screening_management('update', '1013')
#5 /home/wwwinte/public_html/screening/system/CodeIgniter.php(432): CodeIgniter\CodeIgniter->runController(Object(App\Controllers\Product))
#6 /home/wwwinte/public_html/screening/system/CodeIgniter.php(333): CodeIgniter\CodeIgniter->handleRequest(NULL, Object(Config\Cache), false)
#7 /home/wwwinte/public_html/screening/public/index.php(44): CodeIgniter\CodeIgniter->run()
#8 {main}
CRITICAL - 2021-04-09 02:45:07 --> implode(): Invalid arguments passed
#0 [internal function]: CodeIgniter\Debug\Exceptions->errorHandler(2, 'implode(): Inva...', '/home/wwwinte/p...', 1089, Array)
#1 /home/wwwinte/public_html/screening/app/Libraries/GroceryCrud.php(1089): implode(',', '2')
#2 /home/wwwinte/public_html/screening/app/Libraries/GroceryCrud.php(4570): App\Libraries\grocery_CRUD_Model_Driver->db_update(Object(stdClass))
#3 /home/wwwinte/public_html/screening/app/Controllers/Product.php(265): App\Libraries\GroceryCrud->render()
#4 /home/wwwinte/public_html/screening/system/CodeIgniter.php(936): App\Controllers\Product->screening_management('update', '1013')
#5 /home/wwwinte/public_html/screening/system/CodeIgniter.php(432): CodeIgniter\CodeIgniter->runController(Object(App\Controllers\Product))
#6 /home/wwwinte/public_html/screening/system/CodeIgniter.php(333): CodeIgniter\CodeIgniter->handleRequest(NULL, Object(Config\Cache), false)
#7 /home/wwwinte/public_html/screening/public/index.php(44): CodeIgniter\CodeIgniter->run()
#8 {main}
