INFO - 2022-03-02 05:40:22 --> Session: Class initialized using 'CodeIgniter\Session\Handlers\FileHandler' driver.
WARNING - 2022-03-02 05:40:22 --> Session: Sessions is enabled, and one exists.Please don't $session->start();
INFO - 2022-03-02 05:40:27 --> Session: Class initialized using 'CodeIgniter\Session\Handlers\FileHandler' driver.
INFO - 2022-03-02 05:40:27 --> Session: Class initialized using 'CodeIgniter\Session\Handlers\FileHandler' driver.
INFO - 2022-03-02 05:40:30 --> Session: Class initialized using 'CodeIgniter\Session\Handlers\FileHandler' driver.
INFO - 2022-03-02 05:40:32 --> Session: Class initialized using 'CodeIgniter\Session\Handlers\FileHandler' driver.
INFO - 2022-03-02 05:40:34 --> Session: Class initialized using 'CodeIgniter\Session\Handlers\FileHandler' driver.
WARNING - 2022-03-02 05:40:34 --> Session: Sessions is enabled, and one exists.Please don't $session->start();
INFO - 2022-03-02 05:42:27 --> Session: Class initialized using 'CodeIgniter\Session\Handlers\FileHandler' driver.
WARNING - 2022-03-02 05:42:27 --> Session: Sessions is enabled, and one exists.Please don't $session->start();
INFO - 2022-03-02 05:43:28 --> Session: Class initialized using 'CodeIgniter\Session\Handlers\FileHandler' driver.
WARNING - 2022-03-02 05:43:28 --> Session: Sessions is enabled, and one exists.Please don't $session->start();
INFO - 2022-03-02 05:45:04 --> Session: Class initialized using 'CodeIgniter\Session\Handlers\FileHandler' driver.
WARNING - 2022-03-02 05:45:04 --> Session: Sessions is enabled, and one exists.Please don't $session->start();
INFO - 2022-03-02 05:45:50 --> Session: Class initialized using 'CodeIgniter\Session\Handlers\FileHandler' driver.
WARNING - 2022-03-02 05:45:50 --> Session: Sessions is enabled, and one exists.Please don't $session->start();
INFO - 2022-03-02 05:46:32 --> Session: Class initialized using 'CodeIgniter\Session\Handlers\FileHandler' driver.
WARNING - 2022-03-02 05:46:32 --> Session: Sessions is enabled, and one exists.Please don't $session->start();
INFO - 2022-03-02 05:47:43 --> Session: Class initialized using 'CodeIgniter\Session\Handlers\FileHandler' driver.
WARNING - 2022-03-02 05:47:43 --> Session: Sessions is enabled, and one exists.Please don't $session->start();
INFO - 2022-03-02 05:47:47 --> Session: Class initialized using 'CodeIgniter\Session\Handlers\FileHandler' driver.
INFO - 2022-03-02 05:47:49 --> Session: Class initialized using 'CodeIgniter\Session\Handlers\FileHandler' driver.
INFO - 2022-03-02 05:47:50 --> Session: Class initialized using 'CodeIgniter\Session\Handlers\FileHandler' driver.
WARNING - 2022-03-02 05:47:50 --> Session: Sessions is enabled, and one exists.Please don't $session->start();
INFO - 2022-03-02 05:48:56 --> Session: Class initialized using 'CodeIgniter\Session\Handlers\FileHandler' driver.
WARNING - 2022-03-02 05:48:56 --> Session: Sessions is enabled, and one exists.Please don't $session->start();
INFO - 2022-03-02 05:49:58 --> Session: Class initialized using 'CodeIgniter\Session\Handlers\FileHandler' driver.
WARNING - 2022-03-02 05:49:58 --> Session: Sessions is enabled, and one exists.Please don't $session->start();
INFO - 2022-03-02 05:50:02 --> Session: Class initialized using 'CodeIgniter\Session\Handlers\FileHandler' driver.
WARNING - 2022-03-02 05:50:02 --> Session: Sessions is enabled, and one exists.Please don't $session->start();
INFO - 2022-03-02 05:52:56 --> Session: Class initialized using 'CodeIgniter\Session\Handlers\FileHandler' driver.
WARNING - 2022-03-02 05:52:56 --> Session: Sessions is enabled, and one exists.Please don't $session->start();
INFO - 2022-03-02 05:55:29 --> Session: Class initialized using 'CodeIgniter\Session\Handlers\FileHandler' driver.
WARNING - 2022-03-02 05:55:29 --> Session: Sessions is enabled, and one exists.Please don't $session->start();
INFO - 2022-03-02 05:56:22 --> Session: Class initialized using 'CodeIgniter\Session\Handlers\FileHandler' driver.
WARNING - 2022-03-02 05:56:22 --> Session: Sessions is enabled, and one exists.Please don't $session->start();
INFO - 2022-03-02 05:58:45 --> Session: Class initialized using 'CodeIgniter\Session\Handlers\FileHandler' driver.
WARNING - 2022-03-02 05:58:45 --> Session: Sessions is enabled, and one exists.Please don't $session->start();
INFO - 2022-03-02 06:00:06 --> Session: Class initialized using 'CodeIgniter\Session\Handlers\FileHandler' driver.
WARNING - 2022-03-02 06:00:06 --> Session: Sessions is enabled, and one exists.Please don't $session->start();
INFO - 2022-03-02 06:00:53 --> Session: Class initialized using 'CodeIgniter\Session\Handlers\FileHandler' driver.
WARNING - 2022-03-02 06:00:53 --> Session: Sessions is enabled, and one exists.Please don't $session->start();
INFO - 2022-03-02 06:02:49 --> Session: Class initialized using 'CodeIgniter\Session\Handlers\FileHandler' driver.
WARNING - 2022-03-02 06:02:49 --> Session: Sessions is enabled, and one exists.Please don't $session->start();
INFO - 2022-03-02 06:02:53 --> Session: Class initialized using 'CodeIgniter\Session\Handlers\FileHandler' driver.
WARNING - 2022-03-02 06:02:53 --> Session: Sessions is enabled, and one exists.Please don't $session->start();
INFO - 2022-03-02 06:03:00 --> Session: Class initialized using 'CodeIgniter\Session\Handlers\FileHandler' driver.
WARNING - 2022-03-02 06:03:00 --> Session: Sessions is enabled, and one exists.Please don't $session->start();
INFO - 2022-03-02 06:03:01 --> Session: Class initialized using 'CodeIgniter\Session\Handlers\FileHandler' driver.
WARNING - 2022-03-02 06:03:01 --> Session: Sessions is enabled, and one exists.Please don't $session->start();
INFO - 2022-03-02 06:03:03 --> Session: Class initialized using 'CodeIgniter\Session\Handlers\FileHandler' driver.
WARNING - 2022-03-02 06:03:03 --> Session: Sessions is enabled, and one exists.Please don't $session->start();
INFO - 2022-03-02 06:03:42 --> Session: Class initialized using 'CodeIgniter\Session\Handlers\FileHandler' driver.
WARNING - 2022-03-02 06:03:42 --> Session: Sessions is enabled, and one exists.Please don't $session->start();
INFO - 2022-03-02 06:03:44 --> Session: Class initialized using 'CodeIgniter\Session\Handlers\FileHandler' driver.
WARNING - 2022-03-02 06:03:44 --> Session: Sessions is enabled, and one exists.Please don't $session->start();
INFO - 2022-03-02 06:03:47 --> Session: Class initialized using 'CodeIgniter\Session\Handlers\FileHandler' driver.
WARNING - 2022-03-02 06:03:47 --> Session: Sessions is enabled, and one exists.Please don't $session->start();
INFO - 2022-03-02 06:03:51 --> Session: Class initialized using 'CodeIgniter\Session\Handlers\FileHandler' driver.
WARNING - 2022-03-02 06:03:51 --> Session: Sessions is enabled, and one exists.Please don't $session->start();
INFO - 2022-03-02 06:04:38 --> Session: Class initialized using 'CodeIgniter\Session\Handlers\FileHandler' driver.
WARNING - 2022-03-02 06:04:38 --> Session: Sessions is enabled, and one exists.Please don't $session->start();
INFO - 2022-03-02 06:04:41 --> Session: Class initialized using 'CodeIgniter\Session\Handlers\FileHandler' driver.
WARNING - 2022-03-02 06:04:41 --> Session: Sessions is enabled, and one exists.Please don't $session->start();
CRITICAL - 2022-03-02 06:04:41 --> Undefined variable: meta_title
#0 /var/www/html/mymisdiagnosis/app/Views/auth_internetics/header_open_with_scripts.php(7): CodeIgniter\Debug\Exceptions->errorHandler(8, 'Undefined varia...', '/var/www/html/m...', 7, Array)
#1 /var/www/html/mymisdiagnosis/system/View/View.php(220): include('/var/www/html/m...')
#2 /var/www/html/mymisdiagnosis/system/View/View.php(222): CodeIgniter\View\View->CodeIgniter\View\{closure}()
#3 /var/www/html/mymisdiagnosis/system/Common.php(1217): CodeIgniter\View\View->render('auth_internetic...', Array, true)
#4 /var/www/html/mymisdiagnosis/app/Controllers/Record.php(193): view('auth_internetic...', Array)
#5 /var/www/html/mymisdiagnosis/system/CodeIgniter.php(936): App\Controllers\Record->display('<', 'psychogenic-att...')
#6 /var/www/html/mymisdiagnosis/system/CodeIgniter.php(432): CodeIgniter\CodeIgniter->runController(Object(App\Controllers\Record))
#7 /var/www/html/mymisdiagnosis/system/CodeIgniter.php(333): CodeIgniter\CodeIgniter->handleRequest(NULL, Object(Config\Cache), false)
#8 /var/www/html/mymisdiagnosis/index.php(44): CodeIgniter\CodeIgniter->run()
#9 {main}
INFO - 2022-03-02 06:05:02 --> Session: Class initialized using 'CodeIgniter\Session\Handlers\FileHandler' driver.
INFO - 2022-03-02 06:05:03 --> Session: Class initialized using 'CodeIgniter\Session\Handlers\FileHandler' driver.
INFO - 2022-03-02 06:05:04 --> Session: Class initialized using 'CodeIgniter\Session\Handlers\FileHandler' driver.
INFO - 2022-03-02 06:06:22 --> Session: Class initialized using 'CodeIgniter\Session\Handlers\FileHandler' driver.
WARNING - 2022-03-02 06:06:22 --> Session: Sessions is enabled, and one exists.Please don't $session->start();
INFO - 2022-03-02 06:06:25 --> Session: Class initialized using 'CodeIgniter\Session\Handlers\FileHandler' driver.
INFO - 2022-03-02 06:06:47 --> Session: Class initialized using 'CodeIgniter\Session\Handlers\FileHandler' driver.
WARNING - 2022-03-02 06:06:47 --> Session: Sessions is enabled, and one exists.Please don't $session->start();
INFO - 2022-03-02 06:06:53 --> Session: Class initialized using 'CodeIgniter\Session\Handlers\FileHandler' driver.
INFO - 2022-03-02 06:07:24 --> Session: Class initialized using 'CodeIgniter\Session\Handlers\FileHandler' driver.
INFO - 2022-03-02 06:07:24 --> Session: Class initialized using 'CodeIgniter\Session\Handlers\FileHandler' driver.
INFO - 2022-03-02 06:07:25 --> Session: Class initialized using 'CodeIgniter\Session\Handlers\FileHandler' driver.
INFO - 2022-03-02 06:07:30 --> Session: Class initialized using 'CodeIgniter\Session\Handlers\FileHandler' driver.
WARNING - 2022-03-02 06:07:30 --> Session: Sessions is enabled, and one exists.Please don't $session->start();
INFO - 2022-03-02 06:08:02 --> Session: Class initialized using 'CodeIgniter\Session\Handlers\FileHandler' driver.
WARNING - 2022-03-02 06:08:02 --> Session: Sessions is enabled, and one exists.Please don't $session->start();
INFO - 2022-03-02 06:11:00 --> Session: Class initialized using 'CodeIgniter\Session\Handlers\FileHandler' driver.
WARNING - 2022-03-02 06:11:00 --> Session: Sessions is enabled, and one exists.Please don't $session->start();
INFO - 2022-03-02 06:11:16 --> Session: Class initialized using 'CodeIgniter\Session\Handlers\FileHandler' driver.
WARNING - 2022-03-02 06:11:16 --> Session: Sessions is enabled, and one exists.Please don't $session->start();
INFO - 2022-03-02 06:11:37 --> Session: Class initialized using 'CodeIgniter\Session\Handlers\FileHandler' driver.
WARNING - 2022-03-02 06:11:37 --> Session: Sessions is enabled, and one exists.Please don't $session->start();
INFO - 2022-03-02 06:12:35 --> Session: Class initialized using 'CodeIgniter\Session\Handlers\FileHandler' driver.
INFO - 2022-03-02 06:12:51 --> Session: Class initialized using 'CodeIgniter\Session\Handlers\FileHandler' driver.
INFO - 2022-03-02 06:12:52 --> Session: Class initialized using 'CodeIgniter\Session\Handlers\FileHandler' driver.
INFO - 2022-03-02 06:12:52 --> Session: Class initialized using 'CodeIgniter\Session\Handlers\FileHandler' driver.
INFO - 2022-03-02 06:12:58 --> Session: Class initialized using 'CodeIgniter\Session\Handlers\FileHandler' driver.
WARNING - 2022-03-02 06:12:58 --> Session: Sessions is enabled, and one exists.Please don't $session->start();
INFO - 2022-03-02 06:13:44 --> Session: Class initialized using 'CodeIgniter\Session\Handlers\FileHandler' driver.
WARNING - 2022-03-02 06:13:44 --> Session: Sessions is enabled, and one exists.Please don't $session->start();
INFO - 2022-03-02 06:13:48 --> Session: Class initialized using 'CodeIgniter\Session\Handlers\FileHandler' driver.
INFO - 2022-03-02 06:14:01 --> Session: Class initialized using 'CodeIgniter\Session\Handlers\FileHandler' driver.
INFO - 2022-03-02 06:14:01 --> Session: Class initialized using 'CodeIgniter\Session\Handlers\FileHandler' driver.
INFO - 2022-03-02 06:14:01 --> Session: Class initialized using 'CodeIgniter\Session\Handlers\FileHandler' driver.
INFO - 2022-03-02 06:14:04 --> Session: Class initialized using 'CodeIgniter\Session\Handlers\FileHandler' driver.
WARNING - 2022-03-02 06:14:04 --> Session: Sessions is enabled, and one exists.Please don't $session->start();
INFO - 2022-03-02 06:15:08 --> Session: Class initialized using 'CodeIgniter\Session\Handlers\FileHandler' driver.
WARNING - 2022-03-02 06:15:08 --> Session: Sessions is enabled, and one exists.Please don't $session->start();
INFO - 2022-03-02 06:15:24 --> Session: Class initialized using 'CodeIgniter\Session\Handlers\FileHandler' driver.
WARNING - 2022-03-02 06:15:25 --> Session: Sessions is enabled, and one exists.Please don't $session->start();
INFO - 2022-03-02 06:15:50 --> Session: Class initialized using 'CodeIgniter\Session\Handlers\FileHandler' driver.
WARNING - 2022-03-02 06:15:50 --> Session: Sessions is enabled, and one exists.Please don't $session->start();
INFO - 2022-03-02 06:16:06 --> Session: Class initialized using 'CodeIgniter\Session\Handlers\FileHandler' driver.
INFO - 2022-03-02 06:16:15 --> Session: Class initialized using 'CodeIgniter\Session\Handlers\FileHandler' driver.
INFO - 2022-03-02 06:16:16 --> Session: Class initialized using 'CodeIgniter\Session\Handlers\FileHandler' driver.
INFO - 2022-03-02 06:16:16 --> Session: Class initialized using 'CodeIgniter\Session\Handlers\FileHandler' driver.
INFO - 2022-03-02 06:16:22 --> Session: Class initialized using 'CodeIgniter\Session\Handlers\FileHandler' driver.
WARNING - 2022-03-02 06:16:22 --> Session: Sessions is enabled, and one exists.Please don't $session->start();
INFO - 2022-03-02 06:18:23 --> Session: Class initialized using 'CodeIgniter\Session\Handlers\FileHandler' driver.
WARNING - 2022-03-02 06:18:23 --> Session: Sessions is enabled, and one exists.Please don't $session->start();
INFO - 2022-03-02 06:20:26 --> Session: Class initialized using 'CodeIgniter\Session\Handlers\FileHandler' driver.
INFO - 2022-03-02 06:24:21 --> Session: Class initialized using 'CodeIgniter\Session\Handlers\FileHandler' driver.
WARNING - 2022-03-02 06:24:21 --> Session: Sessions is enabled, and one exists.Please don't $session->start();
CRITICAL - 2022-03-02 06:24:21 --> Undefined index: record_url_ref_1
#0 /var/www/html/mymisdiagnosis/app/Views/record_individual.php(78): CodeIgniter\Debug\Exceptions->errorHandler(8, 'Undefined index...', '/var/www/html/m...', 78, Array)
#1 /var/www/html/mymisdiagnosis/system/View/View.php(220): include('/var/www/html/m...')
#2 /var/www/html/mymisdiagnosis/system/View/View.php(222): CodeIgniter\View\View->CodeIgniter\View\{closure}()
#3 /var/www/html/mymisdiagnosis/system/Common.php(1217): CodeIgniter\View\View->render('record_individu...', Array, true)
#4 /var/www/html/mymisdiagnosis/app/Controllers/Record.php(196): view('record_individu...', Array)
#5 /var/www/html/mymisdiagnosis/system/CodeIgniter.php(936): App\Controllers\Record->display('572', 'psychogenic-att...')
#6 /var/www/html/mymisdiagnosis/system/CodeIgniter.php(432): CodeIgniter\CodeIgniter->runController(Object(App\Controllers\Record))
#7 /var/www/html/mymisdiagnosis/system/CodeIgniter.php(333): CodeIgniter\CodeIgniter->handleRequest(NULL, Object(Config\Cache), false)
#8 /var/www/html/mymisdiagnosis/index.php(44): CodeIgniter\CodeIgniter->run()
#9 {main}
INFO - 2022-03-02 06:27:55 --> Session: Class initialized using 'CodeIgniter\Session\Handlers\FileHandler' driver.
WARNING - 2022-03-02 06:27:55 --> Session: Sessions is enabled, and one exists.Please don't $session->start();
CRITICAL - 2022-03-02 06:27:55 --> Undefined index: record_url_ref_1
#0 /var/www/html/mymisdiagnosis/app/Controllers/Record.php(181): CodeIgniter\Debug\Exceptions->errorHandler(8, 'Undefined index...', '/var/www/html/m...', 181, Array)
#1 /var/www/html/mymisdiagnosis/system/CodeIgniter.php(936): App\Controllers\Record->display('572', 'psychogenic-att...')
#2 /var/www/html/mymisdiagnosis/system/CodeIgniter.php(432): CodeIgniter\CodeIgniter->runController(Object(App\Controllers\Record))
#3 /var/www/html/mymisdiagnosis/system/CodeIgniter.php(333): CodeIgniter\CodeIgniter->handleRequest(NULL, Object(Config\Cache), false)
#4 /var/www/html/mymisdiagnosis/index.php(44): CodeIgniter\CodeIgniter->run()
#5 {main}
INFO - 2022-03-02 06:30:22 --> Session: Class initialized using 'CodeIgniter\Session\Handlers\FileHandler' driver.
WARNING - 2022-03-02 06:30:22 --> Session: Sessions is enabled, and one exists.Please don't $session->start();
CRITICAL - 2022-03-02 06:30:22 --> Undefined index: record_url_ref_1
#0 /var/www/html/mymisdiagnosis/app/Views/record_individual.php(78): CodeIgniter\Debug\Exceptions->errorHandler(8, 'Undefined index...', '/var/www/html/m...', 78, Array)
#1 /var/www/html/mymisdiagnosis/system/View/View.php(220): include('/var/www/html/m...')
#2 /var/www/html/mymisdiagnosis/system/View/View.php(222): CodeIgniter\View\View->CodeIgniter\View\{closure}()
#3 /var/www/html/mymisdiagnosis/system/Common.php(1217): CodeIgniter\View\View->render('record_individu...', Array, true)
#4 /var/www/html/mymisdiagnosis/app/Controllers/Record.php(196): view('record_individu...', Array)
#5 /var/www/html/mymisdiagnosis/system/CodeIgniter.php(936): App\Controllers\Record->display('572', 'psychogenic-att...')
#6 /var/www/html/mymisdiagnosis/system/CodeIgniter.php(432): CodeIgniter\CodeIgniter->runController(Object(App\Controllers\Record))
#7 /var/www/html/mymisdiagnosis/system/CodeIgniter.php(333): CodeIgniter\CodeIgniter->handleRequest(NULL, Object(Config\Cache), false)
#8 /var/www/html/mymisdiagnosis/index.php(44): CodeIgniter\CodeIgniter->run()
#9 {main}
INFO - 2022-03-02 06:31:00 --> Session: Class initialized using 'CodeIgniter\Session\Handlers\FileHandler' driver.
WARNING - 2022-03-02 06:31:00 --> Session: Sessions is enabled, and one exists.Please don't $session->start();
INFO - 2022-03-02 06:32:19 --> Session: Class initialized using 'CodeIgniter\Session\Handlers\FileHandler' driver.
WARNING - 2022-03-02 06:32:19 --> Session: Sessions is enabled, and one exists.Please don't $session->start();
INFO - 2022-03-02 06:35:17 --> Session: Class initialized using 'CodeIgniter\Session\Handlers\FileHandler' driver.
WARNING - 2022-03-02 06:35:17 --> Session: Sessions is enabled, and one exists.Please don't $session->start();
INFO - 2022-03-02 06:37:45 --> Session: Class initialized using 'CodeIgniter\Session\Handlers\FileHandler' driver.
WARNING - 2022-03-02 06:37:45 --> Session: Sessions is enabled, and one exists.Please don't $session->start();
INFO - 2022-03-02 10:23:14 --> Session: Class initialized using 'CodeIgniter\Session\Handlers\FileHandler' driver.
WARNING - 2022-03-02 10:23:14 --> Session: Sessions is enabled, and one exists.Please don't $session->start();
INFO - 2022-03-02 10:23:19 --> Session: Class initialized using 'CodeIgniter\Session\Handlers\FileHandler' driver.
INFO - 2022-03-02 10:23:21 --> Session: Class initialized using 'CodeIgniter\Session\Handlers\FileHandler' driver.
INFO - 2022-03-02 10:23:24 --> Session: Class initialized using 'CodeIgniter\Session\Handlers\FileHandler' driver.
WARNING - 2022-03-02 10:23:24 --> Session: Sessions is enabled, and one exists.Please don't $session->start();
INFO - 2022-03-02 10:24:13 --> Session: Class initialized using 'CodeIgniter\Session\Handlers\FileHandler' driver.
WARNING - 2022-03-02 10:24:13 --> Session: Sessions is enabled, and one exists.Please don't $session->start();
INFO - 2022-03-02 10:24:17 --> Session: Class initialized using 'CodeIgniter\Session\Handlers\FileHandler' driver.
WARNING - 2022-03-02 10:24:17 --> Session: Sessions is enabled, and one exists.Please don't $session->start();
INFO - 2022-03-02 10:28:03 --> Session: Class initialized using 'CodeIgniter\Session\Handlers\FileHandler' driver.
WARNING - 2022-03-02 10:28:03 --> Session: Sessions is enabled, and one exists.Please don't $session->start();
CRITICAL - 2022-03-02 10:28:03 --> syntax error, unexpected '.'
#0 /var/www/html/mymisdiagnosis/system/View/View.php(222): CodeIgniter\View\View->CodeIgniter\View\{closure}()
#1 /var/www/html/mymisdiagnosis/system/Common.php(1217): CodeIgniter\View\View->render('record_individu...', Array, true)
#2 /var/www/html/mymisdiagnosis/app/Controllers/Record.php(197): view('record_individu...', Array)
#3 /var/www/html/mymisdiagnosis/system/CodeIgniter.php(936): App\Controllers\Record->display('572', 'psychogenic-att...')
#4 /var/www/html/mymisdiagnosis/system/CodeIgniter.php(432): CodeIgniter\CodeIgniter->runController(Object(App\Controllers\Record))
#5 /var/www/html/mymisdiagnosis/system/CodeIgniter.php(333): CodeIgniter\CodeIgniter->handleRequest(NULL, Object(Config\Cache), false)
#6 /var/www/html/mymisdiagnosis/index.php(44): CodeIgniter\CodeIgniter->run()
#7 {main}
INFO - 2022-03-02 10:28:21 --> Session: Class initialized using 'CodeIgniter\Session\Handlers\FileHandler' driver.
WARNING - 2022-03-02 10:28:21 --> Session: Sessions is enabled, and one exists.Please don't $session->start();
CRITICAL - 2022-03-02 10:28:21 --> syntax error, unexpected '.'
#0 /var/www/html/mymisdiagnosis/system/View/View.php(222): CodeIgniter\View\View->CodeIgniter\View\{closure}()
#1 /var/www/html/mymisdiagnosis/system/Common.php(1217): CodeIgniter\View\View->render('record_individu...', Array, true)
#2 /var/www/html/mymisdiagnosis/app/Controllers/Record.php(197): view('record_individu...', Array)
#3 /var/www/html/mymisdiagnosis/system/CodeIgniter.php(936): App\Controllers\Record->display('572', 'psychogenic-att...')
#4 /var/www/html/mymisdiagnosis/system/CodeIgniter.php(432): CodeIgniter\CodeIgniter->runController(Object(App\Controllers\Record))
#5 /var/www/html/mymisdiagnosis/system/CodeIgniter.php(333): CodeIgniter\CodeIgniter->handleRequest(NULL, Object(Config\Cache), false)
#6 /var/www/html/mymisdiagnosis/index.php(44): CodeIgniter\CodeIgniter->run()
#7 {main}
INFO - 2022-03-02 10:30:02 --> Session: Class initialized using 'CodeIgniter\Session\Handlers\FileHandler' driver.
WARNING - 2022-03-02 10:30:02 --> Session: Sessions is enabled, and one exists.Please don't $session->start();
INFO - 2022-03-02 10:31:24 --> Session: Class initialized using 'CodeIgniter\Session\Handlers\FileHandler' driver.
WARNING - 2022-03-02 10:31:24 --> Session: Sessions is enabled, and one exists.Please don't $session->start();
INFO - 2022-03-02 10:32:37 --> Session: Class initialized using 'CodeIgniter\Session\Handlers\FileHandler' driver.
WARNING - 2022-03-02 10:32:37 --> Session: Sessions is enabled, and one exists.Please don't $session->start();
INFO - 2022-03-02 10:33:23 --> Session: Class initialized using 'CodeIgniter\Session\Handlers\FileHandler' driver.
WARNING - 2022-03-02 10:33:23 --> Session: Sessions is enabled, and one exists.Please don't $session->start();
CRITICAL - 2022-03-02 10:33:23 --> syntax error, unexpected '<'
#0 /var/www/html/mymisdiagnosis/system/View/View.php(222): CodeIgniter\View\View->CodeIgniter\View\{closure}()
#1 /var/www/html/mymisdiagnosis/system/Common.php(1217): CodeIgniter\View\View->render('record_individu...', Array, true)
#2 /var/www/html/mymisdiagnosis/app/Controllers/Record.php(197): view('record_individu...', Array)
#3 /var/www/html/mymisdiagnosis/system/CodeIgniter.php(936): App\Controllers\Record->display('572', 'psychogenic-att...')
#4 /var/www/html/mymisdiagnosis/system/CodeIgniter.php(432): CodeIgniter\CodeIgniter->runController(Object(App\Controllers\Record))
#5 /var/www/html/mymisdiagnosis/system/CodeIgniter.php(333): CodeIgniter\CodeIgniter->handleRequest(NULL, Object(Config\Cache), false)
#6 /var/www/html/mymisdiagnosis/index.php(44): CodeIgniter\CodeIgniter->run()
#7 {main}
INFO - 2022-03-02 10:33:57 --> Session: Class initialized using 'CodeIgniter\Session\Handlers\FileHandler' driver.
WARNING - 2022-03-02 10:33:57 --> Session: Sessions is enabled, and one exists.Please don't $session->start();
INFO - 2022-03-02 10:36:49 --> Session: Class initialized using 'CodeIgniter\Session\Handlers\FileHandler' driver.
WARNING - 2022-03-02 10:36:49 --> Session: Sessions is enabled, and one exists.Please don't $session->start();
INFO - 2022-03-02 10:37:35 --> Session: Class initialized using 'CodeIgniter\Session\Handlers\FileHandler' driver.
WARNING - 2022-03-02 10:37:35 --> Session: Sessions is enabled, and one exists.Please don't $session->start();
INFO - 2022-03-02 10:42:33 --> Session: Class initialized using 'CodeIgniter\Session\Handlers\FileHandler' driver.
WARNING - 2022-03-02 10:42:33 --> Session: Sessions is enabled, and one exists.Please don't $session->start();
CRITICAL - 2022-03-02 10:42:33 --> syntax error, unexpected 'endforeach' (T_ENDFOREACH)
#0 /var/www/html/mymisdiagnosis/system/View/View.php(222): CodeIgniter\View\View->CodeIgniter\View\{closure}()
#1 /var/www/html/mymisdiagnosis/system/Common.php(1217): CodeIgniter\View\View->render('record_individu...', Array, true)
#2 /var/www/html/mymisdiagnosis/app/Controllers/Record.php(197): view('record_individu...', Array)
#3 /var/www/html/mymisdiagnosis/system/CodeIgniter.php(936): App\Controllers\Record->display('572', 'psychogenic-att...')
#4 /var/www/html/mymisdiagnosis/system/CodeIgniter.php(432): CodeIgniter\CodeIgniter->runController(Object(App\Controllers\Record))
#5 /var/www/html/mymisdiagnosis/system/CodeIgniter.php(333): CodeIgniter\CodeIgniter->handleRequest(NULL, Object(Config\Cache), false)
#6 /var/www/html/mymisdiagnosis/index.php(44): CodeIgniter\CodeIgniter->run()
#7 {main}
INFO - 2022-03-02 10:43:09 --> Session: Class initialized using 'CodeIgniter\Session\Handlers\FileHandler' driver.
WARNING - 2022-03-02 10:43:09 --> Session: Sessions is enabled, and one exists.Please don't $session->start();
INFO - 2022-03-02 10:43:26 --> Session: Class initialized using 'CodeIgniter\Session\Handlers\FileHandler' driver.
WARNING - 2022-03-02 10:43:26 --> Session: Sessions is enabled, and one exists.Please don't $session->start();
INFO - 2022-03-02 10:43:38 --> Session: Class initialized using 'CodeIgniter\Session\Handlers\FileHandler' driver.
WARNING - 2022-03-02 10:43:38 --> Session: Sessions is enabled, and one exists.Please don't $session->start();
INFO - 2022-03-02 10:44:00 --> Session: Class initialized using 'CodeIgniter\Session\Handlers\FileHandler' driver.
WARNING - 2022-03-02 10:44:00 --> Session: Sessions is enabled, and one exists.Please don't $session->start();
INFO - 2022-03-02 10:46:48 --> Session: Class initialized using 'CodeIgniter\Session\Handlers\FileHandler' driver.
WARNING - 2022-03-02 10:46:48 --> Session: Sessions is enabled, and one exists.Please don't $session->start();
INFO - 2022-03-02 10:47:42 --> Session: Class initialized using 'CodeIgniter\Session\Handlers\FileHandler' driver.
WARNING - 2022-03-02 10:47:42 --> Session: Sessions is enabled, and one exists.Please don't $session->start();
INFO - 2022-03-02 10:49:01 --> Session: Class initialized using 'CodeIgniter\Session\Handlers\FileHandler' driver.
INFO - 2022-03-02 10:49:01 --> Session: Class initialized using 'CodeIgniter\Session\Handlers\FileHandler' driver.
WARNING - 2022-03-02 10:49:01 --> Session: Sessions is enabled, and one exists.Please don't $session->start();
INFO - 2022-03-02 10:49:06 --> Session: Class initialized using 'CodeIgniter\Session\Handlers\FileHandler' driver.
INFO - 2022-03-02 10:49:08 --> Session: Class initialized using 'CodeIgniter\Session\Handlers\FileHandler' driver.
INFO - 2022-03-02 10:49:09 --> Session: Class initialized using 'CodeIgniter\Session\Handlers\FileHandler' driver.
WARNING - 2022-03-02 10:49:09 --> Session: Sessions is enabled, and one exists.Please don't $session->start();
INFO - 2022-03-02 10:51:54 --> Session: Class initialized using 'CodeIgniter\Session\Handlers\FileHandler' driver.
WARNING - 2022-03-02 10:51:54 --> Session: Sessions is enabled, and one exists.Please don't $session->start();
INFO - 2022-03-02 10:53:10 --> Session: Class initialized using 'CodeIgniter\Session\Handlers\FileHandler' driver.
WARNING - 2022-03-02 10:53:10 --> Session: Sessions is enabled, and one exists.Please don't $session->start();
INFO - 2022-03-02 10:53:19 --> Session: Class initialized using 'CodeIgniter\Session\Handlers\FileHandler' driver.
INFO - 2022-03-02 10:53:22 --> Session: Class initialized using 'CodeIgniter\Session\Handlers\FileHandler' driver.
INFO - 2022-03-02 10:53:24 --> Session: Class initialized using 'CodeIgniter\Session\Handlers\FileHandler' driver.
WARNING - 2022-03-02 10:53:25 --> Session: Sessions is enabled, and one exists.Please don't $session->start();
INFO - 2022-03-02 10:58:23 --> Session: Class initialized using 'CodeIgniter\Session\Handlers\FileHandler' driver.
WARNING - 2022-03-02 10:58:23 --> Session: Sessions is enabled, and one exists.Please don't $session->start();
INFO - 2022-03-02 11:14:59 --> Session: Class initialized using 'CodeIgniter\Session\Handlers\FileHandler' driver.
WARNING - 2022-03-02 11:14:59 --> Session: Sessions is enabled, and one exists.Please don't $session->start();
INFO - 2022-03-02 11:15:02 --> Session: Class initialized using 'CodeIgniter\Session\Handlers\FileHandler' driver.
INFO - 2022-03-02 11:15:03 --> Session: Class initialized using 'CodeIgniter\Session\Handlers\FileHandler' driver.
INFO - 2022-03-02 11:15:05 --> Session: Class initialized using 'CodeIgniter\Session\Handlers\FileHandler' driver.
WARNING - 2022-03-02 11:15:05 --> Session: Sessions is enabled, and one exists.Please don't $session->start();
INFO - 2022-03-02 11:16:40 --> Session: Class initialized using 'CodeIgniter\Session\Handlers\FileHandler' driver.
WARNING - 2022-03-02 11:16:40 --> Session: Sessions is enabled, and one exists.Please don't $session->start();
INFO - 2022-03-02 11:16:41 --> Session: Class initialized using 'CodeIgniter\Session\Handlers\FileHandler' driver.
WARNING - 2022-03-02 11:16:41 --> Session: Sessions is enabled, and one exists.Please don't $session->start();
INFO - 2022-03-02 11:16:56 --> Session: Class initialized using 'CodeIgniter\Session\Handlers\FileHandler' driver.
WARNING - 2022-03-02 11:16:56 --> Session: Sessions is enabled, and one exists.Please don't $session->start();
INFO - 2022-03-02 11:17:49 --> Session: Class initialized using 'CodeIgniter\Session\Handlers\FileHandler' driver.
WARNING - 2022-03-02 11:17:49 --> Session: Sessions is enabled, and one exists.Please don't $session->start();
INFO - 2022-03-02 11:18:32 --> Session: Class initialized using 'CodeIgniter\Session\Handlers\FileHandler' driver.
WARNING - 2022-03-02 11:18:32 --> Session: Sessions is enabled, and one exists.Please don't $session->start();
INFO - 2022-03-02 11:18:34 --> Session: Class initialized using 'CodeIgniter\Session\Handlers\FileHandler' driver.
WARNING - 2022-03-02 11:18:34 --> Session: Sessions is enabled, and one exists.Please don't $session->start();
INFO - 2022-03-02 11:19:03 --> Session: Class initialized using 'CodeIgniter\Session\Handlers\FileHandler' driver.
WARNING - 2022-03-02 11:19:03 --> Session: Sessions is enabled, and one exists.Please don't $session->start();
INFO - 2022-03-02 11:19:48 --> Session: Class initialized using 'CodeIgniter\Session\Handlers\FileHandler' driver.
WARNING - 2022-03-02 11:19:48 --> Session: Sessions is enabled, and one exists.Please don't $session->start();
INFO - 2022-03-02 11:21:37 --> Session: Class initialized using 'CodeIgniter\Session\Handlers\FileHandler' driver.
WARNING - 2022-03-02 11:21:37 --> Session: Sessions is enabled, and one exists.Please don't $session->start();
INFO - 2022-03-02 12:25:49 --> Session: Class initialized using 'CodeIgniter\Session\Handlers\FileHandler' driver.
WARNING - 2022-03-02 12:25:49 --> Session: Sessions is enabled, and one exists.Please don't $session->start();
INFO - 2022-03-02 12:25:51 --> Session: Class initialized using 'CodeIgniter\Session\Handlers\FileHandler' driver.
INFO - 2022-03-02 12:25:53 --> Session: Class initialized using 'CodeIgniter\Session\Handlers\FileHandler' driver.
INFO - 2022-03-02 12:25:58 --> Session: Class initialized using 'CodeIgniter\Session\Handlers\FileHandler' driver.
WARNING - 2022-03-02 12:25:58 --> Session: Sessions is enabled, and one exists.Please don't $session->start();
INFO - 2022-03-02 12:26:52 --> Session: Class initialized using 'CodeIgniter\Session\Handlers\FileHandler' driver.
INFO - 2022-03-02 12:28:35 --> Session: Class initialized using 'CodeIgniter\Session\Handlers\FileHandler' driver.
INFO - 2022-03-02 12:28:48 --> Session: Class initialized using 'CodeIgniter\Session\Handlers\FileHandler' driver.
WARNING - 2022-03-02 12:28:48 --> Session: Sessions is enabled, and one exists.Please don't $session->start();
INFO - 2022-03-02 12:28:53 --> Session: Class initialized using 'CodeIgniter\Session\Handlers\FileHandler' driver.
WARNING - 2022-03-02 12:28:53 --> Session: Sessions is enabled, and one exists.Please don't $session->start();
INFO - 2022-03-02 12:30:27 --> Session: Class initialized using 'CodeIgniter\Session\Handlers\FileHandler' driver.
INFO - 2022-03-02 12:30:34 --> Session: Class initialized using 'CodeIgniter\Session\Handlers\FileHandler' driver.
WARNING - 2022-03-02 12:30:34 --> Session: Sessions is enabled, and one exists.Please don't $session->start();
INFO - 2022-03-02 12:31:30 --> Session: Class initialized using 'CodeIgniter\Session\Handlers\FileHandler' driver.
WARNING - 2022-03-02 12:31:30 --> Session: Sessions is enabled, and one exists.Please don't $session->start();
INFO - 2022-03-02 12:31:35 --> Session: Class initialized using 'CodeIgniter\Session\Handlers\FileHandler' driver.
INFO - 2022-03-02 12:32:03 --> Session: Class initialized using 'CodeIgniter\Session\Handlers\FileHandler' driver.
WARNING - 2022-03-02 12:32:03 --> Session: Sessions is enabled, and one exists.Please don't $session->start();
INFO - 2022-03-02 12:33:56 --> Session: Class initialized using 'CodeIgniter\Session\Handlers\FileHandler' driver.
INFO - 2022-03-02 12:33:59 --> Session: Class initialized using 'CodeIgniter\Session\Handlers\FileHandler' driver.
INFO - 2022-03-02 13:18:42 --> Session: Class initialized using 'CodeIgniter\Session\Handlers\FileHandler' driver.
WARNING - 2022-03-02 13:18:42 --> Session: Sessions is enabled, and one exists.Please don't $session->start();
INFO - 2022-03-02 13:19:54 --> Session: Class initialized using 'CodeIgniter\Session\Handlers\FileHandler' driver.
WARNING - 2022-03-02 13:19:54 --> Session: Sessions is enabled, and one exists.Please don't $session->start();
INFO - 2022-03-02 13:21:07 --> Session: Class initialized using 'CodeIgniter\Session\Handlers\FileHandler' driver.
INFO - 2022-03-02 13:21:12 --> Session: Class initialized using 'CodeIgniter\Session\Handlers\FileHandler' driver.
WARNING - 2022-03-02 13:21:12 --> Session: Sessions is enabled, and one exists.Please don't $session->start();
CRITICAL - 2022-03-02 13:21:12 --> A non-numeric value encountered
#0 /var/www/html/mymisdiagnosis/app/Controllers/Record.php(188): CodeIgniter\Debug\Exceptions->errorHandler(2, 'A non-numeric v...', '/var/www/html/m...', 188, Array)
#1 /var/www/html/mymisdiagnosis/system/CodeIgniter.php(936): App\Controllers\Record->display('373', 'diverticulitis')
#2 /var/www/html/mymisdiagnosis/system/CodeIgniter.php(432): CodeIgniter\CodeIgniter->runController(Object(App\Controllers\Record))
#3 /var/www/html/mymisdiagnosis/system/CodeIgniter.php(333): CodeIgniter\CodeIgniter->handleRequest(NULL, Object(Config\Cache), false)
#4 /var/www/html/mymisdiagnosis/index.php(44): CodeIgniter\CodeIgniter->run()
#5 {main}
INFO - 2022-03-02 13:21:40 --> Session: Class initialized using 'CodeIgniter\Session\Handlers\FileHandler' driver.
WARNING - 2022-03-02 13:21:40 --> Session: Sessions is enabled, and one exists.Please don't $session->start();
INFO - 2022-03-02 13:22:39 --> Session: Class initialized using 'CodeIgniter\Session\Handlers\FileHandler' driver.
WARNING - 2022-03-02 13:22:39 --> Session: Sessions is enabled, and one exists.Please don't $session->start();
INFO - 2022-03-02 13:23:12 --> Session: Class initialized using 'CodeIgniter\Session\Handlers\FileHandler' driver.
WARNING - 2022-03-02 13:23:12 --> Session: Sessions is enabled, and one exists.Please don't $session->start();
